2026-07-19T10:28:51+00:00 START tsp-full-r3 cpu=4 attempt=1
tsp control_matrix_best_find train seed=1 rep=0: SOLVED 0.291859s
tsp control_matrix_best_find train seed=1 rep=1: SOLVED 0.294072s
tsp control_matrix_best_find train seed=1 rep=2: SOLVED 0.287944s
tsp control_matrix_best_find train seed=2 rep=0: SOLVED 1.670267s
tsp control_matrix_best_find train seed=2 rep=1: SOLVED 1.625129s
tsp control_matrix_best_find train seed=2 rep=2: SOLVED 1.643646s
tsp control_matrix_best_find train seed=3 rep=0: SOLVED 1.296819s
tsp control_matrix_best_find train seed=3 rep=1: SOLVED 1.297309s
tsp control_matrix_best_find train seed=3 rep=2: SOLVED 1.298804s
tsp control_matrix_best_find train seed=4 rep=0: SOLVED 0.106463s
tsp control_matrix_best_find train seed=4 rep=1: SOLVED 0.106424s
tsp control_matrix_best_find train seed=4 rep=2: SOLVED 0.105937s
tsp control_matrix_best_find train seed=5 rep=0: SOLVED 0.895060s
tsp control_matrix_best_find train seed=5 rep=1: SOLVED 0.887109s
tsp control_matrix_best_find train seed=5 rep=2: SOLVED 0.879352s
tsp control_matrix_best_find train seed=6 rep=0: SOLVED 1.553361s
tsp control_matrix_best_find train seed=6 rep=1: SOLVED 1.563385s
tsp control_matrix_best_find train seed=6 rep=2: SOLVED 1.553259s
tsp control_matrix_best_find train seed=7 rep=0: SOLVED 1.350096s
tsp control_matrix_best_find train seed=7 rep=1: SOLVED 1.356476s
tsp control_matrix_best_find train seed=7 rep=2: SOLVED 1.380393s
tsp control_matrix_best_find heldout seed=8 rep=0: SOLVED 1.547938s
tsp control_matrix_best_find heldout seed=8 rep=1: SOLVED 1.538296s
tsp control_matrix_best_find heldout seed=8 rep=2: SOLVED 1.535105s
tsp control_matrix_best_find heldout seed=9 rep=0: SOLVED 0.246488s
tsp control_matrix_best_find heldout seed=9 rep=1: SOLVED 0.248566s
tsp control_matrix_best_find heldout seed=9 rep=2: SOLVED 0.244604s
tsp control_matrix_best_find heldout seed=10 rep=0: SOLVED 0.238284s
tsp control_matrix_best_find heldout seed=10 rep=1: SOLVED 0.240408s
tsp control_matrix_best_find heldout seed=10 rep=2: SOLVED 0.242639s
tsp control_matrix_best_find heldout seed=11 rep=0: SOLVED 0.146955s
tsp control_matrix_best_find heldout seed=11 rep=1: SOLVED 0.147292s
tsp control_matrix_best_find heldout seed=11 rep=2: SOLVED 0.148153s
tsp control_matrix_best_find heldout seed=12 rep=0: SOLVED 0.107780s
tsp control_matrix_best_find heldout seed=12 rep=1: SOLVED 0.108222s
tsp control_matrix_best_find heldout seed=12 rep=2: SOLVED 0.112007s
tsp control_matrix_best_find heldout seed=13 rep=0: SOLVED 0.777433s
tsp control_matrix_best_find heldout seed=13 rep=1: SOLVED 0.767464s
tsp control_matrix_best_find heldout seed=13 rep=2: SOLVED 0.773364s
tsp control_matrix_best_find heldout seed=14 rep=0: SOLVED 1.305045s
tsp control_matrix_best_find heldout seed=14 rep=1: SOLVED 1.311224s
tsp control_matrix_best_find heldout seed=14 rep=2: SOLVED 1.313459s
tsp control_matrix_best_find heldout seed=15 rep=0: SOLVED 1.571576s
tsp control_matrix_best_find heldout seed=15 rep=1: SOLVED 1.540752s
tsp control_matrix_best_find heldout seed=15 rep=2: SOLVED 1.565406s
tsp control_matrix_best_find heldout seed=16 rep=0: SOLVED 0.730092s
tsp control_matrix_best_find heldout seed=16 rep=1: SOLVED 0.730567s
tsp control_matrix_best_find heldout seed=16 rep=2: SOLVED 0.730316s
tsp control_matrix_best_find heldout seed=17 rep=0: SOLVED 0.108222s
tsp control_matrix_best_find heldout seed=17 rep=1: SOLVED 0.108200s
tsp control_matrix_best_find heldout seed=17 rep=2: SOLVED 0.107965s
tsp control_matrix_best_find heldout seed=18 rep=0: SOLVED 1.576717s
tsp control_matrix_best_find heldout seed=18 rep=1: SOLVED 1.570138s
tsp control_matrix_best_find heldout seed=18 rep=2: SOLVED 1.626531s
tsp control_matrix_best_find heldout seed=19 rep=0: SOLVED 1.411207s
tsp control_matrix_best_find heldout seed=19 rep=1: SOLVED 1.411680s
tsp control_matrix_best_find heldout seed=19 rep=2: SOLVED 1.407384s
tsp control_matrix_best_find heldout seed=20 rep=0: SOLVED 0.885476s
tsp control_matrix_best_find heldout seed=20 rep=1: SOLVED 0.889186s
tsp control_matrix_best_find heldout seed=20 rep=2: SOLVED 0.887566s
tsp control_matrix_best_find heldout seed=21 rep=0: SOLVED 0.915926s
tsp control_matrix_best_find heldout seed=21 rep=1: SOLVED 0.943229s
tsp control_matrix_best_find heldout seed=21 rep=2: SOLVED 0.924271s
tsp control_matrix_best_find heldout seed=22 rep=0: SOLVED 0.245943s
tsp control_matrix_best_find heldout seed=22 rep=1: SOLVED 0.243971s
tsp control_matrix_best_find heldout seed=22 rep=2: SOLVED 0.242618s
tsp control_matrix_best_find heldout seed=23 rep=0: SOLVED 0.259756s
tsp control_matrix_best_find heldout seed=23 rep=1: SOLVED 0.255737s
tsp control_matrix_best_find heldout seed=23 rep=2: SOLVED 0.254803s
tsp control_matrix_best_find heldout seed=24 rep=0: SOLVED 0.249107s
tsp control_matrix_best_find heldout seed=24 rep=1: SOLVED 0.253597s
tsp control_matrix_best_find heldout seed=24 rep=2: SOLVED 0.251119s
tsp control_matrix_best_find heldout seed=25 rep=0: SOLVED 0.883194s
tsp control_matrix_best_find heldout seed=25 rep=1: SOLVED 0.882974s
tsp control_matrix_best_find heldout seed=25 rep=2: SOLVED 0.880851s
tsp control_matrix_best_find heldout seed=26 rep=0: SOLVED 1.618606s
tsp control_matrix_best_find heldout seed=26 rep=1: SOLVED 1.612819s
tsp control_matrix_best_find heldout seed=26 rep=2: SOLVED 1.634055s
tsp control_matrix_best_find heldout seed=27 rep=0: SOLVED 0.724004s
tsp control_matrix_best_find heldout seed=27 rep=1: SOLVED 0.717202s
tsp control_matrix_best_find heldout seed=27 rep=2: SOLVED 0.721156s
tsp control_matrix_best_find heldout seed=28 rep=0: SOLVED 0.285895s
tsp control_matrix_best_find heldout seed=28 rep=1: SOLVED 0.284888s
tsp control_matrix_best_find heldout seed=28 rep=2: SOLVED 0.286374s
tsp control_matrix_best_find heldout seed=29 rep=0: SOLVED 0.065447s
tsp control_matrix_best_find heldout seed=29 rep=1: SOLVED 0.065026s
tsp control_matrix_best_find heldout seed=29 rep=2: SOLVED 0.061836s
tsp control_matrix_best_find heldout seed=30 rep=0: SOLVED 1.685703s
tsp control_matrix_best_find heldout seed=30 rep=1: SOLVED 1.683639s
tsp control_matrix_best_find heldout seed=30 rep=2: SOLVED 1.656797s
tsp control_matrix_best_heldout train seed=1 rep=0: SOLVED 1.116034s
tsp control_matrix_best_heldout train seed=1 rep=1: SOLVED 1.113989s
tsp control_matrix_best_heldout train seed=1 rep=2: SOLVED 1.119475s
tsp control_matrix_best_heldout train seed=2 rep=0: SOLVED 0.876152s
tsp control_matrix_best_heldout train seed=2 rep=1: SOLVED 0.874908s
tsp control_matrix_best_heldout train seed=2 rep=2: SOLVED 0.875692s
tsp control_matrix_best_heldout train seed=3 rep=0: SOLVED 1.095941s
tsp control_matrix_best_heldout train seed=3 rep=1: SOLVED 1.102169s
tsp control_matrix_best_heldout train seed=3 rep=2: SOLVED 1.098913s
tsp control_matrix_best_heldout train seed=4 rep=0: SOLVED 0.930002s
tsp control_matrix_best_heldout train seed=4 rep=1: SOLVED 0.931197s
tsp control_matrix_best_heldout train seed=4 rep=2: SOLVED 0.927823s
tsp control_matrix_best_heldout train seed=5 rep=0: SOLVED 0.943728s
tsp control_matrix_best_heldout train seed=5 rep=1: SOLVED 0.943975s
tsp control_matrix_best_heldout train seed=5 rep=2: SOLVED 0.942936s
tsp control_matrix_best_heldout train seed=6 rep=0: SOLVED 0.871745s
tsp control_matrix_best_heldout train seed=6 rep=1: SOLVED 0.867492s
tsp control_matrix_best_heldout train seed=6 rep=2: SOLVED 0.869775s
tsp control_matrix_best_heldout train seed=7 rep=0: SOLVED 1.117696s
tsp control_matrix_best_heldout train seed=7 rep=1: SOLVED 1.119561s
tsp control_matrix_best_heldout train seed=7 rep=2: SOLVED 1.126742s
tsp control_matrix_best_heldout heldout seed=8 rep=0: SOLVED 0.998348s
tsp control_matrix_best_heldout heldout seed=8 rep=1: SOLVED 1.029844s
tsp control_matrix_best_heldout heldout seed=8 rep=2: SOLVED 1.004144s
tsp control_matrix_best_heldout heldout seed=9 rep=0: SOLVED 1.084650s
tsp control_matrix_best_heldout heldout seed=9 rep=1: SOLVED 1.084346s
tsp control_matrix_best_heldout heldout seed=9 rep=2: SOLVED 1.086919s
tsp control_matrix_best_heldout heldout seed=10 rep=0: SOLVED 0.712086s
tsp control_matrix_best_heldout heldout seed=10 rep=1: SOLVED 0.707753s
tsp control_matrix_best_heldout heldout seed=10 rep=2: SOLVED 0.705902s
tsp control_matrix_best_heldout heldout seed=11 rep=0: SOLVED 0.986472s
tsp control_matrix_best_heldout heldout seed=11 rep=1: SOLVED 1.007127s
tsp control_matrix_best_heldout heldout seed=11 rep=2: SOLVED 0.999656s
tsp control_matrix_best_heldout heldout seed=12 rep=0: SOLVED 0.980328s
tsp control_matrix_best_heldout heldout seed=12 rep=1: SOLVED 1.002545s
tsp control_matrix_best_heldout heldout seed=12 rep=2: SOLVED 0.986413s
tsp control_matrix_best_heldout heldout seed=13 rep=0: SOLVED 1.260791s
tsp control_matrix_best_heldout heldout seed=13 rep=1: SOLVED 1.259265s
tsp control_matrix_best_heldout heldout seed=13 rep=2: SOLVED 1.250038s
tsp control_matrix_best_heldout heldout seed=14 rep=0: SOLVED 1.149467s
tsp control_matrix_best_heldout heldout seed=14 rep=1: SOLVED 1.147675s
tsp control_matrix_best_heldout heldout seed=14 rep=2: SOLVED 1.146778s
tsp control_matrix_best_heldout heldout seed=15 rep=0: SOLVED 1.487276s
tsp control_matrix_best_heldout heldout seed=15 rep=1: SOLVED 1.487468s
tsp control_matrix_best_heldout heldout seed=15 rep=2: SOLVED 1.483826s
tsp control_matrix_best_heldout heldout seed=16 rep=0: SOLVED 1.092772s
tsp control_matrix_best_heldout heldout seed=16 rep=1: SOLVED 1.093713s
tsp control_matrix_best_heldout heldout seed=16 rep=2: SOLVED 1.092524s
tsp control_matrix_best_heldout heldout seed=17 rep=0: SOLVED 1.001707s
tsp control_matrix_best_heldout heldout seed=17 rep=1: SOLVED 1.007883s
tsp control_matrix_best_heldout heldout seed=17 rep=2: SOLVED 1.012407s
tsp control_matrix_best_heldout heldout seed=18 rep=0: SOLVED 0.644267s
tsp control_matrix_best_heldout heldout seed=18 rep=1: SOLVED 0.636829s
tsp control_matrix_best_heldout heldout seed=18 rep=2: SOLVED 0.629773s
tsp control_matrix_best_heldout heldout seed=19 rep=0: SOLVED 1.516686s
tsp control_matrix_best_heldout heldout seed=19 rep=1: SOLVED 1.518215s
tsp control_matrix_best_heldout heldout seed=19 rep=2: SOLVED 1.557337s
tsp control_matrix_best_heldout heldout seed=20 rep=0: SOLVED 0.777768s
tsp control_matrix_best_heldout heldout seed=20 rep=1: SOLVED 0.773672s
tsp control_matrix_best_heldout heldout seed=20 rep=2: SOLVED 0.782096s
tsp control_matrix_best_heldout heldout seed=21 rep=0: SOLVED 0.559305s
tsp control_matrix_best_heldout heldout seed=21 rep=1: SOLVED 0.530340s
tsp control_matrix_best_heldout heldout seed=21 rep=2: SOLVED 0.541448s
tsp control_matrix_best_heldout heldout seed=22 rep=0: SOLVED 0.646437s
tsp control_matrix_best_heldout heldout seed=22 rep=1: SOLVED 0.662131s
tsp control_matrix_best_heldout heldout seed=22 rep=2: SOLVED 0.642197s
tsp control_matrix_best_heldout heldout seed=23 rep=0: SOLVED 0.824005s
tsp control_matrix_best_heldout heldout seed=23 rep=1: SOLVED 0.814912s
tsp control_matrix_best_heldout heldout seed=23 rep=2: SOLVED 0.816488s
tsp control_matrix_best_heldout heldout seed=24 rep=0: SOLVED 0.689144s
tsp control_matrix_best_heldout heldout seed=24 rep=1: SOLVED 0.689307s
tsp control_matrix_best_heldout heldout seed=24 rep=2: SOLVED 0.725050s
tsp control_matrix_best_heldout heldout seed=25 rep=0: SOLVED 0.543665s
tsp control_matrix_best_heldout heldout seed=25 rep=1: SOLVED 0.535582s
tsp control_matrix_best_heldout heldout seed=25 rep=2: SOLVED 0.550530s
tsp control_matrix_best_heldout heldout seed=26 rep=0: SOLVED 0.630047s
tsp control_matrix_best_heldout heldout seed=26 rep=1: SOLVED 0.631755s
tsp control_matrix_best_heldout heldout seed=26 rep=2: SOLVED 0.643799s
tsp control_matrix_best_heldout heldout seed=27 rep=0: SOLVED 1.033486s
tsp control_matrix_best_heldout heldout seed=27 rep=1: SOLVED 1.034992s
tsp control_matrix_best_heldout heldout seed=27 rep=2: SOLVED 1.020589s
tsp control_matrix_best_heldout heldout seed=28 rep=0: SOLVED 0.524307s
tsp control_matrix_best_heldout heldout seed=28 rep=1: SOLVED 0.528961s
tsp control_matrix_best_heldout heldout seed=28 rep=2: SOLVED 0.530010s
tsp control_matrix_best_heldout heldout seed=29 rep=0: SOLVED 0.899810s
tsp control_matrix_best_heldout heldout seed=29 rep=1: SOLVED 0.840880s
tsp control_matrix_best_heldout heldout seed=29 rep=2: SOLVED 0.846332s
tsp control_matrix_best_heldout heldout seed=30 rep=0: SOLVED 1.093201s
tsp control_matrix_best_heldout heldout seed=30 rep=1: SOLVED 1.093067s
tsp control_matrix_best_heldout heldout seed=30 rep=2: SOLVED 1.096197s
tsp control_random_euclidean train seed=1 rep=0: SOLVED 0.078865s
tsp control_random_euclidean train seed=1 rep=1: SOLVED 0.077252s
tsp control_random_euclidean train seed=1 rep=2: SOLVED 0.076919s
tsp control_random_euclidean train seed=2 rep=0: SOLVED 0.077629s
tsp control_random_euclidean train seed=2 rep=1: SOLVED 0.077255s
tsp control_random_euclidean train seed=2 rep=2: SOLVED 0.077535s
tsp control_random_euclidean train seed=3 rep=0: SOLVED 0.047986s
tsp control_random_euclidean train seed=3 rep=1: SOLVED 0.047867s
tsp control_random_euclidean train seed=3 rep=2: SOLVED 0.048373s
tsp control_random_euclidean train seed=4 rep=0: SOLVED 0.090898s
tsp control_random_euclidean train seed=4 rep=1: SOLVED 0.090352s
tsp control_random_euclidean train seed=4 rep=2: SOLVED 0.095500s
tsp control_random_euclidean train seed=5 rep=0: SOLVED 0.116824s
tsp control_random_euclidean train seed=5 rep=1: SOLVED 0.115439s
tsp control_random_euclidean train seed=5 rep=2: SOLVED 0.119312s
tsp control_random_euclidean train seed=6 rep=0: SOLVED 0.071926s
tsp control_random_euclidean train seed=6 rep=1: SOLVED 0.072449s
tsp control_random_euclidean train seed=6 rep=2: SOLVED 0.071783s
tsp control_random_euclidean train seed=7 rep=0: SOLVED 0.112406s
tsp control_random_euclidean train seed=7 rep=1: SOLVED 0.112768s
tsp control_random_euclidean train seed=7 rep=2: SOLVED 0.120062s
tsp control_random_euclidean heldout seed=8 rep=0: SOLVED 0.064735s
tsp control_random_euclidean heldout seed=8 rep=1: SOLVED 0.063278s
tsp control_random_euclidean heldout seed=8 rep=2: SOLVED 0.063138s
tsp control_random_euclidean heldout seed=9 rep=0: SOLVED 0.050539s
tsp control_random_euclidean heldout seed=9 rep=1: SOLVED 0.051201s
tsp control_random_euclidean heldout seed=9 rep=2: SOLVED 0.051017s
tsp control_random_euclidean heldout seed=10 rep=0: SOLVED 0.050402s
tsp control_random_euclidean heldout seed=10 rep=1: SOLVED 0.050671s
tsp control_random_euclidean heldout seed=10 rep=2: SOLVED 0.050980s
tsp control_random_euclidean heldout seed=11 rep=0: SOLVED 0.056623s
tsp control_random_euclidean heldout seed=11 rep=1: SOLVED 0.056585s
tsp control_random_euclidean heldout seed=11 rep=2: SOLVED 0.056836s
tsp control_random_euclidean heldout seed=12 rep=0: SOLVED 0.143125s
tsp control_random_euclidean heldout seed=12 rep=1: SOLVED 0.164536s
tsp control_random_euclidean heldout seed=12 rep=2: SOLVED 0.145184s
tsp control_random_euclidean heldout seed=13 rep=0: SOLVED 0.122412s
tsp control_random_euclidean heldout seed=13 rep=1: SOLVED 0.119062s
tsp control_random_euclidean heldout seed=13 rep=2: SOLVED 0.118851s
tsp control_random_euclidean heldout seed=14 rep=0: SOLVED 0.053616s
tsp control_random_euclidean heldout seed=14 rep=1: SOLVED 0.054002s
tsp control_random_euclidean heldout seed=14 rep=2: SOLVED 0.054069s
tsp control_random_euclidean heldout seed=15 rep=0: SOLVED 0.116762s
tsp control_random_euclidean heldout seed=15 rep=1: SOLVED 0.121882s
tsp control_random_euclidean heldout seed=15 rep=2: SOLVED 0.116347s
tsp control_random_euclidean heldout seed=16 rep=0: SOLVED 0.117056s
tsp control_random_euclidean heldout seed=16 rep=1: SOLVED 0.117192s
tsp control_random_euclidean heldout seed=16 rep=2: SOLVED 0.116961s
tsp control_random_euclidean heldout seed=17 rep=0: SOLVED 0.063719s
tsp control_random_euclidean heldout seed=17 rep=1: SOLVED 0.063822s
tsp control_random_euclidean heldout seed=17 rep=2: SOLVED 0.063765s
tsp control_random_euclidean heldout seed=18 rep=0: SOLVED 0.062234s
tsp control_random_euclidean heldout seed=18 rep=1: SOLVED 0.062220s
tsp control_random_euclidean heldout seed=18 rep=2: SOLVED 0.064982s
tsp control_random_euclidean heldout seed=19 rep=0: SOLVED 0.104040s
tsp control_random_euclidean heldout seed=19 rep=1: SOLVED 0.102355s
tsp control_random_euclidean heldout seed=19 rep=2: SOLVED 0.102480s
tsp control_random_euclidean heldout seed=20 rep=0: SOLVED 0.117017s
tsp control_random_euclidean heldout seed=20 rep=1: SOLVED 0.120827s
tsp control_random_euclidean heldout seed=20 rep=2: SOLVED 0.116613s
tsp control_random_euclidean heldout seed=21 rep=0: SOLVED 0.072568s
tsp control_random_euclidean heldout seed=21 rep=1: SOLVED 0.072496s
tsp control_random_euclidean heldout seed=21 rep=2: SOLVED 0.073290s
tsp control_random_euclidean heldout seed=22 rep=0: SOLVED 0.075100s
tsp control_random_euclidean heldout seed=22 rep=1: SOLVED 0.071311s
tsp control_random_euclidean heldout seed=22 rep=2: SOLVED 0.074706s
tsp control_random_euclidean heldout seed=23 rep=0: SOLVED 0.112926s
tsp control_random_euclidean heldout seed=23 rep=1: SOLVED 0.112387s
tsp control_random_euclidean heldout seed=23 rep=2: SOLVED 0.113023s
tsp control_random_euclidean heldout seed=24 rep=0: SOLVED 0.021174s
tsp control_random_euclidean heldout seed=24 rep=1: SOLVED 0.021013s
tsp control_random_euclidean heldout seed=24 rep=2: SOLVED 0.020970s
tsp control_random_euclidean heldout seed=25 rep=0: SOLVED 0.076420s
tsp control_random_euclidean heldout seed=25 rep=1: SOLVED 0.079249s
tsp control_random_euclidean heldout seed=25 rep=2: SOLVED 0.076245s
tsp control_random_euclidean heldout seed=26 rep=0: SOLVED 0.069773s
tsp control_random_euclidean heldout seed=26 rep=1: SOLVED 0.070431s
tsp control_random_euclidean heldout seed=26 rep=2: SOLVED 0.068190s
tsp control_random_euclidean heldout seed=27 rep=0: SOLVED 0.119995s
tsp control_random_euclidean heldout seed=27 rep=1: SOLVED 0.120501s
tsp control_random_euclidean heldout seed=27 rep=2: SOLVED 0.119410s
tsp control_random_euclidean heldout seed=28 rep=0: SOLVED 0.022637s
tsp control_random_euclidean heldout seed=28 rep=1: SOLVED 0.022596s
tsp control_random_euclidean heldout seed=28 rep=2: SOLVED 0.022670s
tsp control_random_euclidean heldout seed=29 rep=0: SOLVED 0.038477s
tsp control_random_euclidean heldout seed=29 rep=1: SOLVED 0.038407s
tsp control_random_euclidean heldout seed=29 rep=2: SOLVED 0.038295s
tsp control_random_euclidean heldout seed=30 rep=0: SOLVED 0.098344s
tsp control_random_euclidean heldout seed=30 rep=1: SOLVED 0.103445s
tsp control_random_euclidean heldout seed=30 rep=2: SOLVED 0.108002s
tsp champion_cma train seed=1 rep=0: SOLVED 9.967190s
tsp champion_cma train seed=1 rep=1: SOLVED 9.908237s
tsp champion_cma train seed=1 rep=2: SOLVED 10.033260s
tsp champion_cma train seed=2 rep=0: SOLVED 0.188585s
tsp champion_cma train seed=2 rep=1: SOLVED 0.185930s
tsp champion_cma train seed=2 rep=2: SOLVED 0.185120s
tsp champion_cma train seed=3 rep=0: SOLVED 0.169436s
tsp champion_cma train seed=3 rep=1: SOLVED 0.164910s
tsp champion_cma train seed=3 rep=2: SOLVED 0.161963s
tsp champion_cma train seed=4 rep=0: SOLVED 0.113545s
tsp champion_cma train seed=4 rep=1: SOLVED 0.113196s
tsp champion_cma train seed=4 rep=2: SOLVED 0.113978s
tsp champion_cma train seed=5 rep=0: SOLVED 9.965087s
tsp champion_cma train seed=5 rep=1: SOLVED 9.997637s
tsp champion_cma train seed=5 rep=2: SOLVED 9.934366s
tsp champion_cma train seed=6 rep=0: SOLVED 9.964414s
tsp champion_cma train seed=6 rep=1: SOLVED 9.996550s
tsp champion_cma train seed=6 rep=2: SOLVED 10.035289s
tsp champion_cma train seed=7 rep=0: SOLVED 10.034109s
tsp champion_cma train seed=7 rep=1: SOLVED 9.954589s
tsp champion_cma train seed=7 rep=2: SOLVED 9.973554s
tsp champion_cma heldout seed=8 rep=0: SOLVED 0.185566s
tsp champion_cma heldout seed=8 rep=1: SOLVED 0.184457s
tsp champion_cma heldout seed=8 rep=2: SOLVED 0.190349s
tsp champion_cma heldout seed=9 rep=0: SOLVED 0.116707s
tsp champion_cma heldout seed=9 rep=1: SOLVED 0.116387s
tsp champion_cma heldout seed=9 rep=2: SOLVED 0.116971s
tsp champion_cma heldout seed=10 rep=0: SOLVED 2.004765s
tsp champion_cma heldout seed=10 rep=1: SOLVED 2.002177s
tsp champion_cma heldout seed=10 rep=2: SOLVED 2.003819s
tsp champion_cma heldout seed=11 rep=0: SOLVED 4.111528s
tsp champion_cma heldout seed=11 rep=1: SOLVED 4.104690s
tsp champion_cma heldout seed=11 rep=2: SOLVED 4.085419s
tsp champion_cma heldout seed=12 rep=0: SOLVED 4.210055s
tsp champion_cma heldout seed=12 rep=1: SOLVED 4.219925s
tsp champion_cma heldout seed=12 rep=2: SOLVED 4.205773s
tsp champion_cma heldout seed=13 rep=0: SOLVED 4.677424s
tsp champion_cma heldout seed=13 rep=1: SOLVED 4.655385s
tsp champion_cma heldout seed=13 rep=2: SOLVED 4.658922s
tsp champion_cma heldout seed=14 rep=0: SOLVED 0.217240s
tsp champion_cma heldout seed=14 rep=1: SOLVED 0.217818s
tsp champion_cma heldout seed=14 rep=2: SOLVED 0.220499s
tsp champion_cma heldout seed=15 rep=0: SOLVED 0.162421s
tsp champion_cma heldout seed=15 rep=1: SOLVED 0.162249s
tsp champion_cma heldout seed=15 rep=2: SOLVED 0.160924s
tsp champion_cma heldout seed=16 rep=0: SOLVED 0.161366s
tsp champion_cma heldout seed=16 rep=1: SOLVED 0.167564s
tsp champion_cma heldout seed=16 rep=2: SOLVED 0.162264s
tsp champion_cma heldout seed=17 rep=0: SOLVED 1.304179s
tsp champion_cma heldout seed=17 rep=1: SOLVED 1.306153s
tsp champion_cma heldout seed=17 rep=2: SOLVED 1.322456s
tsp champion_cma heldout seed=18 rep=0: SOLVED 1.310329s
tsp champion_cma heldout seed=18 rep=1: SOLVED 1.300532s
tsp champion_cma heldout seed=18 rep=2: SOLVED 1.317787s
tsp champion_cma heldout seed=19 rep=0: SOLVED 1.317804s
tsp champion_cma heldout seed=19 rep=1: SOLVED 1.317759s
tsp champion_cma heldout seed=19 rep=2: SOLVED 1.323201s
tsp champion_cma heldout seed=20 rep=0: SOLVED 1.277863s
tsp champion_cma heldout seed=20 rep=1: SOLVED 1.256992s
tsp champion_cma heldout seed=20 rep=2: SOLVED 1.254968s
tsp champion_cma heldout seed=21 rep=0: SOLVED 3.144321s
tsp champion_cma heldout seed=21 rep=1: SOLVED 3.166849s
tsp champion_cma heldout seed=21 rep=2: SOLVED 3.149575s
tsp champion_cma heldout seed=22 rep=0: SOLVED 9.965089s
tsp champion_cma heldout seed=22 rep=1: SOLVED 9.913104s
tsp champion_cma heldout seed=22 rep=2: SOLVED 9.908047s
tsp champion_cma heldout seed=23 rep=0: SOLVED 0.267103s
tsp champion_cma heldout seed=23 rep=1: SOLVED 0.264642s
tsp champion_cma heldout seed=23 rep=2: SOLVED 0.270957s
tsp champion_cma heldout seed=24 rep=0: SOLVED 9.968525s
tsp champion_cma heldout seed=24 rep=1: SOLVED 9.910772s
tsp champion_cma heldout seed=24 rep=2: SOLVED 9.942901s
tsp champion_cma heldout seed=25 rep=0: SOLVED 6.386180s
tsp champion_cma heldout seed=25 rep=1: SOLVED 6.413900s
tsp champion_cma heldout seed=25 rep=2: SOLVED 6.423943s
tsp champion_cma heldout seed=26 rep=0: SOLVED 4.911986s
tsp champion_cma heldout seed=26 rep=1: SOLVED 4.900560s
tsp champion_cma heldout seed=26 rep=2: SOLVED 4.894588s
tsp champion_cma heldout seed=27 rep=0: SOLVED 0.184109s
tsp champion_cma heldout seed=27 rep=1: SOLVED 0.182534s
tsp champion_cma heldout seed=27 rep=2: SOLVED 0.183048s
tsp champion_cma heldout seed=28 rep=0: SOLVED 1.289714s
tsp champion_cma heldout seed=28 rep=1: SOLVED 1.304791s
tsp champion_cma heldout seed=28 rep=2: SOLVED 1.287466s
tsp champion_cma heldout seed=29 rep=0: SOLVED 1.671617s
tsp champion_cma heldout seed=29 rep=1: SOLVED 1.661030s
tsp champion_cma heldout seed=29 rep=2: SOLVED 1.655457s
tsp champion_cma heldout seed=30 rep=0: SOLVED 1.023902s
tsp champion_cma heldout seed=30 rep=1: SOLVED 1.023151s
tsp champion_cma heldout seed=30 rep=2: SOLVED 1.050469s
tsp champion_shiwa train seed=1 rep=0: SOLVED 13.516498s
tsp champion_shiwa train seed=1 rep=1: SOLVED 13.489733s
tsp champion_shiwa train seed=1 rep=2: SOLVED 13.540956s
tsp champion_shiwa train seed=2 rep=0: SOLVED 9.629942s
tsp champion_shiwa train seed=2 rep=1: SOLVED 9.725591s
tsp champion_shiwa train seed=2 rep=2: SOLVED 9.644452s
tsp champion_shiwa train seed=3 rep=0: SOLVED 13.802196s
tsp champion_shiwa train seed=3 rep=1: SOLVED 13.787444s
tsp champion_shiwa train seed=3 rep=2: SOLVED 13.772776s
tsp champion_shiwa train seed=4 rep=0: SOLVED 10.981801s
tsp champion_shiwa train seed=4 rep=1: SOLVED 10.997773s
tsp champion_shiwa train seed=4 rep=2: SOLVED 11.017127s
tsp champion_shiwa train seed=5 rep=0: SOLVED 13.810131s
tsp champion_shiwa train seed=5 rep=1: SOLVED 13.798616s
tsp champion_shiwa train seed=5 rep=2: SOLVED 13.755316s
tsp champion_shiwa train seed=6 rep=0: SOLVED 13.754988s
tsp champion_shiwa train seed=6 rep=1: SOLVED 13.800522s
tsp champion_shiwa train seed=6 rep=2: SOLVED 13.761463s
tsp champion_shiwa train seed=7 rep=0: SOLVED 6.783035s
tsp champion_shiwa train seed=7 rep=1: SOLVED 6.783548s
tsp champion_shiwa train seed=7 rep=2: SOLVED 6.781690s
tsp champion_shiwa heldout seed=8 rep=0: SOLVED 9.489554s
tsp champion_shiwa heldout seed=8 rep=1: SOLVED 9.488266s
tsp champion_shiwa heldout seed=8 rep=2: SOLVED 9.469266s
tsp champion_shiwa heldout seed=9 rep=0: SOLVED 13.477771s
tsp champion_shiwa heldout seed=9 rep=1: SOLVED 13.436146s
tsp champion_shiwa heldout seed=9 rep=2: SOLVED 13.425573s
tsp champion_shiwa heldout seed=10 rep=0: SOLVED 7.654118s
tsp champion_shiwa heldout seed=10 rep=1: SOLVED 7.655003s
tsp champion_shiwa heldout seed=10 rep=2: SOLVED 7.639958s
tsp champion_shiwa heldout seed=11 rep=0: SOLVED 8.450282s
tsp champion_shiwa heldout seed=11 rep=1: SOLVED 8.440365s
tsp champion_shiwa heldout seed=11 rep=2: SOLVED 8.505010s
tsp champion_shiwa heldout seed=12 rep=0: SOLVED 8.312636s
tsp champion_shiwa heldout seed=12 rep=1: SOLVED 8.309083s
tsp champion_shiwa heldout seed=12 rep=2: SOLVED 8.319057s
tsp champion_shiwa heldout seed=13 rep=0: SOLVED 10.289722s
tsp champion_shiwa heldout seed=13 rep=1: SOLVED 10.166000s
tsp champion_shiwa heldout seed=13 rep=2: SOLVED 10.163977s
tsp champion_shiwa heldout seed=14 rep=0: SOLVED 6.781323s
tsp champion_shiwa heldout seed=14 rep=1: SOLVED 6.790853s
tsp champion_shiwa heldout seed=14 rep=2: SOLVED 6.836354s
tsp champion_shiwa heldout seed=15 rep=0: SOLVED 5.081101s
tsp champion_shiwa heldout seed=15 rep=1: SOLVED 5.078815s
tsp champion_shiwa heldout seed=15 rep=2: SOLVED 5.083951s
tsp champion_shiwa heldout seed=16 rep=0: SOLVED 8.474244s
tsp champion_shiwa heldout seed=16 rep=1: SOLVED 8.476342s
tsp champion_shiwa heldout seed=16 rep=2: SOLVED 8.517128s
tsp champion_shiwa heldout seed=17 rep=0: SOLVED 8.141538s
tsp champion_shiwa heldout seed=17 rep=1: SOLVED 8.149356s
tsp champion_shiwa heldout seed=17 rep=2: SOLVED 8.151188s
tsp champion_shiwa heldout seed=18 rep=0: SOLVED 4.139484s
tsp champion_shiwa heldout seed=18 rep=1: SOLVED 4.145510s
tsp champion_shiwa heldout seed=18 rep=2: SOLVED 4.176983s
tsp champion_shiwa heldout seed=19 rep=0: SOLVED 9.617650s
tsp champion_shiwa heldout seed=19 rep=1: SOLVED 9.602130s
tsp champion_shiwa heldout seed=19 rep=2: SOLVED 9.603467s
tsp champion_shiwa heldout seed=20 rep=0: SOLVED 7.905598s
tsp champion_shiwa heldout seed=20 rep=1: SOLVED 7.910474s
tsp champion_shiwa heldout seed=20 rep=2: SOLVED 7.883659s
tsp champion_shiwa heldout seed=21 rep=0: SOLVED 13.417015s
tsp champion_shiwa heldout seed=21 rep=1: SOLVED 13.478075s
tsp champion_shiwa heldout seed=21 rep=2: SOLVED 13.468284s
tsp champion_shiwa heldout seed=22 rep=0: SOLVED 7.924630s
tsp champion_shiwa heldout seed=22 rep=1: SOLVED 7.970770s
tsp champion_shiwa heldout seed=22 rep=2: SOLVED 7.922517s
tsp champion_shiwa heldout seed=23 rep=0: SOLVED 2.499604s
tsp champion_shiwa heldout seed=23 rep=1: SOLVED 2.500749s
tsp champion_shiwa heldout seed=23 rep=2: SOLVED 2.501179s
tsp champion_shiwa heldout seed=24 rep=0: SOLVED 8.272508s
tsp champion_shiwa heldout seed=24 rep=1: SOLVED 8.271439s
tsp champion_shiwa heldout seed=24 rep=2: SOLVED 8.344319s
tsp champion_shiwa heldout seed=25 rep=0: SOLVED 5.082816s
tsp champion_shiwa heldout seed=25 rep=1: SOLVED 5.087962s
tsp champion_shiwa heldout seed=25 rep=2: SOLVED 5.097748s
tsp champion_shiwa heldout seed=26 rep=0: SOLVED 6.793600s
tsp champion_shiwa heldout seed=26 rep=1: SOLVED 6.800404s
tsp champion_shiwa heldout seed=26 rep=2: SOLVED 6.792753s
tsp champion_shiwa heldout seed=27 rep=0: SOLVED 5.487340s
tsp champion_shiwa heldout seed=27 rep=1: SOLVED 5.444753s
tsp champion_shiwa heldout seed=27 rep=2: SOLVED 5.454496s
tsp champion_shiwa heldout seed=28 rep=0: SOLVED 6.690154s
tsp champion_shiwa heldout seed=28 rep=1: SOLVED 6.684135s
tsp champion_shiwa heldout seed=28 rep=2: SOLVED 6.694560s
tsp champion_shiwa heldout seed=29 rep=0: SOLVED 8.019204s
tsp champion_shiwa heldout seed=29 rep=1: SOLVED 7.962380s
tsp champion_shiwa heldout seed=29 rep=2: SOLVED 7.995365s
tsp champion_shiwa heldout seed=30 rep=0: SOLVED 13.497827s
tsp champion_shiwa heldout seed=30 rep=1: SOLVED 13.558328s
tsp champion_shiwa heldout seed=30 rep=2: SOLVED 13.484315s
tsp champion_diagonalcma_u10000 train seed=1 rep=0: SOLVED 16.093824s
tsp champion_diagonalcma_u10000 train seed=1 rep=1: SOLVED 16.189051s
tsp champion_diagonalcma_u10000 train seed=1 rep=2: SOLVED 16.154675s
tsp champion_diagonalcma_u10000 train seed=2 rep=0: SOLVED 20.669490s
tsp champion_diagonalcma_u10000 train seed=2 rep=1: SOLVED 20.661509s
tsp champion_diagonalcma_u10000 train seed=2 rep=2: SOLVED 20.683047s
tsp champion_diagonalcma_u10000 train seed=3 rep=0: SOLVED 17.296198s
tsp champion_diagonalcma_u10000 train seed=3 rep=1: SOLVED 17.353538s
tsp champion_diagonalcma_u10000 train seed=3 rep=2: SOLVED 17.270850s
tsp champion_diagonalcma_u10000 train seed=4 rep=0: SOLVED 4.665380s
tsp champion_diagonalcma_u10000 train seed=4 rep=1: SOLVED 4.683024s
tsp champion_diagonalcma_u10000 train seed=4 rep=2: SOLVED 4.712522s
tsp champion_diagonalcma_u10000 train seed=5 rep=0: SOLVED 6.549673s
tsp champion_diagonalcma_u10000 train seed=5 rep=1: SOLVED 6.554647s
tsp champion_diagonalcma_u10000 train seed=5 rep=2: SOLVED 6.584851s
tsp champion_diagonalcma_u10000 train seed=6 rep=0: SOLVED 20.443223s
tsp champion_diagonalcma_u10000 train seed=6 rep=1: SOLVED 20.464309s
tsp champion_diagonalcma_u10000 train seed=6 rep=2: SOLVED 20.488927s
tsp champion_diagonalcma_u10000 train seed=7 rep=0: SOLVED 22.272107s
tsp champion_diagonalcma_u10000 train seed=7 rep=1: SOLVED 22.232397s
tsp champion_diagonalcma_u10000 train seed=7 rep=2: SOLVED 22.330954s
tsp champion_diagonalcma_u10000 heldout seed=8 rep=0: SOLVED 13.520348s
tsp champion_diagonalcma_u10000 heldout seed=8 rep=1: SOLVED 13.508792s
tsp champion_diagonalcma_u10000 heldout seed=8 rep=2: SOLVED 13.553863s
tsp champion_diagonalcma_u10000 heldout seed=9 rep=0: SOLVED 7.330418s
tsp champion_diagonalcma_u10000 heldout seed=9 rep=1: SOLVED 7.343614s
tsp champion_diagonalcma_u10000 heldout seed=9 rep=2: SOLVED 7.386163s
tsp champion_diagonalcma_u10000 heldout seed=10 rep=0: SOLVED 20.615564s
tsp champion_diagonalcma_u10000 heldout seed=10 rep=1: SOLVED 20.561118s
tsp champion_diagonalcma_u10000 heldout seed=10 rep=2: SOLVED 20.575621s
tsp champion_diagonalcma_u10000 heldout seed=11 rep=0: SOLVED 6.599764s
tsp champion_diagonalcma_u10000 heldout seed=11 rep=1: SOLVED 6.596156s
tsp champion_diagonalcma_u10000 heldout seed=11 rep=2: SOLVED 6.613845s
tsp champion_diagonalcma_u10000 heldout seed=12 rep=0: SOLVED 12.857317s
tsp champion_diagonalcma_u10000 heldout seed=12 rep=1: SOLVED 12.918205s
tsp champion_diagonalcma_u10000 heldout seed=12 rep=2: SOLVED 12.813732s
tsp champion_diagonalcma_u10000 heldout seed=13 rep=0: SOLVED 11.245404s
tsp champion_diagonalcma_u10000 heldout seed=13 rep=1: SOLVED 11.271059s
tsp champion_diagonalcma_u10000 heldout seed=13 rep=2: SOLVED 11.320606s
tsp champion_diagonalcma_u10000 heldout seed=14 rep=0: SOLVED 1.380641s
tsp champion_diagonalcma_u10000 heldout seed=14 rep=1: SOLVED 1.373247s
tsp champion_diagonalcma_u10000 heldout seed=14 rep=2: SOLVED 1.378366s
tsp champion_diagonalcma_u10000 heldout seed=15 rep=0: SOLVED 14.090940s
tsp champion_diagonalcma_u10000 heldout seed=15 rep=1: SOLVED 14.137034s
tsp champion_diagonalcma_u10000 heldout seed=15 rep=2: SOLVED 14.178733s
tsp champion_diagonalcma_u10000 heldout seed=16 rep=0: SOLVED 14.122787s
tsp champion_diagonalcma_u10000 heldout seed=16 rep=1: SOLVED 14.099495s
tsp champion_diagonalcma_u10000 heldout seed=16 rep=2: SOLVED 14.112007s
tsp champion_diagonalcma_u10000 heldout seed=17 rep=0: SOLVED 12.176913s
tsp champion_diagonalcma_u10000 heldout seed=17 rep=1: SOLVED 12.191087s
tsp champion_diagonalcma_u10000 heldout seed=17 rep=2: SOLVED 12.209084s
tsp champion_diagonalcma_u10000 heldout seed=18 rep=0: SOLVED 16.793095s
tsp champion_diagonalcma_u10000 heldout seed=18 rep=1: SOLVED 16.808870s
tsp champion_diagonalcma_u10000 heldout seed=18 rep=2: SOLVED 16.797846s
tsp champion_diagonalcma_u10000 heldout seed=19 rep=0: SOLVED 9.538737s
tsp champion_diagonalcma_u10000 heldout seed=19 rep=1: SOLVED 9.536210s
tsp champion_diagonalcma_u10000 heldout seed=19 rep=2: SOLVED 9.674674s
tsp champion_diagonalcma_u10000 heldout seed=20 rep=0: SOLVED 9.367453s
tsp champion_diagonalcma_u10000 heldout seed=20 rep=1: SOLVED 9.363493s
tsp champion_diagonalcma_u10000 heldout seed=20 rep=2: SOLVED 9.292226s
tsp champion_diagonalcma_u10000 heldout seed=21 rep=0: SOLVED 19.723958s
tsp champion_diagonalcma_u10000 heldout seed=21 rep=1: SOLVED 19.741591s
tsp champion_diagonalcma_u10000 heldout seed=21 rep=2: SOLVED 19.674322s
tsp champion_diagonalcma_u10000 heldout seed=22 rep=0: SOLVED 13.839998s
tsp champion_diagonalcma_u10000 heldout seed=22 rep=1: SOLVED 13.875174s
tsp champion_diagonalcma_u10000 heldout seed=22 rep=2: SOLVED 13.891096s
tsp champion_diagonalcma_u10000 heldout seed=23 rep=0: SOLVED 11.960691s
tsp champion_diagonalcma_u10000 heldout seed=23 rep=1: SOLVED 11.989181s
tsp champion_diagonalcma_u10000 heldout seed=23 rep=2: SOLVED 11.978892s
tsp champion_diagonalcma_u10000 heldout seed=24 rep=0: SOLVED 7.207945s
tsp champion_diagonalcma_u10000 heldout seed=24 rep=1: SOLVED 7.240559s
tsp champion_diagonalcma_u10000 heldout seed=24 rep=2: SOLVED 7.311410s
tsp champion_diagonalcma_u10000 heldout seed=25 rep=0: SOLVED 24.689310s
tsp champion_diagonalcma_u10000 heldout seed=25 rep=1: SOLVED 24.633680s
tsp champion_diagonalcma_u10000 heldout seed=25 rep=2: SOLVED 24.561381s
tsp champion_diagonalcma_u10000 heldout seed=26 rep=0: SOLVED 18.193959s
tsp champion_diagonalcma_u10000 heldout seed=26 rep=1: SOLVED 18.067949s
tsp champion_diagonalcma_u10000 heldout seed=26 rep=2: SOLVED 18.058929s
tsp champion_diagonalcma_u10000 heldout seed=27 rep=0: SOLVED 16.169716s
tsp champion_diagonalcma_u10000 heldout seed=27 rep=1: SOLVED 16.208545s
tsp champion_diagonalcma_u10000 heldout seed=27 rep=2: SOLVED 16.193224s
tsp champion_diagonalcma_u10000 heldout seed=28 rep=0: SOLVED 7.316201s
tsp champion_diagonalcma_u10000 heldout seed=28 rep=1: SOLVED 7.355590s
tsp champion_diagonalcma_u10000 heldout seed=28 rep=2: SOLVED 7.302636s
tsp champion_diagonalcma_u10000 heldout seed=29 rep=0: SOLVED 20.587519s
tsp champion_diagonalcma_u10000 heldout seed=29 rep=1: SOLVED 20.611616s
tsp champion_diagonalcma_u10000 heldout seed=29 rep=2: SOLVED 20.505651s
tsp champion_diagonalcma_u10000 heldout seed=30 rep=0: SOLVED 7.206599s
tsp champion_diagonalcma_u10000 heldout seed=30 rep=1: SOLVED 7.221868s
tsp champion_diagonalcma_u10000 heldout seed=30 rep=2: SOLVED 7.211357s
wrote current_machine_rebench/results/followup-four-core/tsp-full-r3.json
2026-07-19T11:10:21+00:00 DONE tsp-full-r3 cpu=4
2026-07-19T11:10:21+00:00 START tsp-random-screen-1 cpu=4 attempt=1
tsp-rs shard=1 evaluated=50 next=394/100000 best=0.018789s eval=377 elapsed=4.3s
tsp-rs shard=1 evaluated=100 next=794/100000 best=0.055456s eval=489 elapsed=10.2s
tsp-rs shard=1 evaluated=150 next=1194/100000 best=0.055456s eval=489 elapsed=13.8s
tsp-rs shard=1 evaluated=200 next=1594/100000 best=0.055456s eval=489 elapsed=17.8s
tsp-rs shard=1 evaluated=250 next=1994/100000 best=0.055456s eval=489 elapsed=22.8s
tsp-rs shard=1 evaluated=300 next=2394/100000 best=0.144159s eval=2305 elapsed=31.5s
tsp-rs shard=1 evaluated=350 next=2794/100000 best=0.144159s eval=2305 elapsed=35.7s
tsp-rs shard=1 evaluated=400 next=3194/100000 best=0.144159s eval=2305 elapsed=39.2s
tsp-rs shard=1 evaluated=450 next=3594/100000 best=0.144159s eval=2305 elapsed=46.7s
tsp-rs shard=1 evaluated=500 next=3994/100000 best=0.144159s eval=2305 elapsed=51.3s
tsp-rs shard=1 evaluated=550 next=4394/100000 best=0.144159s eval=2305 elapsed=56.9s
tsp-rs shard=1 evaluated=600 next=4794/100000 best=0.144159s eval=2305 elapsed=60.0s
tsp-rs shard=1 evaluated=650 next=5194/100000 best=0.144159s eval=2305 elapsed=64.0s
tsp-rs shard=1 evaluated=700 next=5594/100000 best=0.144159s eval=2305 elapsed=74.3s
tsp-rs shard=1 evaluated=750 next=5994/100000 best=0.196827s eval=5993 elapsed=84.6s
tsp-rs shard=1 evaluated=800 next=6394/100000 best=0.196827s eval=5993 elapsed=90.3s
tsp-rs shard=1 evaluated=850 next=6794/100000 best=0.428054s eval=6593 elapsed=100.2s
tsp-rs shard=1 evaluated=900 next=7194/100000 best=0.428054s eval=6593 elapsed=103.4s
tsp-rs shard=1 evaluated=950 next=7594/100000 best=0.428054s eval=6593 elapsed=111.2s
tsp-rs shard=1 evaluated=1000 next=7994/100000 best=0.764431s eval=7929 elapsed=136.6s
tsp-rs shard=1 evaluated=1050 next=8394/100000 best=0.764431s eval=7929 elapsed=146.0s
tsp-rs shard=1 evaluated=1100 next=8794/100000 best=0.764431s eval=7929 elapsed=151.7s
tsp-rs shard=1 evaluated=1150 next=9194/100000 best=0.764431s eval=7929 elapsed=160.6s
tsp-rs shard=1 evaluated=1200 next=9594/100000 best=0.764431s eval=7929 elapsed=163.8s
tsp-rs shard=1 evaluated=1250 next=9994/100000 best=0.764431s eval=7929 elapsed=170.4s
tsp-rs shard=1 evaluated=1300 next=10394/100000 best=0.764431s eval=7929 elapsed=186.3s
tsp-rs shard=1 evaluated=1350 next=10794/100000 best=0.764431s eval=7929 elapsed=190.5s
tsp-rs shard=1 evaluated=1400 next=11194/100000 best=0.764431s eval=7929 elapsed=195.7s
tsp-rs shard=1 evaluated=1450 next=11594/100000 best=0.764431s eval=7929 elapsed=203.8s
tsp-rs shard=1 evaluated=1500 next=11994/100000 best=0.764431s eval=7929 elapsed=207.1s
tsp-rs shard=1 evaluated=1550 next=12394/100000 best=0.764431s eval=7929 elapsed=211.5s
tsp-rs shard=1 evaluated=1600 next=12794/100000 best=0.764431s eval=7929 elapsed=225.0s
tsp-rs shard=1 evaluated=1650 next=13194/100000 best=0.764431s eval=7929 elapsed=228.7s
tsp-rs shard=1 evaluated=1700 next=13594/100000 best=0.764431s eval=7929 elapsed=232.1s
tsp-rs shard=1 evaluated=1750 next=13994/100000 best=0.764431s eval=7929 elapsed=237.3s
tsp-rs shard=1 evaluated=1800 next=14394/100000 best=0.764431s eval=7929 elapsed=240.5s
tsp-rs shard=1 evaluated=1850 next=14794/100000 best=0.764431s eval=7929 elapsed=245.0s
tsp-rs shard=1 evaluated=1900 next=15194/100000 best=0.764431s eval=7929 elapsed=248.4s
tsp-rs shard=1 evaluated=1950 next=15594/100000 best=0.764431s eval=7929 elapsed=252.4s
tsp-rs shard=1 evaluated=2000 next=15994/100000 best=0.764431s eval=7929 elapsed=257.7s
tsp-rs shard=1 evaluated=2050 next=16394/100000 best=0.764431s eval=7929 elapsed=267.2s
tsp-rs shard=1 evaluated=2100 next=16794/100000 best=0.764431s eval=7929 elapsed=271.5s
tsp-rs shard=1 evaluated=2150 next=17194/100000 best=0.764431s eval=7929 elapsed=275.4s
tsp-rs shard=1 evaluated=2200 next=17594/100000 best=0.764431s eval=7929 elapsed=280.6s
tsp-rs shard=1 evaluated=2250 next=17994/100000 best=0.764431s eval=7929 elapsed=286.4s
tsp-rs shard=1 evaluated=2300 next=18394/100000 best=0.764431s eval=7929 elapsed=297.6s
tsp-rs shard=1 evaluated=2350 next=18794/100000 best=0.764431s eval=7929 elapsed=309.9s
tsp-rs shard=1 evaluated=2400 next=19194/100000 best=0.764431s eval=7929 elapsed=313.7s
tsp-rs shard=1 evaluated=2450 next=19594/100000 best=0.764431s eval=7929 elapsed=319.2s
tsp-rs shard=1 evaluated=2500 next=19994/100000 best=0.764431s eval=7929 elapsed=323.7s
tsp-rs shard=1 evaluated=2550 next=20394/100000 best=0.764431s eval=7929 elapsed=327.3s
tsp-rs shard=1 evaluated=2600 next=20794/100000 best=0.764431s eval=7929 elapsed=332.3s
tsp-rs shard=1 evaluated=2650 next=21194/100000 best=0.764431s eval=7929 elapsed=347.6s
tsp-rs shard=1 evaluated=2700 next=21594/100000 best=0.764431s eval=7929 elapsed=360.1s
tsp-rs shard=1 evaluated=2750 next=21994/100000 best=0.764431s eval=7929 elapsed=364.4s
tsp-rs shard=1 evaluated=2800 next=22394/100000 best=0.764431s eval=7929 elapsed=367.8s
tsp-rs shard=1 evaluated=2850 next=22794/100000 best=0.764431s eval=7929 elapsed=373.0s
tsp-rs shard=1 evaluated=2900 next=23194/100000 best=0.764431s eval=7929 elapsed=382.2s
tsp-rs shard=1 evaluated=2950 next=23594/100000 best=0.764431s eval=7929 elapsed=388.4s
tsp-rs shard=1 evaluated=3000 next=23994/100000 best=0.764431s eval=7929 elapsed=400.6s
tsp-rs shard=1 evaluated=3050 next=24394/100000 best=0.764431s eval=7929 elapsed=406.1s
tsp-rs shard=1 evaluated=3100 next=24794/100000 best=0.764431s eval=7929 elapsed=412.2s
tsp-rs shard=1 evaluated=3150 next=25194/100000 best=0.764431s eval=7929 elapsed=415.7s
tsp-rs shard=1 evaluated=3200 next=25594/100000 best=0.764431s eval=7929 elapsed=424.9s
tsp-rs shard=1 evaluated=3250 next=25994/100000 best=0.764431s eval=7929 elapsed=428.7s
tsp-rs shard=1 evaluated=3300 next=26394/100000 best=0.764431s eval=7929 elapsed=446.5s
tsp-rs shard=1 evaluated=3350 next=26794/100000 best=0.764431s eval=7929 elapsed=454.2s
tsp-rs shard=1 evaluated=3400 next=27194/100000 best=0.764431s eval=7929 elapsed=458.0s
tsp-rs shard=1 evaluated=3450 next=27594/100000 best=0.764431s eval=7929 elapsed=465.4s
tsp-rs shard=1 evaluated=3500 next=27994/100000 best=0.764431s eval=7929 elapsed=484.6s
tsp-rs shard=1 evaluated=3550 next=28394/100000 best=0.764431s eval=7929 elapsed=487.9s
tsp-rs shard=1 evaluated=3600 next=28794/100000 best=0.764431s eval=7929 elapsed=497.7s
tsp-rs shard=1 evaluated=3650 next=29194/100000 best=0.764431s eval=7929 elapsed=502.3s
tsp-rs shard=1 evaluated=3700 next=29594/100000 best=0.764431s eval=7929 elapsed=508.3s
tsp-rs shard=1 evaluated=3750 next=29994/100000 best=0.764431s eval=7929 elapsed=517.4s
tsp-rs shard=1 evaluated=3800 next=30394/100000 best=0.764431s eval=7929 elapsed=524.1s
tsp-rs shard=1 evaluated=3850 next=30794/100000 best=0.764431s eval=7929 elapsed=532.0s
tsp-rs shard=1 evaluated=3900 next=31194/100000 best=0.764431s eval=7929 elapsed=538.1s
tsp-rs shard=1 evaluated=3950 next=31594/100000 best=0.764431s eval=7929 elapsed=544.5s
tsp-rs shard=1 evaluated=4000 next=31994/100000 best=0.764431s eval=7929 elapsed=547.8s
tsp-rs shard=1 evaluated=4050 next=32394/100000 best=0.764431s eval=7929 elapsed=553.5s
tsp-rs shard=1 evaluated=4100 next=32794/100000 best=0.764431s eval=7929 elapsed=563.5s
tsp-rs shard=1 evaluated=4150 next=33194/100000 best=0.764431s eval=7929 elapsed=567.3s
tsp-rs shard=1 evaluated=4200 next=33594/100000 best=0.764431s eval=7929 elapsed=578.0s
tsp-rs shard=1 evaluated=4250 next=33994/100000 best=0.764431s eval=7929 elapsed=581.5s
tsp-rs shard=1 evaluated=4300 next=34394/100000 best=0.764431s eval=7929 elapsed=586.3s
tsp-rs shard=1 evaluated=4350 next=34794/100000 best=0.764431s eval=7929 elapsed=589.2s
tsp-rs shard=1 evaluated=4400 next=35194/100000 best=0.764431s eval=7929 elapsed=592.9s
tsp-rs shard=1 evaluated=4450 next=35594/100000 best=0.764431s eval=7929 elapsed=600.9s
tsp-rs shard=1 evaluated=4500 next=35994/100000 best=0.764431s eval=7929 elapsed=606.5s
tsp-rs shard=1 evaluated=4550 next=36394/100000 best=0.764431s eval=7929 elapsed=618.7s
tsp-rs shard=1 evaluated=4600 next=36794/100000 best=0.764431s eval=7929 elapsed=626.4s
tsp-rs shard=1 evaluated=4650 next=37194/100000 best=0.764431s eval=7929 elapsed=631.2s
tsp-rs shard=1 evaluated=4700 next=37594/100000 best=0.764431s eval=7929 elapsed=635.1s
tsp-rs shard=1 evaluated=4750 next=37994/100000 best=0.764431s eval=7929 elapsed=639.3s
tsp-rs shard=1 evaluated=4800 next=38394/100000 best=0.764431s eval=7929 elapsed=647.5s
tsp-rs shard=1 evaluated=4850 next=38794/100000 best=0.764431s eval=7929 elapsed=651.2s
tsp-rs shard=1 evaluated=4900 next=39194/100000 best=0.764431s eval=7929 elapsed=655.4s
tsp-rs shard=1 evaluated=4950 next=39594/100000 best=0.764431s eval=7929 elapsed=659.7s
tsp-rs shard=1 evaluated=5000 next=39994/100000 best=0.764431s eval=7929 elapsed=663.5s
tsp-rs shard=1 evaluated=5050 next=40394/100000 best=0.764431s eval=7929 elapsed=667.7s
tsp-rs shard=1 evaluated=5100 next=40794/100000 best=0.764431s eval=7929 elapsed=672.1s
tsp-rs shard=1 evaluated=5150 next=41194/100000 best=0.764431s eval=7929 elapsed=680.4s
tsp-rs shard=1 evaluated=5200 next=41594/100000 best=0.764431s eval=7929 elapsed=691.0s
tsp-rs shard=1 evaluated=5250 next=41994/100000 best=0.764431s eval=7929 elapsed=696.0s
tsp-rs shard=1 evaluated=5300 next=42394/100000 best=0.764431s eval=7929 elapsed=701.1s
tsp-rs shard=1 evaluated=5350 next=42794/100000 best=0.764431s eval=7929 elapsed=704.9s
tsp-rs shard=1 evaluated=5400 next=43194/100000 best=0.764431s eval=7929 elapsed=710.0s
tsp-rs shard=1 evaluated=5450 next=43594/100000 best=0.764431s eval=7929 elapsed=714.6s
tsp-rs shard=1 evaluated=5500 next=43994/100000 best=0.764431s eval=7929 elapsed=723.5s
tsp-rs shard=1 evaluated=5550 next=44394/100000 best=0.764431s eval=7929 elapsed=734.7s
tsp-rs shard=1 evaluated=5600 next=44794/100000 best=0.764431s eval=7929 elapsed=738.4s
tsp-rs shard=1 evaluated=5650 next=45194/100000 best=0.764431s eval=7929 elapsed=744.3s
tsp-rs shard=1 evaluated=5700 next=45594/100000 best=0.764431s eval=7929 elapsed=758.3s
tsp-rs shard=1 evaluated=5750 next=45994/100000 best=0.764431s eval=7929 elapsed=764.3s
tsp-rs shard=1 evaluated=5800 next=46394/100000 best=0.764431s eval=7929 elapsed=772.1s
tsp-rs shard=1 evaluated=5850 next=46794/100000 best=0.764431s eval=7929 elapsed=776.5s
tsp-rs shard=1 evaluated=5900 next=47194/100000 best=0.764431s eval=7929 elapsed=782.8s
tsp-rs shard=1 evaluated=5950 next=47594/100000 best=0.764431s eval=7929 elapsed=787.4s
tsp-rs shard=1 evaluated=6000 next=47994/100000 best=0.764431s eval=7929 elapsed=792.9s
tsp-rs shard=1 evaluated=6050 next=48394/100000 best=0.764431s eval=7929 elapsed=797.0s
tsp-rs shard=1 evaluated=6100 next=48794/100000 best=0.764431s eval=7929 elapsed=802.3s
tsp-rs shard=1 evaluated=6150 next=49194/100000 best=0.764431s eval=7929 elapsed=806.1s
tsp-rs shard=1 evaluated=6200 next=49594/100000 best=0.764431s eval=7929 elapsed=810.4s
tsp-rs shard=1 evaluated=6250 next=49994/100000 best=0.764431s eval=7929 elapsed=819.6s
tsp-rs shard=1 evaluated=6300 next=50394/100000 best=0.764431s eval=7929 elapsed=823.6s
tsp-rs shard=1 evaluated=6350 next=50794/100000 best=0.764431s eval=7929 elapsed=827.4s
tsp-rs shard=1 evaluated=6400 next=51194/100000 best=0.764431s eval=7929 elapsed=835.1s
tsp-rs shard=1 evaluated=6450 next=51594/100000 best=0.764431s eval=7929 elapsed=838.7s
tsp-rs shard=1 evaluated=6500 next=51994/100000 best=0.764431s eval=7929 elapsed=842.6s
tsp-rs shard=1 evaluated=6550 next=52394/100000 best=0.764431s eval=7929 elapsed=846.1s
tsp-rs shard=1 evaluated=6600 next=52794/100000 best=0.764431s eval=7929 elapsed=851.8s
tsp-rs shard=1 evaluated=6650 next=53194/100000 best=0.764431s eval=7929 elapsed=857.7s
tsp-rs shard=1 evaluated=6700 next=53594/100000 best=0.764431s eval=7929 elapsed=864.0s
tsp-rs shard=1 evaluated=6750 next=53994/100000 best=0.764431s eval=7929 elapsed=867.2s
tsp-rs shard=1 evaluated=6800 next=54394/100000 best=0.764431s eval=7929 elapsed=875.7s
tsp-rs shard=1 evaluated=6850 next=54794/100000 best=0.764431s eval=7929 elapsed=888.0s
tsp-rs shard=1 evaluated=6900 next=55194/100000 best=0.764431s eval=7929 elapsed=892.1s
tsp-rs shard=1 evaluated=6950 next=55594/100000 best=0.764431s eval=7929 elapsed=902.1s
tsp-rs shard=1 evaluated=7000 next=55994/100000 best=0.764431s eval=7929 elapsed=906.6s
tsp-rs shard=1 evaluated=7050 next=56394/100000 best=0.764431s eval=7929 elapsed=920.3s
tsp-rs shard=1 evaluated=7100 next=56794/100000 best=0.764431s eval=7929 elapsed=939.2s
tsp-rs shard=1 evaluated=7150 next=57194/100000 best=0.764431s eval=7929 elapsed=942.5s
tsp-rs shard=1 evaluated=7200 next=57594/100000 best=0.764431s eval=7929 elapsed=950.1s
tsp-rs shard=1 evaluated=7250 next=57994/100000 best=0.764431s eval=7929 elapsed=957.2s
tsp-rs shard=1 evaluated=7300 next=58394/100000 best=0.764431s eval=7929 elapsed=961.7s
tsp-rs shard=1 evaluated=7350 next=58794/100000 best=0.764431s eval=7929 elapsed=966.6s
tsp-rs shard=1 evaluated=7400 next=59194/100000 best=0.764431s eval=7929 elapsed=970.4s
tsp-rs shard=1 evaluated=7450 next=59594/100000 best=0.764431s eval=7929 elapsed=974.1s
tsp-rs shard=1 evaluated=7500 next=59994/100000 best=0.764431s eval=7929 elapsed=980.2s
tsp-rs shard=1 evaluated=7550 next=60394/100000 best=0.764431s eval=7929 elapsed=984.0s
tsp-rs shard=1 evaluated=7600 next=60794/100000 best=0.764431s eval=7929 elapsed=990.3s
tsp-rs shard=1 evaluated=7650 next=61194/100000 best=0.764431s eval=7929 elapsed=993.7s
tsp-rs shard=1 evaluated=7700 next=61594/100000 best=0.764431s eval=7929 elapsed=998.7s
tsp-rs shard=1 evaluated=7750 next=61994/100000 best=0.764431s eval=7929 elapsed=1002.5s
tsp-rs shard=1 evaluated=7800 next=62394/100000 best=0.764431s eval=7929 elapsed=1010.2s
tsp-rs shard=1 evaluated=7850 next=62794/100000 best=0.764431s eval=7929 elapsed=1016.3s
tsp-rs shard=1 evaluated=7900 next=63194/100000 best=0.764431s eval=7929 elapsed=1021.2s
tsp-rs shard=1 evaluated=7950 next=63594/100000 best=0.764431s eval=7929 elapsed=1035.4s
tsp-rs shard=1 evaluated=8000 next=63994/100000 best=0.764431s eval=7929 elapsed=1045.3s
tsp-rs shard=1 evaluated=8050 next=64394/100000 best=0.764431s eval=7929 elapsed=1050.0s
tsp-rs shard=1 evaluated=8100 next=64794/100000 best=0.764431s eval=7929 elapsed=1056.5s
tsp-rs shard=1 evaluated=8150 next=65194/100000 best=0.764431s eval=7929 elapsed=1064.2s
tsp-rs shard=1 evaluated=8200 next=65594/100000 best=0.764431s eval=7929 elapsed=1068.9s
tsp-rs shard=1 evaluated=8250 next=65994/100000 best=0.764431s eval=7929 elapsed=1080.7s
tsp-rs shard=1 evaluated=8300 next=66394/100000 best=0.764431s eval=7929 elapsed=1084.1s
tsp-rs shard=1 evaluated=8350 next=66794/100000 best=0.764431s eval=7929 elapsed=1093.3s
tsp-rs shard=1 evaluated=8400 next=67194/100000 best=0.764431s eval=7929 elapsed=1098.2s
tsp-rs shard=1 evaluated=8450 next=67594/100000 best=0.764431s eval=7929 elapsed=1109.6s
tsp-rs shard=1 evaluated=8500 next=67994/100000 best=0.764431s eval=7929 elapsed=1116.0s
tsp-rs shard=1 evaluated=8550 next=68394/100000 best=0.764431s eval=7929 elapsed=1119.8s
tsp-rs shard=1 evaluated=8600 next=68794/100000 best=0.764431s eval=7929 elapsed=1135.0s
tsp-rs shard=1 evaluated=8650 next=69194/100000 best=0.764431s eval=7929 elapsed=1146.3s
tsp-rs shard=1 evaluated=8700 next=69594/100000 best=0.764431s eval=7929 elapsed=1151.0s
tsp-rs shard=1 evaluated=8750 next=69994/100000 best=0.764431s eval=7929 elapsed=1158.3s
tsp-rs shard=1 evaluated=8800 next=70394/100000 best=0.764431s eval=7929 elapsed=1164.7s
tsp-rs shard=1 evaluated=8850 next=70794/100000 best=0.764431s eval=7929 elapsed=1168.8s
tsp-rs shard=1 evaluated=8900 next=71194/100000 best=0.764431s eval=7929 elapsed=1176.6s
tsp-rs shard=1 evaluated=8950 next=71594/100000 best=0.764431s eval=7929 elapsed=1185.7s
tsp-rs shard=1 evaluated=9000 next=71994/100000 best=0.764431s eval=7929 elapsed=1193.1s
tsp-rs shard=1 evaluated=9050 next=72394/100000 best=0.764431s eval=7929 elapsed=1197.0s
tsp-rs shard=1 evaluated=9100 next=72794/100000 best=0.764431s eval=7929 elapsed=1202.4s
tsp-rs shard=1 evaluated=9150 next=73194/100000 best=0.764431s eval=7929 elapsed=1206.6s
tsp-rs shard=1 evaluated=9200 next=73594/100000 best=0.764431s eval=7929 elapsed=1210.8s
tsp-rs shard=1 evaluated=9250 next=73994/100000 best=0.764431s eval=7929 elapsed=1215.0s
tsp-rs shard=1 evaluated=9300 next=74394/100000 best=0.764431s eval=7929 elapsed=1220.7s
tsp-rs shard=1 evaluated=9350 next=74794/100000 best=0.764431s eval=7929 elapsed=1229.8s
tsp-rs shard=1 evaluated=9400 next=75194/100000 best=0.764431s eval=7929 elapsed=1236.1s
tsp-rs shard=1 evaluated=9450 next=75594/100000 best=0.764431s eval=7929 elapsed=1241.6s
tsp-rs shard=1 evaluated=9500 next=75994/100000 best=0.764431s eval=7929 elapsed=1245.6s
tsp-rs shard=1 evaluated=9550 next=76394/100000 best=0.764431s eval=7929 elapsed=1249.2s
tsp-rs shard=1 evaluated=9600 next=76794/100000 best=0.764431s eval=7929 elapsed=1253.1s
tsp-rs shard=1 evaluated=9650 next=77194/100000 best=0.764431s eval=7929 elapsed=1256.3s
tsp-rs shard=1 evaluated=9700 next=77594/100000 best=0.764431s eval=7929 elapsed=1262.6s
tsp-rs shard=1 evaluated=9750 next=77994/100000 best=0.764431s eval=7929 elapsed=1276.2s
tsp-rs shard=1 evaluated=9800 next=78394/100000 best=0.764431s eval=7929 elapsed=1281.3s
tsp-rs shard=1 evaluated=9850 next=78794/100000 best=0.764431s eval=7929 elapsed=1287.1s
tsp-rs shard=1 evaluated=9900 next=79194/100000 best=0.764431s eval=7929 elapsed=1299.8s
tsp-rs shard=1 evaluated=9950 next=79594/100000 best=0.764431s eval=7929 elapsed=1304.1s
tsp-rs shard=1 evaluated=10000 next=79994/100000 best=0.764431s eval=7929 elapsed=1310.5s
tsp-rs shard=1 evaluated=10050 next=80394/100000 best=0.764431s eval=7929 elapsed=1318.3s
tsp-rs shard=1 evaluated=10100 next=80794/100000 best=0.764431s eval=7929 elapsed=1333.7s
tsp-rs shard=1 evaluated=10150 next=81194/100000 best=0.764431s eval=7929 elapsed=1338.9s
tsp-rs shard=1 evaluated=10200 next=81594/100000 best=0.764431s eval=7929 elapsed=1343.1s
tsp-rs shard=1 evaluated=10250 next=81994/100000 best=0.764431s eval=7929 elapsed=1346.9s
tsp-rs shard=1 evaluated=10300 next=82394/100000 best=0.764431s eval=7929 elapsed=1350.1s
tsp-rs shard=1 evaluated=10350 next=82794/100000 best=0.764431s eval=7929 elapsed=1355.2s
tsp-rs shard=1 evaluated=10400 next=83194/100000 best=0.764431s eval=7929 elapsed=1359.1s
tsp-rs shard=1 evaluated=10450 next=83594/100000 best=0.764431s eval=7929 elapsed=1364.8s
tsp-rs shard=1 evaluated=10500 next=83994/100000 best=0.764431s eval=7929 elapsed=1371.4s
tsp-rs shard=1 evaluated=10550 next=84394/100000 best=0.764431s eval=7929 elapsed=1375.7s
tsp-rs shard=1 evaluated=10600 next=84794/100000 best=0.764431s eval=7929 elapsed=1381.4s
tsp-rs shard=1 evaluated=10650 next=85194/100000 best=0.764431s eval=7929 elapsed=1388.3s
tsp-rs shard=1 evaluated=10700 next=85594/100000 best=0.764431s eval=7929 elapsed=1394.9s
tsp-rs shard=1 evaluated=10750 next=85994/100000 best=0.764431s eval=7929 elapsed=1399.8s
tsp-rs shard=1 evaluated=10800 next=86394/100000 best=0.764431s eval=7929 elapsed=1403.7s
tsp-rs shard=1 evaluated=10850 next=86794/100000 best=0.764431s eval=7929 elapsed=1408.2s
tsp-rs shard=1 evaluated=10900 next=87194/100000 best=0.764431s eval=7929 elapsed=1414.9s
tsp-rs shard=1 evaluated=10950 next=87594/100000 best=0.764431s eval=7929 elapsed=1424.8s
tsp-rs shard=1 evaluated=11000 next=87994/100000 best=0.764431s eval=7929 elapsed=1428.8s
tsp-rs shard=1 evaluated=11050 next=88394/100000 best=0.764431s eval=7929 elapsed=1432.8s
tsp-rs shard=1 evaluated=11100 next=88794/100000 best=0.764431s eval=7929 elapsed=1443.8s
tsp-rs shard=1 evaluated=11150 next=89194/100000 best=0.764431s eval=7929 elapsed=1451.0s
tsp-rs shard=1 evaluated=11200 next=89594/100000 best=0.764431s eval=7929 elapsed=1455.0s
tsp-rs shard=1 evaluated=11250 next=89994/100000 best=0.764431s eval=7929 elapsed=1473.6s
tsp-rs shard=1 evaluated=11300 next=90394/100000 best=0.764431s eval=7929 elapsed=1478.6s
tsp-rs shard=1 evaluated=11350 next=90794/100000 best=0.764431s eval=7929 elapsed=1482.2s
tsp-rs shard=1 evaluated=11400 next=91194/100000 best=0.764431s eval=7929 elapsed=1488.2s
tsp-rs shard=1 evaluated=11450 next=91594/100000 best=0.764431s eval=7929 elapsed=1491.2s
tsp-rs shard=1 evaluated=11500 next=91994/100000 best=0.764431s eval=7929 elapsed=1501.4s
tsp-rs shard=1 evaluated=11550 next=92394/100000 best=0.764431s eval=7929 elapsed=1506.9s
tsp-rs shard=1 evaluated=11600 next=92794/100000 best=0.764431s eval=7929 elapsed=1510.8s
tsp-rs shard=1 evaluated=11650 next=93194/100000 best=0.764431s eval=7929 elapsed=1514.2s
tsp-rs shard=1 evaluated=11700 next=93594/100000 best=0.764431s eval=7929 elapsed=1527.9s
tsp-rs shard=1 evaluated=11750 next=93994/100000 best=0.764431s eval=7929 elapsed=1531.9s
tsp-rs shard=1 evaluated=11800 next=94394/100000 best=0.764431s eval=7929 elapsed=1535.9s
tsp-rs shard=1 evaluated=11850 next=94794/100000 best=0.764431s eval=7929 elapsed=1540.0s
tsp-rs shard=1 evaluated=11900 next=95194/100000 best=0.764431s eval=7929 elapsed=1555.1s
tsp-rs shard=1 evaluated=11950 next=95594/100000 best=0.764431s eval=7929 elapsed=1562.8s
tsp-rs shard=1 evaluated=12000 next=95994/100000 best=0.764431s eval=7929 elapsed=1567.6s
tsp-rs shard=1 evaluated=12050 next=96394/100000 best=0.764431s eval=7929 elapsed=1572.6s
tsp-rs shard=1 evaluated=12100 next=96794/100000 best=0.764431s eval=7929 elapsed=1576.8s
tsp-rs shard=1 evaluated=12150 next=97194/100000 best=0.764431s eval=7929 elapsed=1580.9s
tsp-rs shard=1 evaluated=12200 next=97594/100000 best=0.764431s eval=7929 elapsed=1586.0s
tsp-rs shard=1 evaluated=12250 next=97994/100000 best=0.764431s eval=7929 elapsed=1596.6s
tsp-rs shard=1 evaluated=12300 next=98394/100000 best=0.764431s eval=7929 elapsed=1601.8s
tsp-rs shard=1 evaluated=12350 next=98794/100000 best=0.764431s eval=7929 elapsed=1605.6s
tsp-rs shard=1 evaluated=12400 next=99194/100000 best=0.764431s eval=7929 elapsed=1613.2s
tsp-rs shard=1 evaluated=12450 next=99594/100000 best=0.764431s eval=7929 elapsed=1616.6s
tsp-rs shard=1 evaluated=12500 next=99994/100000 best=0.764431s eval=7929 elapsed=1620.5s
wrote current_machine_rebench/results/followup-four-core/tsp-random-screen-shard1.json
2026-07-19T11:37:24+00:00 DONE tsp-random-screen-1 cpu=4
2026-07-19T11:37:24+00:00 START tsp-random-screen-5 cpu=4 attempt=1
tsp-rs shard=5 evaluated=50 next=398/100000 best=0.025526s eval=253 elapsed=4.1s
tsp-rs shard=5 evaluated=100 next=798/100000 best=0.307014s eval=485 elapsed=15.5s
tsp-rs shard=5 evaluated=150 next=1198/100000 best=0.307014s eval=485 elapsed=21.1s
tsp-rs shard=5 evaluated=200 next=1598/100000 best=0.307014s eval=485 elapsed=29.9s
tsp-rs shard=5 evaluated=250 next=1998/100000 best=0.307014s eval=485 elapsed=34.3s
tsp-rs shard=5 evaluated=300 next=2398/100000 best=0.307014s eval=485 elapsed=42.4s
tsp-rs shard=5 evaluated=350 next=2798/100000 best=0.307014s eval=485 elapsed=46.4s
tsp-rs shard=5 evaluated=400 next=3198/100000 best=0.374389s eval=3005 elapsed=61.5s
tsp-rs shard=5 evaluated=450 next=3598/100000 best=0.374389s eval=3005 elapsed=66.9s
tsp-rs shard=5 evaluated=500 next=3998/100000 best=0.374389s eval=3005 elapsed=71.8s
tsp-rs shard=5 evaluated=550 next=4398/100000 best=0.374389s eval=3005 elapsed=77.5s
tsp-rs shard=5 evaluated=600 next=4798/100000 best=0.374389s eval=3005 elapsed=83.2s
tsp-rs shard=5 evaluated=650 next=5198/100000 best=0.374389s eval=3005 elapsed=87.8s
tsp-rs shard=5 evaluated=700 next=5598/100000 best=0.374389s eval=3005 elapsed=96.3s
tsp-rs shard=5 evaluated=750 next=5998/100000 best=0.374389s eval=3005 elapsed=102.3s
tsp-rs shard=5 evaluated=800 next=6398/100000 best=0.575585s eval=6021 elapsed=119.0s
tsp-rs shard=5 evaluated=850 next=6798/100000 best=0.575585s eval=6021 elapsed=122.4s
tsp-rs shard=5 evaluated=900 next=7198/100000 best=0.575585s eval=6021 elapsed=128.3s
tsp-rs shard=5 evaluated=950 next=7598/100000 best=0.575585s eval=6021 elapsed=133.9s
tsp-rs shard=5 evaluated=1000 next=7998/100000 best=0.575585s eval=6021 elapsed=137.9s
tsp-rs shard=5 evaluated=1050 next=8398/100000 best=0.575585s eval=6021 elapsed=141.3s
tsp-rs shard=5 evaluated=1100 next=8798/100000 best=0.575585s eval=6021 elapsed=149.4s
tsp-rs shard=5 evaluated=1150 next=9198/100000 best=0.575585s eval=6021 elapsed=155.6s
tsp-rs shard=5 evaluated=1200 next=9598/100000 best=0.575585s eval=6021 elapsed=172.6s
tsp-rs shard=5 evaluated=1250 next=9998/100000 best=0.575585s eval=6021 elapsed=175.8s
tsp-rs shard=5 evaluated=1300 next=10398/100000 best=0.575585s eval=6021 elapsed=186.8s
tsp-rs shard=5 evaluated=1350 next=10798/100000 best=0.575585s eval=6021 elapsed=190.5s
tsp-rs shard=5 evaluated=1400 next=11198/100000 best=0.575585s eval=6021 elapsed=195.8s
tsp-rs shard=5 evaluated=1450 next=11598/100000 best=0.575585s eval=6021 elapsed=199.5s
tsp-rs shard=5 evaluated=1500 next=11998/100000 best=0.575585s eval=6021 elapsed=204.0s
tsp-rs shard=5 evaluated=1550 next=12398/100000 best=0.575585s eval=6021 elapsed=208.0s
tsp-rs shard=5 evaluated=1600 next=12798/100000 best=0.575585s eval=6021 elapsed=213.7s
tsp-rs shard=5 evaluated=1650 next=13198/100000 best=0.575585s eval=6021 elapsed=217.5s
tsp-rs shard=5 evaluated=1700 next=13598/100000 best=0.575585s eval=6021 elapsed=221.0s
tsp-rs shard=5 evaluated=1750 next=13998/100000 best=0.575585s eval=6021 elapsed=230.0s
tsp-rs shard=5 evaluated=1800 next=14398/100000 best=0.575585s eval=6021 elapsed=233.7s
tsp-rs shard=5 evaluated=1850 next=14798/100000 best=0.575585s eval=6021 elapsed=238.5s
tsp-rs shard=5 evaluated=1900 next=15198/100000 best=0.575585s eval=6021 elapsed=242.0s
tsp-rs shard=5 evaluated=1950 next=15598/100000 best=0.575585s eval=6021 elapsed=252.6s
tsp-rs shard=5 evaluated=2000 next=15998/100000 best=0.575585s eval=6021 elapsed=256.2s
tsp-rs shard=5 evaluated=2050 next=16398/100000 best=0.575585s eval=6021 elapsed=261.3s
tsp-rs shard=5 evaluated=2100 next=16798/100000 best=0.575585s eval=6021 elapsed=266.2s
tsp-rs shard=5 evaluated=2150 next=17198/100000 best=0.575585s eval=6021 elapsed=270.6s
tsp-rs shard=5 evaluated=2200 next=17598/100000 best=0.575585s eval=6021 elapsed=275.6s
tsp-rs shard=5 evaluated=2250 next=17998/100000 best=0.575585s eval=6021 elapsed=283.7s
tsp-rs shard=5 evaluated=2300 next=18398/100000 best=0.575585s eval=6021 elapsed=293.0s
tsp-rs shard=5 evaluated=2350 next=18798/100000 best=0.575585s eval=6021 elapsed=296.3s
tsp-rs shard=5 evaluated=2400 next=19198/100000 best=0.575585s eval=6021 elapsed=299.8s
tsp-rs shard=5 evaluated=2450 next=19598/100000 best=0.575585s eval=6021 elapsed=302.9s
tsp-rs shard=5 evaluated=2500 next=19998/100000 best=0.575585s eval=6021 elapsed=306.9s
tsp-rs shard=5 evaluated=2550 next=20398/100000 best=0.575585s eval=6021 elapsed=313.0s
tsp-rs shard=5 evaluated=2600 next=20798/100000 best=0.575585s eval=6021 elapsed=316.4s
tsp-rs shard=5 evaluated=2650 next=21198/100000 best=0.575585s eval=6021 elapsed=325.0s
tsp-rs shard=5 evaluated=2700 next=21598/100000 best=0.575585s eval=6021 elapsed=329.1s
tsp-rs shard=5 evaluated=2750 next=21998/100000 best=0.575585s eval=6021 elapsed=333.9s
tsp-rs shard=5 evaluated=2800 next=22398/100000 best=0.575585s eval=6021 elapsed=337.3s
tsp-rs shard=5 evaluated=2850 next=22798/100000 best=0.575585s eval=6021 elapsed=342.3s
tsp-rs shard=5 evaluated=2900 next=23198/100000 best=0.575585s eval=6021 elapsed=346.6s
tsp-rs shard=5 evaluated=2950 next=23598/100000 best=0.575585s eval=6021 elapsed=352.1s
tsp-rs shard=5 evaluated=3000 next=23998/100000 best=0.575585s eval=6021 elapsed=361.1s
tsp-rs shard=5 evaluated=3050 next=24398/100000 best=0.575585s eval=6021 elapsed=366.2s
tsp-rs shard=5 evaluated=3100 next=24798/100000 best=0.575585s eval=6021 elapsed=372.6s
tsp-rs shard=5 evaluated=3150 next=25198/100000 best=0.575585s eval=6021 elapsed=376.9s
tsp-rs shard=5 evaluated=3200 next=25598/100000 best=0.575585s eval=6021 elapsed=389.7s
tsp-rs shard=5 evaluated=3250 next=25998/100000 best=0.575585s eval=6021 elapsed=394.9s
tsp-rs shard=5 evaluated=3300 next=26398/100000 best=0.575585s eval=6021 elapsed=410.0s
tsp-rs shard=5 evaluated=3350 next=26798/100000 best=0.575585s eval=6021 elapsed=413.9s
tsp-rs shard=5 evaluated=3400 next=27198/100000 best=0.575585s eval=6021 elapsed=419.4s
tsp-rs shard=5 evaluated=3450 next=27598/100000 best=0.575585s eval=6021 elapsed=424.8s
tsp-rs shard=5 evaluated=3500 next=27998/100000 best=0.575585s eval=6021 elapsed=428.4s
tsp-rs shard=5 evaluated=3550 next=28398/100000 best=0.575585s eval=6021 elapsed=433.9s
tsp-rs shard=5 evaluated=3600 next=28798/100000 best=0.575585s eval=6021 elapsed=442.4s
tsp-rs shard=5 evaluated=3650 next=29198/100000 best=0.575585s eval=6021 elapsed=445.7s
tsp-rs shard=5 evaluated=3700 next=29598/100000 best=0.575585s eval=6021 elapsed=449.5s
tsp-rs shard=5 evaluated=3750 next=29998/100000 best=0.575585s eval=6021 elapsed=454.6s
tsp-rs shard=5 evaluated=3800 next=30398/100000 best=0.575585s eval=6021 elapsed=465.9s
tsp-rs shard=5 evaluated=3850 next=30798/100000 best=0.575585s eval=6021 elapsed=472.6s
tsp-rs shard=5 evaluated=3900 next=31198/100000 best=0.575585s eval=6021 elapsed=477.4s
tsp-rs shard=5 evaluated=3950 next=31598/100000 best=0.575585s eval=6021 elapsed=487.5s
tsp-rs shard=5 evaluated=4000 next=31998/100000 best=0.575585s eval=6021 elapsed=492.1s
tsp-rs shard=5 evaluated=4050 next=32398/100000 best=0.575585s eval=6021 elapsed=497.0s
tsp-rs shard=5 evaluated=4100 next=32798/100000 best=0.575585s eval=6021 elapsed=500.7s
tsp-rs shard=5 evaluated=4150 next=33198/100000 best=0.575585s eval=6021 elapsed=509.9s
tsp-rs shard=5 evaluated=4200 next=33598/100000 best=0.575585s eval=6021 elapsed=515.7s
tsp-rs shard=5 evaluated=4250 next=33998/100000 best=0.575585s eval=6021 elapsed=519.0s
tsp-rs shard=5 evaluated=4300 next=34398/100000 best=0.575585s eval=6021 elapsed=526.2s
tsp-rs shard=5 evaluated=4350 next=34798/100000 best=0.575585s eval=6021 elapsed=533.0s
tsp-rs shard=5 evaluated=4400 next=35198/100000 best=0.575585s eval=6021 elapsed=537.2s
tsp-rs shard=5 evaluated=4450 next=35598/100000 best=0.575585s eval=6021 elapsed=542.0s
tsp-rs shard=5 evaluated=4500 next=35998/100000 best=0.575585s eval=6021 elapsed=546.6s
tsp-rs shard=5 evaluated=4550 next=36398/100000 best=0.575585s eval=6021 elapsed=549.8s
tsp-rs shard=5 evaluated=4600 next=36798/100000 best=0.575585s eval=6021 elapsed=558.0s
tsp-rs shard=5 evaluated=4650 next=37198/100000 best=0.575585s eval=6021 elapsed=561.9s
tsp-rs shard=5 evaluated=4700 next=37598/100000 best=0.575585s eval=6021 elapsed=565.4s
tsp-rs shard=5 evaluated=4750 next=37998/100000 best=0.575585s eval=6021 elapsed=569.4s
tsp-rs shard=5 evaluated=4800 next=38398/100000 best=0.575585s eval=6021 elapsed=572.7s
tsp-rs shard=5 evaluated=4850 next=38798/100000 best=0.575585s eval=6021 elapsed=584.2s
tsp-rs shard=5 evaluated=4900 next=39198/100000 best=0.575585s eval=6021 elapsed=587.4s
tsp-rs shard=5 evaluated=4950 next=39598/100000 best=0.575585s eval=6021 elapsed=591.7s
tsp-rs shard=5 evaluated=5000 next=39998/100000 best=0.575585s eval=6021 elapsed=597.4s
tsp-rs shard=5 evaluated=5050 next=40398/100000 best=0.575585s eval=6021 elapsed=601.3s
tsp-rs shard=5 evaluated=5100 next=40798/100000 best=0.575585s eval=6021 elapsed=606.1s
tsp-rs shard=5 evaluated=5150 next=41198/100000 best=0.575585s eval=6021 elapsed=613.1s
tsp-rs shard=5 evaluated=5200 next=41598/100000 best=0.575585s eval=6021 elapsed=619.1s
tsp-rs shard=5 evaluated=5250 next=41998/100000 best=0.575585s eval=6021 elapsed=628.2s
tsp-rs shard=5 evaluated=5300 next=42398/100000 best=0.575585s eval=6021 elapsed=632.4s
tsp-rs shard=5 evaluated=5350 next=42798/100000 best=0.575585s eval=6021 elapsed=647.0s
tsp-rs shard=5 evaluated=5400 next=43198/100000 best=0.575585s eval=6021 elapsed=650.5s
tsp-rs shard=5 evaluated=5450 next=43598/100000 best=0.575585s eval=6021 elapsed=658.2s
tsp-rs shard=5 evaluated=5500 next=43998/100000 best=0.575585s eval=6021 elapsed=663.1s
tsp-rs shard=5 evaluated=5550 next=44398/100000 best=0.575585s eval=6021 elapsed=668.9s
tsp-rs shard=5 evaluated=5600 next=44798/100000 best=0.575585s eval=6021 elapsed=674.7s
tsp-rs shard=5 evaluated=5650 next=45198/100000 best=0.575585s eval=6021 elapsed=691.1s
tsp-rs shard=5 evaluated=5700 next=45598/100000 best=0.575585s eval=6021 elapsed=696.7s
tsp-rs shard=5 evaluated=5750 next=45998/100000 best=0.575585s eval=6021 elapsed=701.4s
tsp-rs shard=5 evaluated=5800 next=46398/100000 best=0.575585s eval=6021 elapsed=709.0s
tsp-rs shard=5 evaluated=5850 next=46798/100000 best=0.575585s eval=6021 elapsed=713.4s
tsp-rs shard=5 evaluated=5900 next=47198/100000 best=0.575585s eval=6021 elapsed=720.7s
tsp-rs shard=5 evaluated=5950 next=47598/100000 best=0.575585s eval=6021 elapsed=729.9s
tsp-rs shard=5 evaluated=6000 next=47998/100000 best=0.575585s eval=6021 elapsed=733.0s
tsp-rs shard=5 evaluated=6050 next=48398/100000 best=0.575585s eval=6021 elapsed=736.6s
tsp-rs shard=5 evaluated=6100 next=48798/100000 best=0.575585s eval=6021 elapsed=741.2s
tsp-rs shard=5 evaluated=6150 next=49198/100000 best=0.575585s eval=6021 elapsed=745.9s
tsp-rs shard=5 evaluated=6200 next=49598/100000 best=0.575585s eval=6021 elapsed=750.8s
tsp-rs shard=5 evaluated=6250 next=49998/100000 best=0.575585s eval=6021 elapsed=754.8s
tsp-rs shard=5 evaluated=6300 next=50398/100000 best=0.575585s eval=6021 elapsed=760.8s
tsp-rs shard=5 evaluated=6350 next=50798/100000 best=0.575585s eval=6021 elapsed=772.1s
tsp-rs shard=5 evaluated=6400 next=51198/100000 best=0.575585s eval=6021 elapsed=784.0s
tsp-rs shard=5 evaluated=6450 next=51598/100000 best=0.575585s eval=6021 elapsed=789.6s
tsp-rs shard=5 evaluated=6500 next=51998/100000 best=0.575585s eval=6021 elapsed=794.6s
tsp-rs shard=5 evaluated=6550 next=52398/100000 best=0.575585s eval=6021 elapsed=799.5s
tsp-rs shard=5 evaluated=6600 next=52798/100000 best=0.575585s eval=6021 elapsed=807.6s
tsp-rs shard=5 evaluated=6650 next=53198/100000 best=0.575585s eval=6021 elapsed=812.9s
tsp-rs shard=5 evaluated=6700 next=53598/100000 best=0.575585s eval=6021 elapsed=818.6s
tsp-rs shard=5 evaluated=6750 next=53998/100000 best=0.575585s eval=6021 elapsed=822.1s
tsp-rs shard=5 evaluated=6800 next=54398/100000 best=0.575585s eval=6021 elapsed=831.8s
tsp-rs shard=5 evaluated=6850 next=54798/100000 best=0.575585s eval=6021 elapsed=834.9s
tsp-rs shard=5 evaluated=6900 next=55198/100000 best=0.575585s eval=6021 elapsed=838.7s
tsp-rs shard=5 evaluated=6950 next=55598/100000 best=0.575585s eval=6021 elapsed=842.7s
tsp-rs shard=5 evaluated=7000 next=55998/100000 best=0.575585s eval=6021 elapsed=851.9s
tsp-rs shard=5 evaluated=7050 next=56398/100000 best=0.575585s eval=6021 elapsed=858.9s
tsp-rs shard=5 evaluated=7100 next=56798/100000 best=0.575585s eval=6021 elapsed=864.9s
tsp-rs shard=5 evaluated=7150 next=57198/100000 best=0.575585s eval=6021 elapsed=868.2s
tsp-rs shard=5 evaluated=7200 next=57598/100000 best=0.575585s eval=6021 elapsed=878.6s
tsp-rs shard=5 evaluated=7250 next=57998/100000 best=0.575585s eval=6021 elapsed=882.3s
tsp-rs shard=5 evaluated=7300 next=58398/100000 best=0.575585s eval=6021 elapsed=889.0s
tsp-rs shard=5 evaluated=7350 next=58798/100000 best=0.575585s eval=6021 elapsed=891.9s
tsp-rs shard=5 evaluated=7400 next=59198/100000 best=0.575585s eval=6021 elapsed=899.6s
tsp-rs shard=5 evaluated=7450 next=59598/100000 best=0.575585s eval=6021 elapsed=903.5s
tsp-rs shard=5 evaluated=7500 next=59998/100000 best=0.575585s eval=6021 elapsed=914.1s
tsp-rs shard=5 evaluated=7550 next=60398/100000 best=0.575585s eval=6021 elapsed=930.3s
tsp-rs shard=5 evaluated=7600 next=60798/100000 best=0.575585s eval=6021 elapsed=935.2s
tsp-rs shard=5 evaluated=7650 next=61198/100000 best=0.575585s eval=6021 elapsed=938.5s
tsp-rs shard=5 evaluated=7700 next=61598/100000 best=0.575585s eval=6021 elapsed=946.7s
tsp-rs shard=5 evaluated=7750 next=61998/100000 best=0.575585s eval=6021 elapsed=951.1s
tsp-rs shard=5 evaluated=7800 next=62398/100000 best=0.575585s eval=6021 elapsed=970.5s
tsp-rs shard=5 evaluated=7850 next=62798/100000 best=0.575585s eval=6021 elapsed=974.0s
tsp-rs shard=5 evaluated=7900 next=63198/100000 best=0.575585s eval=6021 elapsed=980.2s
tsp-rs shard=5 evaluated=7950 next=63598/100000 best=0.575585s eval=6021 elapsed=985.2s
tsp-rs shard=5 evaluated=8000 next=63998/100000 best=0.575585s eval=6021 elapsed=988.9s
tsp-rs shard=5 evaluated=8050 next=64398/100000 best=0.575585s eval=6021 elapsed=992.0s
tsp-rs shard=5 evaluated=8100 next=64798/100000 best=0.575585s eval=6021 elapsed=997.0s
tsp-rs shard=5 evaluated=8150 next=65198/100000 best=0.575585s eval=6021 elapsed=1002.7s
tsp-rs shard=5 evaluated=8200 next=65598/100000 best=0.575585s eval=6021 elapsed=1007.4s
tsp-rs shard=5 evaluated=8250 next=65998/100000 best=0.575585s eval=6021 elapsed=1018.3s
tsp-rs shard=5 evaluated=8300 next=66398/100000 best=0.575585s eval=6021 elapsed=1023.1s
tsp-rs shard=5 evaluated=8350 next=66798/100000 best=0.575585s eval=6021 elapsed=1027.1s
tsp-rs shard=5 evaluated=8400 next=67198/100000 best=0.575585s eval=6021 elapsed=1030.9s
tsp-rs shard=5 evaluated=8450 next=67598/100000 best=0.575585s eval=6021 elapsed=1034.1s
tsp-rs shard=5 evaluated=8500 next=67998/100000 best=0.575585s eval=6021 elapsed=1040.1s
tsp-rs shard=5 evaluated=8550 next=68398/100000 best=0.575585s eval=6021 elapsed=1044.7s
tsp-rs shard=5 evaluated=8600 next=68798/100000 best=0.575585s eval=6021 elapsed=1049.0s
tsp-rs shard=5 evaluated=8650 next=69198/100000 best=0.575585s eval=6021 elapsed=1054.6s
tsp-rs shard=5 evaluated=8700 next=69598/100000 best=0.575585s eval=6021 elapsed=1058.7s
tsp-rs shard=5 evaluated=8750 next=69998/100000 best=0.575585s eval=6021 elapsed=1063.1s
tsp-rs shard=5 evaluated=8800 next=70398/100000 best=0.575585s eval=6021 elapsed=1067.5s
tsp-rs shard=5 evaluated=8850 next=70798/100000 best=0.575585s eval=6021 elapsed=1072.2s
tsp-rs shard=5 evaluated=8900 next=71198/100000 best=0.575585s eval=6021 elapsed=1075.5s
tsp-rs shard=5 evaluated=8950 next=71598/100000 best=0.575585s eval=6021 elapsed=1084.0s
tsp-rs shard=5 evaluated=9000 next=71998/100000 best=0.575585s eval=6021 elapsed=1087.7s
tsp-rs shard=5 evaluated=9050 next=72398/100000 best=0.575585s eval=6021 elapsed=1097.2s
tsp-rs shard=5 evaluated=9100 next=72798/100000 best=0.575585s eval=6021 elapsed=1111.3s
tsp-rs shard=5 evaluated=9150 next=73198/100000 best=0.575585s eval=6021 elapsed=1114.5s
tsp-rs shard=5 evaluated=9200 next=73598/100000 best=0.575585s eval=6021 elapsed=1119.8s
tsp-rs shard=5 evaluated=9250 next=73998/100000 best=0.575585s eval=6021 elapsed=1126.3s
tsp-rs shard=5 evaluated=9300 next=74398/100000 best=0.575585s eval=6021 elapsed=1129.8s
tsp-rs shard=5 evaluated=9350 next=74798/100000 best=0.575585s eval=6021 elapsed=1134.3s
tsp-rs shard=5 evaluated=9400 next=75198/100000 best=0.575585s eval=6021 elapsed=1154.3s
tsp-rs shard=5 evaluated=9450 next=75598/100000 best=0.575585s eval=6021 elapsed=1158.5s
tsp-rs shard=5 evaluated=9500 next=75998/100000 best=0.575585s eval=6021 elapsed=1162.8s
tsp-rs shard=5 evaluated=9550 next=76398/100000 best=0.575585s eval=6021 elapsed=1171.5s
tsp-rs shard=5 evaluated=9600 next=76798/100000 best=0.575585s eval=6021 elapsed=1175.3s
tsp-rs shard=5 evaluated=9650 next=77198/100000 best=0.575585s eval=6021 elapsed=1180.7s
tsp-rs shard=5 evaluated=9700 next=77598/100000 best=0.575585s eval=6021 elapsed=1186.7s
tsp-rs shard=5 evaluated=9750 next=77998/100000 best=0.575585s eval=6021 elapsed=1190.7s
tsp-rs shard=5 evaluated=9800 next=78398/100000 best=0.575585s eval=6021 elapsed=1199.5s
tsp-rs shard=5 evaluated=9850 next=78798/100000 best=0.575585s eval=6021 elapsed=1208.4s
tsp-rs shard=5 evaluated=9900 next=79198/100000 best=0.575585s eval=6021 elapsed=1219.1s
tsp-rs shard=5 evaluated=9950 next=79598/100000 best=0.575585s eval=6021 elapsed=1222.9s
tsp-rs shard=5 evaluated=10000 next=79998/100000 best=0.575585s eval=6021 elapsed=1226.2s
tsp-rs shard=5 evaluated=10050 next=80398/100000 best=0.575585s eval=6021 elapsed=1232.5s
tsp-rs shard=5 evaluated=10100 next=80798/100000 best=0.575585s eval=6021 elapsed=1243.1s
tsp-rs shard=5 evaluated=10150 next=81198/100000 best=0.575585s eval=6021 elapsed=1247.1s
tsp-rs shard=5 evaluated=10200 next=81598/100000 best=0.575585s eval=6021 elapsed=1254.6s
tsp-rs shard=5 evaluated=10250 next=81998/100000 best=0.575585s eval=6021 elapsed=1259.3s
tsp-rs shard=5 evaluated=10300 next=82398/100000 best=0.575585s eval=6021 elapsed=1262.7s
tsp-rs shard=5 evaluated=10350 next=82798/100000 best=0.575585s eval=6021 elapsed=1268.4s
tsp-rs shard=5 evaluated=10400 next=83198/100000 best=0.575585s eval=6021 elapsed=1275.3s
tsp-rs shard=5 evaluated=10450 next=83598/100000 best=0.575585s eval=6021 elapsed=1280.0s
tsp-rs shard=5 evaluated=10500 next=83998/100000 best=0.575585s eval=6021 elapsed=1286.8s
tsp-rs shard=5 evaluated=10550 next=84398/100000 best=0.575585s eval=6021 elapsed=1290.5s
tsp-rs shard=5 evaluated=10600 next=84798/100000 best=0.575585s eval=6021 elapsed=1298.7s
tsp-rs shard=5 evaluated=10650 next=85198/100000 best=0.575585s eval=6021 elapsed=1303.2s
tsp-rs shard=5 evaluated=10700 next=85598/100000 best=0.575585s eval=6021 elapsed=1306.9s
tsp-rs shard=5 evaluated=10750 next=85998/100000 best=0.575585s eval=6021 elapsed=1314.6s
tsp-rs shard=5 evaluated=10800 next=86398/100000 best=0.575585s eval=6021 elapsed=1322.0s
tsp-rs shard=5 evaluated=10850 next=86798/100000 best=0.575585s eval=6021 elapsed=1329.1s
tsp-rs shard=5 evaluated=10900 next=87198/100000 best=0.575585s eval=6021 elapsed=1334.1s
tsp-rs shard=5 evaluated=10950 next=87598/100000 best=0.575585s eval=6021 elapsed=1337.4s
tsp-rs shard=5 evaluated=11000 next=87998/100000 best=0.575585s eval=6021 elapsed=1341.4s
tsp-rs shard=5 evaluated=11050 next=88398/100000 best=0.575585s eval=6021 elapsed=1346.0s
tsp-rs shard=5 evaluated=11100 next=88798/100000 best=0.575585s eval=6021 elapsed=1350.8s
tsp-rs shard=5 evaluated=11150 next=89198/100000 best=0.575585s eval=6021 elapsed=1356.7s
tsp-rs shard=5 evaluated=11200 next=89598/100000 best=0.575585s eval=6021 elapsed=1363.2s
tsp-rs shard=5 evaluated=11250 next=89998/100000 best=0.575585s eval=6021 elapsed=1368.4s
tsp-rs shard=5 evaluated=11300 next=90398/100000 best=0.575585s eval=6021 elapsed=1372.9s
tsp-rs shard=5 evaluated=11350 next=90798/100000 best=0.575585s eval=6021 elapsed=1376.4s
tsp-rs shard=5 evaluated=11400 next=91198/100000 best=0.575585s eval=6021 elapsed=1384.7s
tsp-rs shard=5 evaluated=11450 next=91598/100000 best=0.575585s eval=6021 elapsed=1391.9s
tsp-rs shard=5 evaluated=11500 next=91998/100000 best=0.575585s eval=6021 elapsed=1395.9s
tsp-rs shard=5 evaluated=11550 next=92398/100000 best=0.575585s eval=6021 elapsed=1401.4s
tsp-rs shard=5 evaluated=11600 next=92798/100000 best=0.575585s eval=6021 elapsed=1413.9s
tsp-rs shard=5 evaluated=11650 next=93198/100000 best=0.575585s eval=6021 elapsed=1421.8s
tsp-rs shard=5 evaluated=11700 next=93598/100000 best=0.575585s eval=6021 elapsed=1430.3s
tsp-rs shard=5 evaluated=11750 next=93998/100000 best=0.575585s eval=6021 elapsed=1436.1s
tsp-rs shard=5 evaluated=11800 next=94398/100000 best=0.575585s eval=6021 elapsed=1443.0s
tsp-rs shard=5 evaluated=11850 next=94798/100000 best=0.575585s eval=6021 elapsed=1451.0s
tsp-rs shard=5 evaluated=11900 next=95198/100000 best=0.575585s eval=6021 elapsed=1457.2s
tsp-rs shard=5 evaluated=11950 next=95598/100000 best=0.575585s eval=6021 elapsed=1465.9s
tsp-rs shard=5 evaluated=12000 next=95998/100000 best=0.575585s eval=6021 elapsed=1469.6s
tsp-rs shard=5 evaluated=12050 next=96398/100000 best=0.575585s eval=6021 elapsed=1474.1s
tsp-rs shard=5 evaluated=12100 next=96798/100000 best=0.575585s eval=6021 elapsed=1482.5s
tsp-rs shard=5 evaluated=12150 next=97198/100000 best=0.575585s eval=6021 elapsed=1486.8s
tsp-rs shard=5 evaluated=12200 next=97598/100000 best=0.575585s eval=6021 elapsed=1492.2s
tsp-rs shard=5 evaluated=12250 next=97998/100000 best=0.575585s eval=6021 elapsed=1495.5s
tsp-rs shard=5 evaluated=12300 next=98398/100000 best=0.575585s eval=6021 elapsed=1502.8s
tsp-rs shard=5 evaluated=12350 next=98798/100000 best=0.575585s eval=6021 elapsed=1514.1s
tsp-rs shard=5 evaluated=12400 next=99198/100000 best=0.575585s eval=6021 elapsed=1525.0s
tsp-rs shard=5 evaluated=12450 next=99598/100000 best=0.575585s eval=6021 elapsed=1529.0s
tsp-rs shard=5 evaluated=12500 next=99998/100000 best=0.575585s eval=6021 elapsed=1532.7s
wrote current_machine_rebench/results/followup-four-core/tsp-random-screen-shard5.json
2026-07-19T12:02:59+00:00 DONE tsp-random-screen-5 cpu=4
