2026-07-19T13:39:48+00:00 START ham-random-perm_int cpu=2 attempt=1
ham-rs perm_int 250/100000 best=0.034476s eval=170 elapsed=5.4s
ham-rs perm_int 500/100000 best=0.041006s eval=331 elapsed=10.8s
ham-rs perm_int 750/100000 best=0.050321s eval=529 elapsed=16.3s
ham-rs perm_int 1000/100000 best=0.050321s eval=529 elapsed=21.7s
ham-rs perm_int 1250/100000 best=0.050321s eval=529 elapsed=27.0s
ham-rs perm_int 1500/100000 best=0.050321s eval=529 elapsed=32.5s
ham-rs perm_int 1750/100000 best=0.050321s eval=529 elapsed=37.5s
ham-rs perm_int 2000/100000 best=0.050321s eval=529 elapsed=43.0s
ham-rs perm_int 2250/100000 best=0.050321s eval=529 elapsed=48.4s
ham-rs perm_int 2500/100000 best=0.050321s eval=529 elapsed=53.9s
ham-rs perm_int 2750/100000 best=0.050321s eval=529 elapsed=59.6s
ham-rs perm_int 3000/100000 best=0.060853s eval=2945 elapsed=65.2s
ham-rs perm_int 3250/100000 best=0.060853s eval=2945 elapsed=71.1s
ham-rs perm_int 3500/100000 best=0.060853s eval=2945 elapsed=76.5s
ham-rs perm_int 3750/100000 best=0.060853s eval=2945 elapsed=81.8s
ham-rs perm_int 4000/100000 best=0.060853s eval=2945 elapsed=87.2s
ham-rs perm_int 4250/100000 best=0.060853s eval=2945 elapsed=92.5s
ham-rs perm_int 4500/100000 best=0.060853s eval=2945 elapsed=98.2s
ham-rs perm_int 4750/100000 best=0.060853s eval=2945 elapsed=103.7s
ham-rs perm_int 5000/100000 best=0.060853s eval=2945 elapsed=109.0s
ham-rs perm_int 5250/100000 best=0.060853s eval=2945 elapsed=114.5s
ham-rs perm_int 5500/100000 best=0.060853s eval=2945 elapsed=119.9s
ham-rs perm_int 5750/100000 best=0.100767s eval=5578 elapsed=125.4s
ham-rs perm_int 6000/100000 best=0.100767s eval=5578 elapsed=130.9s
ham-rs perm_int 6250/100000 best=0.100767s eval=5578 elapsed=136.5s
ham-rs perm_int 6500/100000 best=0.100767s eval=5578 elapsed=141.6s
ham-rs perm_int 6750/100000 best=0.100767s eval=5578 elapsed=147.1s
ham-rs perm_int 7000/100000 best=0.100767s eval=5578 elapsed=152.7s
ham-rs perm_int 7250/100000 best=0.100767s eval=5578 elapsed=158.4s
ham-rs perm_int 7500/100000 best=0.100767s eval=5578 elapsed=163.9s
ham-rs perm_int 7750/100000 best=0.100767s eval=5578 elapsed=169.2s
ham-rs perm_int 8000/100000 best=0.100767s eval=5578 elapsed=174.6s
ham-rs perm_int 8250/100000 best=0.100767s eval=5578 elapsed=180.1s
ham-rs perm_int 8500/100000 best=0.100767s eval=5578 elapsed=185.8s
ham-rs perm_int 8750/100000 best=0.100767s eval=5578 elapsed=191.3s
ham-rs perm_int 9000/100000 best=0.176368s eval=8912 elapsed=197.0s
ham-rs perm_int 9250/100000 best=0.176368s eval=8912 elapsed=202.4s
ham-rs perm_int 9500/100000 best=0.176368s eval=8912 elapsed=207.9s
ham-rs perm_int 9750/100000 best=0.176368s eval=8912 elapsed=213.2s
ham-rs perm_int 10000/100000 best=0.176368s eval=8912 elapsed=218.8s
ham-rs perm_int 10250/100000 best=0.216963s eval=10135 elapsed=224.3s
ham-rs perm_int 10500/100000 best=0.216963s eval=10135 elapsed=229.9s
ham-rs perm_int 10750/100000 best=0.216963s eval=10135 elapsed=235.4s
ham-rs perm_int 11000/100000 best=0.216963s eval=10135 elapsed=240.7s
ham-rs perm_int 11250/100000 best=0.216963s eval=10135 elapsed=246.4s
ham-rs perm_int 11500/100000 best=0.216963s eval=10135 elapsed=252.0s
ham-rs perm_int 11750/100000 best=0.216963s eval=10135 elapsed=257.4s
ham-rs perm_int 12000/100000 best=0.216963s eval=10135 elapsed=262.9s
ham-rs perm_int 12250/100000 best=0.216963s eval=10135 elapsed=268.4s
ham-rs perm_int 12500/100000 best=0.216963s eval=10135 elapsed=273.7s
ham-rs perm_int 12750/100000 best=0.216963s eval=10135 elapsed=279.2s
ham-rs perm_int 13000/100000 best=0.216963s eval=10135 elapsed=284.8s
ham-rs perm_int 13250/100000 best=0.216963s eval=10135 elapsed=290.0s
ham-rs perm_int 13500/100000 best=0.216963s eval=10135 elapsed=295.5s
ham-rs perm_int 13750/100000 best=0.216963s eval=10135 elapsed=301.3s
ham-rs perm_int 14000/100000 best=0.216963s eval=10135 elapsed=306.5s
ham-rs perm_int 14250/100000 best=0.216963s eval=10135 elapsed=312.2s
ham-rs perm_int 14500/100000 best=0.216963s eval=10135 elapsed=317.6s
ham-rs perm_int 14750/100000 best=0.216963s eval=10135 elapsed=323.2s
ham-rs perm_int 15000/100000 best=0.216963s eval=10135 elapsed=328.9s
ham-rs perm_int 15250/100000 best=0.216963s eval=10135 elapsed=334.4s
ham-rs perm_int 15500/100000 best=0.216963s eval=10135 elapsed=339.8s
ham-rs perm_int 15750/100000 best=0.216963s eval=10135 elapsed=345.4s
ham-rs perm_int 16000/100000 best=0.216963s eval=10135 elapsed=350.9s
ham-rs perm_int 16250/100000 best=0.216963s eval=10135 elapsed=356.6s
ham-rs perm_int 16500/100000 best=0.216963s eval=10135 elapsed=362.1s
ham-rs perm_int 16750/100000 best=0.216963s eval=10135 elapsed=367.5s
ham-rs perm_int 17000/100000 best=0.359489s eval=16756 elapsed=373.2s
ham-rs perm_int 17250/100000 best=0.359489s eval=16756 elapsed=378.6s
ham-rs perm_int 17500/100000 best=0.359489s eval=16756 elapsed=384.2s
ham-rs perm_int 17750/100000 best=0.359489s eval=16756 elapsed=389.8s
ham-rs perm_int 18000/100000 best=0.359489s eval=16756 elapsed=395.5s
ham-rs perm_int 18250/100000 best=0.359489s eval=16756 elapsed=400.8s
ham-rs perm_int 18500/100000 best=0.359489s eval=16756 elapsed=406.3s
ham-rs perm_int 18750/100000 best=0.359489s eval=16756 elapsed=411.8s
ham-rs perm_int 19000/100000 best=0.359489s eval=16756 elapsed=417.1s
ham-rs perm_int 19250/100000 best=0.359489s eval=16756 elapsed=422.9s
ham-rs perm_int 19500/100000 best=0.359489s eval=16756 elapsed=428.2s
ham-rs perm_int 19750/100000 best=0.359489s eval=16756 elapsed=433.5s
ham-rs perm_int 20000/100000 best=0.359489s eval=16756 elapsed=438.7s
ham-rs perm_int 20250/100000 best=0.359489s eval=16756 elapsed=444.1s
ham-rs perm_int 20500/100000 best=0.359489s eval=16756 elapsed=449.6s
ham-rs perm_int 20750/100000 best=0.359489s eval=16756 elapsed=455.1s
ham-rs perm_int 21000/100000 best=0.359489s eval=16756 elapsed=460.5s
ham-rs perm_int 21250/100000 best=0.510978s eval=21034 elapsed=466.2s
ham-rs perm_int 21500/100000 best=0.510978s eval=21034 elapsed=471.9s
ham-rs perm_int 21750/100000 best=0.510978s eval=21034 elapsed=477.3s
ham-rs perm_int 22000/100000 best=0.510978s eval=21034 elapsed=482.7s
ham-rs perm_int 22250/100000 best=0.510978s eval=21034 elapsed=488.4s
ham-rs perm_int 22500/100000 best=0.510978s eval=21034 elapsed=494.0s
ham-rs perm_int 22750/100000 best=0.510978s eval=21034 elapsed=499.3s
ham-rs perm_int 23000/100000 best=0.510978s eval=21034 elapsed=504.7s
ham-rs perm_int 23250/100000 best=0.510978s eval=21034 elapsed=510.0s
ham-rs perm_int 23500/100000 best=0.510978s eval=21034 elapsed=515.8s
ham-rs perm_int 23750/100000 best=0.510978s eval=21034 elapsed=521.4s
ham-rs perm_int 24000/100000 best=0.510978s eval=21034 elapsed=526.9s
ham-rs perm_int 24250/100000 best=0.510978s eval=21034 elapsed=532.6s
ham-rs perm_int 24500/100000 best=0.510978s eval=21034 elapsed=538.1s
ham-rs perm_int 24750/100000 best=0.510978s eval=21034 elapsed=543.6s
ham-rs perm_int 25000/100000 best=0.510978s eval=21034 elapsed=549.0s
ham-rs perm_int 25250/100000 best=0.510978s eval=21034 elapsed=554.5s
ham-rs perm_int 25500/100000 best=0.510978s eval=21034 elapsed=560.0s
ham-rs perm_int 25750/100000 best=0.510978s eval=21034 elapsed=565.5s
ham-rs perm_int 26000/100000 best=0.510978s eval=21034 elapsed=571.2s
ham-rs perm_int 26250/100000 best=0.510978s eval=21034 elapsed=576.7s
ham-rs perm_int 26500/100000 best=0.510978s eval=21034 elapsed=582.4s
ham-rs perm_int 26750/100000 best=0.510978s eval=21034 elapsed=588.0s
ham-rs perm_int 27000/100000 best=0.510978s eval=21034 elapsed=593.5s
ham-rs perm_int 27250/100000 best=0.510978s eval=21034 elapsed=599.2s
ham-rs perm_int 27500/100000 best=0.510978s eval=21034 elapsed=605.0s
ham-rs perm_int 27750/100000 best=0.510978s eval=21034 elapsed=610.3s
ham-rs perm_int 28000/100000 best=0.510978s eval=21034 elapsed=615.9s
ham-rs perm_int 28250/100000 best=0.510978s eval=21034 elapsed=621.2s
ham-rs perm_int 28500/100000 best=0.510978s eval=21034 elapsed=626.5s
ham-rs perm_int 28750/100000 best=0.510978s eval=21034 elapsed=631.7s
ham-rs perm_int 29000/100000 best=0.510978s eval=21034 elapsed=637.3s
ham-rs perm_int 29250/100000 best=0.510978s eval=21034 elapsed=642.7s
ham-rs perm_int 29500/100000 best=0.510978s eval=21034 elapsed=648.0s
ham-rs perm_int 29750/100000 best=0.510978s eval=21034 elapsed=653.4s
ham-rs perm_int 30000/100000 best=0.510978s eval=21034 elapsed=659.1s
ham-rs perm_int 30250/100000 best=0.510978s eval=21034 elapsed=664.7s
ham-rs perm_int 30500/100000 best=0.510978s eval=21034 elapsed=670.4s
ham-rs perm_int 30750/100000 best=0.510978s eval=21034 elapsed=675.7s
ham-rs perm_int 31000/100000 best=0.510978s eval=21034 elapsed=681.2s
ham-rs perm_int 31250/100000 best=0.510978s eval=21034 elapsed=686.6s
ham-rs perm_int 31500/100000 best=0.510978s eval=21034 elapsed=692.1s
ham-rs perm_int 31750/100000 best=0.510978s eval=21034 elapsed=697.4s
ham-rs perm_int 32000/100000 best=0.510978s eval=21034 elapsed=703.1s
ham-rs perm_int 32250/100000 best=0.510978s eval=21034 elapsed=708.8s
ham-rs perm_int 32500/100000 best=0.510978s eval=21034 elapsed=714.2s
ham-rs perm_int 32750/100000 best=0.510978s eval=21034 elapsed=719.8s
ham-rs perm_int 33000/100000 best=0.510978s eval=21034 elapsed=725.4s
ham-rs perm_int 33250/100000 best=0.510978s eval=21034 elapsed=730.6s
ham-rs perm_int 33500/100000 best=0.510978s eval=21034 elapsed=736.3s
ham-rs perm_int 33750/100000 best=0.510978s eval=21034 elapsed=741.7s
ham-rs perm_int 34000/100000 best=0.510978s eval=21034 elapsed=747.4s
ham-rs perm_int 34250/100000 best=0.510978s eval=21034 elapsed=752.9s
ham-rs perm_int 34500/100000 best=0.510978s eval=21034 elapsed=758.6s
ham-rs perm_int 34750/100000 best=0.510978s eval=21034 elapsed=764.0s
ham-rs perm_int 35000/100000 best=0.510978s eval=21034 elapsed=769.6s
ham-rs perm_int 35250/100000 best=0.510978s eval=21034 elapsed=775.3s
ham-rs perm_int 35500/100000 best=0.510978s eval=21034 elapsed=781.1s
ham-rs perm_int 35750/100000 best=0.510978s eval=21034 elapsed=787.0s
ham-rs perm_int 36000/100000 best=0.510978s eval=21034 elapsed=792.7s
ham-rs perm_int 36250/100000 best=0.510978s eval=21034 elapsed=798.3s
ham-rs perm_int 36500/100000 best=0.510978s eval=21034 elapsed=803.8s
ham-rs perm_int 36750/100000 best=0.510978s eval=21034 elapsed=809.1s
ham-rs perm_int 37000/100000 best=0.510978s eval=21034 elapsed=814.3s
ham-rs perm_int 37250/100000 best=0.510978s eval=21034 elapsed=820.0s
ham-rs perm_int 37500/100000 best=0.510978s eval=21034 elapsed=825.4s
ham-rs perm_int 37750/100000 best=0.510978s eval=21034 elapsed=831.0s
ham-rs perm_int 38000/100000 best=0.510978s eval=21034 elapsed=836.6s
ham-rs perm_int 38250/100000 best=0.510978s eval=21034 elapsed=841.9s
ham-rs perm_int 38500/100000 best=0.510978s eval=21034 elapsed=847.5s
ham-rs perm_int 38750/100000 best=0.510978s eval=21034 elapsed=853.3s
ham-rs perm_int 39000/100000 best=0.510978s eval=21034 elapsed=858.9s
ham-rs perm_int 39250/100000 best=0.510978s eval=21034 elapsed=864.5s
ham-rs perm_int 39500/100000 best=0.510978s eval=21034 elapsed=869.8s
ham-rs perm_int 39750/100000 best=0.510978s eval=21034 elapsed=875.3s
ham-rs perm_int 40000/100000 best=0.652903s eval=39937 elapsed=881.5s
ham-rs perm_int 40250/100000 best=0.652903s eval=39937 elapsed=887.1s
ham-rs perm_int 40500/100000 best=0.652903s eval=39937 elapsed=892.7s
ham-rs perm_int 40750/100000 best=0.652903s eval=39937 elapsed=898.2s
ham-rs perm_int 41000/100000 best=0.652903s eval=39937 elapsed=903.5s
ham-rs perm_int 41250/100000 best=0.652903s eval=39937 elapsed=909.1s
ham-rs perm_int 41500/100000 best=0.652903s eval=39937 elapsed=914.3s
ham-rs perm_int 41750/100000 best=0.652903s eval=39937 elapsed=919.8s
ham-rs perm_int 42000/100000 best=0.652903s eval=39937 elapsed=925.2s
ham-rs perm_int 42250/100000 best=0.652903s eval=39937 elapsed=930.8s
ham-rs perm_int 42500/100000 best=0.652903s eval=39937 elapsed=936.2s
ham-rs perm_int 42750/100000 best=0.652903s eval=39937 elapsed=941.4s
ham-rs perm_int 43000/100000 best=0.652903s eval=39937 elapsed=947.1s
ham-rs perm_int 43250/100000 best=0.652903s eval=39937 elapsed=952.5s
ham-rs perm_int 43500/100000 best=0.652903s eval=39937 elapsed=957.8s
ham-rs perm_int 43750/100000 best=0.652903s eval=39937 elapsed=963.2s
ham-rs perm_int 44000/100000 best=0.652903s eval=39937 elapsed=969.1s
ham-rs perm_int 44250/100000 best=0.652903s eval=39937 elapsed=974.5s
ham-rs perm_int 44500/100000 best=0.652903s eval=39937 elapsed=980.0s
ham-rs perm_int 44750/100000 best=0.652903s eval=39937 elapsed=985.7s
ham-rs perm_int 45000/100000 best=0.652903s eval=39937 elapsed=991.4s
ham-rs perm_int 45250/100000 best=0.652903s eval=39937 elapsed=997.0s
ham-rs perm_int 45500/100000 best=0.652903s eval=39937 elapsed=1002.5s
ham-rs perm_int 45750/100000 best=0.652903s eval=39937 elapsed=1008.2s
ham-rs perm_int 46000/100000 best=0.652903s eval=39937 elapsed=1013.7s
ham-rs perm_int 46250/100000 best=0.652903s eval=39937 elapsed=1019.4s
ham-rs perm_int 46500/100000 best=0.652903s eval=39937 elapsed=1025.3s
ham-rs perm_int 46750/100000 best=0.652903s eval=39937 elapsed=1030.7s
ham-rs perm_int 47000/100000 best=0.652903s eval=39937 elapsed=1035.9s
ham-rs perm_int 47250/100000 best=0.652903s eval=39937 elapsed=1041.4s
ham-rs perm_int 47500/100000 best=0.652903s eval=39937 elapsed=1046.9s
ham-rs perm_int 47750/100000 best=0.652903s eval=39937 elapsed=1052.6s
ham-rs perm_int 48000/100000 best=0.652903s eval=39937 elapsed=1058.3s
ham-rs perm_int 48250/100000 best=0.652903s eval=39937 elapsed=1064.2s
ham-rs perm_int 48500/100000 best=0.652903s eval=39937 elapsed=1070.2s
ham-rs perm_int 48750/100000 best=0.652903s eval=39937 elapsed=1075.9s
ham-rs perm_int 49000/100000 best=0.652903s eval=39937 elapsed=1081.5s
ham-rs perm_int 49250/100000 best=0.652903s eval=39937 elapsed=1087.3s
ham-rs perm_int 49500/100000 best=0.652903s eval=39937 elapsed=1093.4s
ham-rs perm_int 49750/100000 best=0.652903s eval=39937 elapsed=1099.1s
ham-rs perm_int 50000/100000 best=0.652903s eval=39937 elapsed=1104.6s
ham-rs perm_int 50250/100000 best=0.652903s eval=39937 elapsed=1110.0s
ham-rs perm_int 50500/100000 best=0.652903s eval=39937 elapsed=1115.3s
ham-rs perm_int 50750/100000 best=0.652903s eval=39937 elapsed=1120.7s
ham-rs perm_int 51000/100000 best=0.652903s eval=39937 elapsed=1126.2s
ham-rs perm_int 51250/100000 best=0.652903s eval=39937 elapsed=1131.9s
ham-rs perm_int 51500/100000 best=0.652903s eval=39937 elapsed=1137.5s
ham-rs perm_int 51750/100000 best=0.652903s eval=39937 elapsed=1143.3s
ham-rs perm_int 52000/100000 best=0.652903s eval=39937 elapsed=1149.0s
ham-rs perm_int 52250/100000 best=0.652903s eval=39937 elapsed=1154.7s
ham-rs perm_int 52500/100000 best=0.652903s eval=39937 elapsed=1160.3s
ham-rs perm_int 52750/100000 best=0.652903s eval=39937 elapsed=1165.9s
ham-rs perm_int 53000/100000 best=0.652903s eval=39937 elapsed=1171.5s
ham-rs perm_int 53250/100000 best=0.652903s eval=39937 elapsed=1177.4s
ham-rs perm_int 53500/100000 best=0.652903s eval=39937 elapsed=1182.8s
ham-rs perm_int 53750/100000 best=0.652903s eval=39937 elapsed=1188.5s
ham-rs perm_int 54000/100000 best=0.652903s eval=39937 elapsed=1194.6s
ham-rs perm_int 54250/100000 best=0.652903s eval=39937 elapsed=1200.4s
ham-rs perm_int 54500/100000 best=0.652903s eval=39937 elapsed=1207.8s
ham-rs perm_int 54750/100000 best=0.652903s eval=39937 elapsed=1215.9s
ham-rs perm_int 55000/100000 best=0.652903s eval=39937 elapsed=1224.0s
ham-rs perm_int 55250/100000 best=0.652903s eval=39937 elapsed=1231.7s
ham-rs perm_int 55500/100000 best=0.652903s eval=39937 elapsed=1240.1s
ham-rs perm_int 55750/100000 best=0.652903s eval=39937 elapsed=1247.5s
ham-rs perm_int 56000/100000 best=0.652903s eval=39937 elapsed=1255.4s
ham-rs perm_int 56250/100000 best=0.652903s eval=39937 elapsed=1263.4s
ham-rs perm_int 56500/100000 best=0.652903s eval=39937 elapsed=1270.6s
ham-rs perm_int 56750/100000 best=0.652903s eval=39937 elapsed=1278.2s
ham-rs perm_int 57000/100000 best=0.652903s eval=39937 elapsed=1284.6s
ham-rs perm_int 57250/100000 best=0.652903s eval=39937 elapsed=1290.2s
ham-rs perm_int 57500/100000 best=0.652903s eval=39937 elapsed=1296.7s
ham-rs perm_int 57750/100000 best=0.652903s eval=39937 elapsed=1303.3s
ham-rs perm_int 58000/100000 best=0.652903s eval=39937 elapsed=1308.9s
ham-rs perm_int 58250/100000 best=0.652903s eval=39937 elapsed=1314.5s
ham-rs perm_int 58500/100000 best=0.652903s eval=39937 elapsed=1320.3s
ham-rs perm_int 58750/100000 best=0.652903s eval=39937 elapsed=1325.8s
ham-rs perm_int 59000/100000 best=0.652903s eval=39937 elapsed=1331.4s
ham-rs perm_int 59250/100000 best=0.652903s eval=39937 elapsed=1336.9s
ham-rs perm_int 59500/100000 best=0.652903s eval=39937 elapsed=1342.4s
ham-rs perm_int 59750/100000 best=0.652903s eval=39937 elapsed=1348.1s
ham-rs perm_int 60000/100000 best=0.652903s eval=39937 elapsed=1353.8s
ham-rs perm_int 60250/100000 best=0.652903s eval=39937 elapsed=1359.4s
ham-rs perm_int 60500/100000 best=0.652903s eval=39937 elapsed=1364.8s
ham-rs perm_int 60750/100000 best=0.652903s eval=39937 elapsed=1370.4s
ham-rs perm_int 61000/100000 best=0.652903s eval=39937 elapsed=1375.8s
ham-rs perm_int 61250/100000 best=0.652903s eval=39937 elapsed=1381.5s
ham-rs perm_int 61500/100000 best=0.652903s eval=39937 elapsed=1387.3s
ham-rs perm_int 61750/100000 best=0.652903s eval=39937 elapsed=1392.7s
ham-rs perm_int 62000/100000 best=0.652903s eval=39937 elapsed=1398.5s
ham-rs perm_int 62250/100000 best=0.652903s eval=39937 elapsed=1404.0s
ham-rs perm_int 62500/100000 best=0.652903s eval=39937 elapsed=1409.6s
ham-rs perm_int 62750/100000 best=0.652903s eval=39937 elapsed=1415.4s
ham-rs perm_int 63000/100000 best=0.652903s eval=39937 elapsed=1421.1s
ham-rs perm_int 63250/100000 best=0.652903s eval=39937 elapsed=1426.8s
ham-rs perm_int 63500/100000 best=0.652903s eval=39937 elapsed=1432.4s
ham-rs perm_int 63750/100000 best=0.652903s eval=39937 elapsed=1438.1s
ham-rs perm_int 64000/100000 best=0.652903s eval=39937 elapsed=1443.4s
ham-rs perm_int 64250/100000 best=0.652903s eval=39937 elapsed=1449.1s
ham-rs perm_int 64500/100000 best=0.652903s eval=39937 elapsed=1454.7s
ham-rs perm_int 64750/100000 best=0.652903s eval=39937 elapsed=1460.3s
ham-rs perm_int 65000/100000 best=0.652903s eval=39937 elapsed=1466.0s
ham-rs perm_int 65250/100000 best=0.652903s eval=39937 elapsed=1471.4s
ham-rs perm_int 65500/100000 best=0.652903s eval=39937 elapsed=1477.3s
ham-rs perm_int 65750/100000 best=0.652903s eval=39937 elapsed=1482.8s
ham-rs perm_int 66000/100000 best=0.652903s eval=39937 elapsed=1488.3s
ham-rs perm_int 66250/100000 best=0.652903s eval=39937 elapsed=1493.7s
ham-rs perm_int 66500/100000 best=0.652903s eval=39937 elapsed=1499.3s
ham-rs perm_int 66750/100000 best=0.652903s eval=39937 elapsed=1504.6s
ham-rs perm_int 67000/100000 best=0.652903s eval=39937 elapsed=1510.2s
ham-rs perm_int 67250/100000 best=0.652903s eval=39937 elapsed=1515.7s
ham-rs perm_int 67500/100000 best=1.269907s eval=67432 elapsed=1523.0s
ham-rs perm_int 67750/100000 best=1.269907s eval=67432 elapsed=1528.7s
ham-rs perm_int 68000/100000 best=1.269907s eval=67432 elapsed=1534.1s
ham-rs perm_int 68250/100000 best=1.269907s eval=67432 elapsed=1539.6s
ham-rs perm_int 68500/100000 best=1.269907s eval=67432 elapsed=1545.3s
ham-rs perm_int 68750/100000 best=1.269907s eval=67432 elapsed=1550.9s
ham-rs perm_int 69000/100000 best=1.269907s eval=67432 elapsed=1557.2s
ham-rs perm_int 69250/100000 best=1.269907s eval=67432 elapsed=1562.6s
ham-rs perm_int 69500/100000 best=1.269907s eval=67432 elapsed=1568.2s
ham-rs perm_int 69750/100000 best=1.269907s eval=67432 elapsed=1573.8s
ham-rs perm_int 70000/100000 best=1.269907s eval=67432 elapsed=1579.5s
ham-rs perm_int 70250/100000 best=1.269907s eval=67432 elapsed=1584.7s
ham-rs perm_int 70500/100000 best=1.269907s eval=67432 elapsed=1590.0s
ham-rs perm_int 70750/100000 best=1.269907s eval=67432 elapsed=1595.6s
ham-rs perm_int 71000/100000 best=1.269907s eval=67432 elapsed=1601.3s
ham-rs perm_int 71250/100000 best=1.269907s eval=67432 elapsed=1606.7s
ham-rs perm_int 71500/100000 best=1.269907s eval=67432 elapsed=1612.3s
ham-rs perm_int 71750/100000 best=1.269907s eval=67432 elapsed=1618.1s
ham-rs perm_int 72000/100000 best=1.269907s eval=67432 elapsed=1623.5s
ham-rs perm_int 72250/100000 best=1.269907s eval=67432 elapsed=1629.1s
ham-rs perm_int 72500/100000 best=1.269907s eval=67432 elapsed=1634.5s
ham-rs perm_int 72750/100000 best=1.269907s eval=67432 elapsed=1640.3s
ham-rs perm_int 73000/100000 best=1.269907s eval=67432 elapsed=1646.5s
ham-rs perm_int 73250/100000 best=1.269907s eval=67432 elapsed=1652.0s
ham-rs perm_int 73500/100000 best=1.269907s eval=67432 elapsed=1657.7s
ham-rs perm_int 73750/100000 best=1.269907s eval=67432 elapsed=1663.4s
ham-rs perm_int 74000/100000 best=1.269907s eval=67432 elapsed=1669.0s
ham-rs perm_int 74250/100000 best=1.269907s eval=67432 elapsed=1674.4s
ham-rs perm_int 74500/100000 best=1.269907s eval=67432 elapsed=1680.2s
ham-rs perm_int 74750/100000 best=1.269907s eval=67432 elapsed=1685.8s
ham-rs perm_int 75000/100000 best=1.269907s eval=67432 elapsed=1691.5s
ham-rs perm_int 75250/100000 best=1.269907s eval=67432 elapsed=1697.1s
ham-rs perm_int 75500/100000 best=1.269907s eval=67432 elapsed=1702.6s
ham-rs perm_int 75750/100000 best=1.269907s eval=67432 elapsed=1708.3s
ham-rs perm_int 76000/100000 best=1.269907s eval=67432 elapsed=1713.7s
ham-rs perm_int 76250/100000 best=1.269907s eval=67432 elapsed=1719.4s
ham-rs perm_int 76500/100000 best=1.269907s eval=67432 elapsed=1725.2s
ham-rs perm_int 76750/100000 best=1.269907s eval=67432 elapsed=1730.7s
ham-rs perm_int 77000/100000 best=1.269907s eval=67432 elapsed=1736.2s
ham-rs perm_int 77250/100000 best=1.269907s eval=67432 elapsed=1741.6s
ham-rs perm_int 77500/100000 best=1.269907s eval=67432 elapsed=1747.0s
ham-rs perm_int 77750/100000 best=1.269907s eval=67432 elapsed=1753.0s
ham-rs perm_int 78000/100000 best=1.269907s eval=67432 elapsed=1758.6s
ham-rs perm_int 78250/100000 best=1.269907s eval=67432 elapsed=1764.1s
ham-rs perm_int 78500/100000 best=1.269907s eval=67432 elapsed=1769.5s
ham-rs perm_int 78750/100000 best=1.269907s eval=67432 elapsed=1775.1s
ham-rs perm_int 79000/100000 best=1.269907s eval=67432 elapsed=1780.9s
ham-rs perm_int 79250/100000 best=1.269907s eval=67432 elapsed=1786.6s
ham-rs perm_int 79500/100000 best=1.269907s eval=67432 elapsed=1792.3s
ham-rs perm_int 79750/100000 best=1.269907s eval=67432 elapsed=1797.8s
ham-rs perm_int 80000/100000 best=1.269907s eval=67432 elapsed=1803.3s
ham-rs perm_int 80250/100000 best=1.269907s eval=67432 elapsed=1808.9s
ham-rs perm_int 80500/100000 best=1.269907s eval=67432 elapsed=1814.2s
ham-rs perm_int 80750/100000 best=1.269907s eval=67432 elapsed=1820.2s
ham-rs perm_int 81000/100000 best=1.269907s eval=67432 elapsed=1826.1s
ham-rs perm_int 81250/100000 best=1.269907s eval=67432 elapsed=1831.7s
ham-rs perm_int 81500/100000 best=1.269907s eval=67432 elapsed=1837.1s
ham-rs perm_int 81750/100000 best=1.269907s eval=67432 elapsed=1842.9s
ham-rs perm_int 82000/100000 best=1.269907s eval=67432 elapsed=1848.5s
ham-rs perm_int 82250/100000 best=1.269907s eval=67432 elapsed=1853.9s
ham-rs perm_int 82500/100000 best=1.269907s eval=67432 elapsed=1859.4s
ham-rs perm_int 82750/100000 best=1.269907s eval=67432 elapsed=1864.8s
ham-rs perm_int 83000/100000 best=1.269907s eval=67432 elapsed=1870.6s
ham-rs perm_int 83250/100000 best=1.269907s eval=67432 elapsed=1876.2s
ham-rs perm_int 83500/100000 best=1.269907s eval=67432 elapsed=1881.8s
ham-rs perm_int 83750/100000 best=1.269907s eval=67432 elapsed=1887.1s
ham-rs perm_int 84000/100000 best=1.269907s eval=67432 elapsed=1892.5s
ham-rs perm_int 84250/100000 best=1.269907s eval=67432 elapsed=1898.2s
ham-rs perm_int 84500/100000 best=1.269907s eval=67432 elapsed=1903.8s
ham-rs perm_int 84750/100000 best=1.269907s eval=67432 elapsed=1909.3s
ham-rs perm_int 85000/100000 best=1.269907s eval=67432 elapsed=1915.2s
ham-rs perm_int 85250/100000 best=1.269907s eval=67432 elapsed=1920.6s
ham-rs perm_int 85500/100000 best=1.269907s eval=67432 elapsed=1926.1s
ham-rs perm_int 85750/100000 best=1.269907s eval=67432 elapsed=1931.6s
ham-rs perm_int 86000/100000 best=1.269907s eval=67432 elapsed=1937.0s
ham-rs perm_int 86250/100000 best=1.269907s eval=67432 elapsed=1942.5s
ham-rs perm_int 86500/100000 best=1.269907s eval=67432 elapsed=1948.0s
ham-rs perm_int 86750/100000 best=1.269907s eval=67432 elapsed=1953.4s
ham-rs perm_int 87000/100000 best=1.269907s eval=67432 elapsed=1958.9s
ham-rs perm_int 87250/100000 best=1.269907s eval=67432 elapsed=1964.8s
ham-rs perm_int 87500/100000 best=1.269907s eval=67432 elapsed=1970.5s
ham-rs perm_int 87750/100000 best=1.269907s eval=67432 elapsed=1975.8s
ham-rs perm_int 88000/100000 best=1.269907s eval=67432 elapsed=1981.0s
ham-rs perm_int 88250/100000 best=1.269907s eval=67432 elapsed=1986.7s
ham-rs perm_int 88500/100000 best=1.269907s eval=67432 elapsed=1992.1s
ham-rs perm_int 88750/100000 best=1.269907s eval=67432 elapsed=1997.6s
ham-rs perm_int 89000/100000 best=1.269907s eval=67432 elapsed=2003.1s
ham-rs perm_int 89250/100000 best=1.269907s eval=67432 elapsed=2008.8s
ham-rs perm_int 89500/100000 best=1.269907s eval=67432 elapsed=2014.4s
ham-rs perm_int 89750/100000 best=1.269907s eval=67432 elapsed=2019.9s
ham-rs perm_int 90000/100000 best=1.269907s eval=67432 elapsed=2026.0s
ham-rs perm_int 90250/100000 best=1.269907s eval=67432 elapsed=2031.5s
ham-rs perm_int 90500/100000 best=1.269907s eval=67432 elapsed=2037.1s
ham-rs perm_int 90750/100000 best=1.269907s eval=67432 elapsed=2042.7s
ham-rs perm_int 91000/100000 best=1.269907s eval=67432 elapsed=2048.4s
ham-rs perm_int 91250/100000 best=1.269907s eval=67432 elapsed=2054.0s
ham-rs perm_int 91500/100000 best=1.269907s eval=67432 elapsed=2059.7s
ham-rs perm_int 91750/100000 best=1.269907s eval=67432 elapsed=2065.3s
ham-rs perm_int 92000/100000 best=1.269907s eval=67432 elapsed=2070.9s
ham-rs perm_int 92250/100000 best=1.269907s eval=67432 elapsed=2076.6s
ham-rs perm_int 92500/100000 best=1.269907s eval=67432 elapsed=2082.2s
ham-rs perm_int 92750/100000 best=1.269907s eval=67432 elapsed=2087.7s
ham-rs perm_int 93000/100000 best=1.269907s eval=67432 elapsed=2093.4s
ham-rs perm_int 93250/100000 best=1.269907s eval=67432 elapsed=2098.9s
ham-rs perm_int 93500/100000 best=1.269907s eval=67432 elapsed=2104.7s
ham-rs perm_int 93750/100000 best=1.269907s eval=67432 elapsed=2110.3s
ham-rs perm_int 94000/100000 best=1.269907s eval=67432 elapsed=2116.0s
ham-rs perm_int 94250/100000 best=1.269907s eval=67432 elapsed=2121.9s
ham-rs perm_int 94500/100000 best=1.269907s eval=67432 elapsed=2127.4s
ham-rs perm_int 94750/100000 best=1.269907s eval=67432 elapsed=2133.2s
ham-rs perm_int 95000/100000 best=1.269907s eval=67432 elapsed=2138.8s
ham-rs perm_int 95250/100000 best=1.269907s eval=67432 elapsed=2144.7s
ham-rs perm_int 95500/100000 best=1.269907s eval=67432 elapsed=2150.6s
ham-rs perm_int 95750/100000 best=1.269907s eval=67432 elapsed=2156.4s
ham-rs perm_int 96000/100000 best=1.269907s eval=67432 elapsed=2162.0s
ham-rs perm_int 96250/100000 best=1.269907s eval=67432 elapsed=2167.8s
ham-rs perm_int 96500/100000 best=1.269907s eval=67432 elapsed=2173.4s
ham-rs perm_int 96750/100000 best=1.269907s eval=67432 elapsed=2178.7s
ham-rs perm_int 97000/100000 best=1.269907s eval=67432 elapsed=2183.9s
ham-rs perm_int 97250/100000 best=1.269907s eval=67432 elapsed=2189.5s
ham-rs perm_int 97500/100000 best=1.269907s eval=67432 elapsed=2194.7s
ham-rs perm_int 97750/100000 best=1.269907s eval=67432 elapsed=2200.8s
ham-rs perm_int 98000/100000 best=1.269907s eval=67432 elapsed=2206.9s
ham-rs perm_int 98250/100000 best=1.269907s eval=67432 elapsed=2213.1s
ham-rs perm_int 98500/100000 best=1.269907s eval=67432 elapsed=2218.7s
ham-rs perm_int 98750/100000 best=1.269907s eval=67432 elapsed=2224.5s
ham-rs perm_int 99000/100000 best=1.269907s eval=67432 elapsed=2230.0s
ham-rs perm_int 99250/100000 best=1.269907s eval=67432 elapsed=2236.0s
ham-rs perm_int 99500/100000 best=1.269907s eval=67432 elapsed=2241.4s
ham-rs perm_int 99750/100000 best=1.269907s eval=67432 elapsed=2247.2s
ham-rs perm_int 100000/100000 best=1.269907s eval=67432 elapsed=2252.7s
ham-rs perm_int clean rank=1 eval=67432: 0.018945s / 0.019857s
ham-rs perm_int clean rank=2 eval=39937: 0.030496s / 0.030254s
ham-rs perm_int clean rank=3 eval=67372: 0.103814s / 0.124517s
ham-rs perm_int clean rank=4 eval=49450: 0.023867s / 0.022468s
ham-rs perm_int clean rank=5 eval=21034: 0.028363s / 0.026733s
ham-rs perm_int clean rank=6 eval=89867: 0.251104s / 0.222317s
ham-rs perm_int clean rank=7 eval=16756: 0.063007s / 0.015661s
ham-rs perm_int clean rank=8 eval=68900: 0.015929s / 0.015298s
ham-rs perm_int clean rank=9 eval=72991: 0.351236s / 0.274505s
ham-rs perm_int clean rank=10 eval=53003: 0.029253s / 0.029478s
ham-rs perm_int clean rank=11 eval=80723: 0.029033s / 0.029422s
ham-rs perm_int clean rank=12 eval=49521: 0.029520s / 0.029860s
ham-rs perm_int clean rank=13 eval=41988: 0.029455s / 0.029383s
ham-rs perm_int clean rank=14 eval=35438: 0.027153s / 0.026127s
ham-rs perm_int clean rank=15 eval=80916: 0.024436s / 0.025046s
ham-rs perm_int clean rank=16 eval=89037: 0.003837s / 0.004041s
ham-rs perm_int clean rank=17 eval=91010: 0.008476s / 0.007795s
ham-rs perm_int clean rank=18 eval=72816: 0.018242s / 0.018373s
ham-rs perm_int clean rank=19 eval=77534: 0.010407s / 0.009826s
ham-rs perm_int clean rank=20 eval=10135: 0.028215s / 0.027707s
wrote current_machine_rebench/results/ham-random-four-core/ham-random-perm_int.json
2026-07-19T14:19:43+00:00 DONE ham-random-perm_int cpu=2
