2026-07-19T13:39:48+00:00 START ham-random-perm_thr cpu=3 attempt=1
ham-rs perm_thr 250/100000 best=0.038351s eval=53 elapsed=5.2s
ham-rs perm_thr 500/100000 best=0.038351s eval=53 elapsed=10.4s
ham-rs perm_thr 750/100000 best=0.190880s eval=701 elapsed=15.8s
ham-rs perm_thr 1000/100000 best=0.190880s eval=701 elapsed=21.4s
ham-rs perm_thr 1250/100000 best=0.190880s eval=701 elapsed=26.8s
ham-rs perm_thr 1500/100000 best=0.190880s eval=701 elapsed=32.2s
ham-rs perm_thr 1750/100000 best=0.190880s eval=701 elapsed=37.4s
ham-rs perm_thr 2000/100000 best=0.190880s eval=701 elapsed=43.0s
ham-rs perm_thr 2250/100000 best=0.190880s eval=701 elapsed=48.3s
ham-rs perm_thr 2500/100000 best=0.190880s eval=701 elapsed=53.8s
ham-rs perm_thr 2750/100000 best=0.190880s eval=701 elapsed=58.9s
ham-rs perm_thr 3000/100000 best=0.190880s eval=701 elapsed=64.2s
ham-rs perm_thr 3250/100000 best=0.190880s eval=701 elapsed=69.8s
ham-rs perm_thr 3500/100000 best=0.190880s eval=701 elapsed=75.6s
ham-rs perm_thr 3750/100000 best=0.190880s eval=701 elapsed=80.8s
ham-rs perm_thr 4000/100000 best=0.190880s eval=701 elapsed=86.0s
ham-rs perm_thr 4250/100000 best=0.190880s eval=701 elapsed=91.5s
ham-rs perm_thr 4500/100000 best=0.190880s eval=701 elapsed=96.9s
ham-rs perm_thr 4750/100000 best=0.190880s eval=701 elapsed=102.5s
ham-rs perm_thr 5000/100000 best=0.190880s eval=701 elapsed=108.0s
ham-rs perm_thr 5250/100000 best=0.190880s eval=701 elapsed=113.5s
ham-rs perm_thr 5500/100000 best=0.190880s eval=701 elapsed=119.0s
ham-rs perm_thr 5750/100000 best=0.190880s eval=701 elapsed=124.4s
ham-rs perm_thr 6000/100000 best=0.190880s eval=701 elapsed=129.9s
ham-rs perm_thr 6250/100000 best=0.190880s eval=701 elapsed=135.3s
ham-rs perm_thr 6500/100000 best=0.190880s eval=701 elapsed=140.4s
ham-rs perm_thr 6750/100000 best=0.190880s eval=701 elapsed=145.9s
ham-rs perm_thr 7000/100000 best=0.190880s eval=701 elapsed=151.4s
ham-rs perm_thr 7250/100000 best=0.190880s eval=701 elapsed=156.7s
ham-rs perm_thr 7500/100000 best=0.190880s eval=701 elapsed=162.3s
ham-rs perm_thr 7750/100000 best=0.190880s eval=701 elapsed=167.7s
ham-rs perm_thr 8000/100000 best=0.207307s eval=7890 elapsed=173.4s
ham-rs perm_thr 8250/100000 best=0.207307s eval=7890 elapsed=178.9s
ham-rs perm_thr 8500/100000 best=0.207307s eval=7890 elapsed=184.5s
ham-rs perm_thr 8750/100000 best=0.207307s eval=7890 elapsed=190.2s
ham-rs perm_thr 9000/100000 best=0.207307s eval=7890 elapsed=195.6s
ham-rs perm_thr 9250/100000 best=0.207307s eval=7890 elapsed=201.1s
ham-rs perm_thr 9500/100000 best=0.207307s eval=7890 elapsed=206.4s
ham-rs perm_thr 9750/100000 best=0.207307s eval=7890 elapsed=211.9s
ham-rs perm_thr 10000/100000 best=0.207307s eval=7890 elapsed=217.4s
ham-rs perm_thr 10250/100000 best=0.207307s eval=7890 elapsed=223.0s
ham-rs perm_thr 10500/100000 best=0.207307s eval=7890 elapsed=228.4s
ham-rs perm_thr 10750/100000 best=0.207307s eval=7890 elapsed=233.8s
ham-rs perm_thr 11000/100000 best=0.207307s eval=7890 elapsed=239.2s
ham-rs perm_thr 11250/100000 best=0.207307s eval=7890 elapsed=244.6s
ham-rs perm_thr 11500/100000 best=0.207307s eval=7890 elapsed=250.2s
ham-rs perm_thr 11750/100000 best=0.494370s eval=11740 elapsed=255.9s
ham-rs perm_thr 12000/100000 best=0.494370s eval=11740 elapsed=261.2s
ham-rs perm_thr 12250/100000 best=0.494370s eval=11740 elapsed=266.5s
ham-rs perm_thr 12500/100000 best=0.494370s eval=11740 elapsed=271.7s
ham-rs perm_thr 12750/100000 best=0.494370s eval=11740 elapsed=276.8s
ham-rs perm_thr 13000/100000 best=0.494370s eval=11740 elapsed=282.5s
ham-rs perm_thr 13250/100000 best=0.494370s eval=11740 elapsed=287.9s
ham-rs perm_thr 13500/100000 best=0.494370s eval=11740 elapsed=293.1s
ham-rs perm_thr 13750/100000 best=0.494370s eval=11740 elapsed=298.7s
ham-rs perm_thr 14000/100000 best=0.494370s eval=11740 elapsed=304.2s
ham-rs perm_thr 14250/100000 best=0.494370s eval=11740 elapsed=309.5s
ham-rs perm_thr 14500/100000 best=0.494370s eval=11740 elapsed=314.8s
ham-rs perm_thr 14750/100000 best=0.494370s eval=11740 elapsed=320.1s
ham-rs perm_thr 15000/100000 best=0.494370s eval=11740 elapsed=325.3s
ham-rs perm_thr 15250/100000 best=0.494370s eval=11740 elapsed=331.1s
ham-rs perm_thr 15500/100000 best=0.494370s eval=11740 elapsed=335.9s
ham-rs perm_thr 15750/100000 best=0.494370s eval=11740 elapsed=342.1s
ham-rs perm_thr 16000/100000 best=0.494370s eval=11740 elapsed=347.5s
ham-rs perm_thr 16250/100000 best=0.494370s eval=11740 elapsed=353.0s
ham-rs perm_thr 16500/100000 best=0.494370s eval=11740 elapsed=358.5s
ham-rs perm_thr 16750/100000 best=0.494370s eval=11740 elapsed=363.9s
ham-rs perm_thr 17000/100000 best=0.494370s eval=11740 elapsed=369.7s
ham-rs perm_thr 17250/100000 best=0.494370s eval=11740 elapsed=375.1s
ham-rs perm_thr 17500/100000 best=0.494370s eval=11740 elapsed=380.6s
ham-rs perm_thr 17750/100000 best=0.494370s eval=11740 elapsed=385.8s
ham-rs perm_thr 18000/100000 best=0.494370s eval=11740 elapsed=391.1s
ham-rs perm_thr 18250/100000 best=0.494370s eval=11740 elapsed=396.6s
ham-rs perm_thr 18500/100000 best=0.494370s eval=11740 elapsed=402.2s
ham-rs perm_thr 18750/100000 best=0.494370s eval=11740 elapsed=407.8s
ham-rs perm_thr 19000/100000 best=0.494370s eval=11740 elapsed=413.3s
ham-rs perm_thr 19250/100000 best=0.494370s eval=11740 elapsed=418.8s
ham-rs perm_thr 19500/100000 best=0.494370s eval=11740 elapsed=424.4s
ham-rs perm_thr 19750/100000 best=0.494370s eval=11740 elapsed=430.5s
ham-rs perm_thr 20000/100000 best=0.494370s eval=11740 elapsed=436.0s
ham-rs perm_thr 20250/100000 best=0.494370s eval=11740 elapsed=441.3s
ham-rs perm_thr 20500/100000 best=0.494370s eval=11740 elapsed=446.7s
ham-rs perm_thr 20750/100000 best=0.494370s eval=11740 elapsed=452.1s
ham-rs perm_thr 21000/100000 best=0.494370s eval=11740 elapsed=457.6s
ham-rs perm_thr 21250/100000 best=0.494370s eval=11740 elapsed=463.0s
ham-rs perm_thr 21500/100000 best=0.566688s eval=21470 elapsed=469.0s
ham-rs perm_thr 21750/100000 best=0.566688s eval=21470 elapsed=474.3s
ham-rs perm_thr 22000/100000 best=0.566688s eval=21470 elapsed=479.5s
ham-rs perm_thr 22250/100000 best=0.566688s eval=21470 elapsed=484.6s
ham-rs perm_thr 22500/100000 best=0.566688s eval=21470 elapsed=490.2s
ham-rs perm_thr 22750/100000 best=0.566688s eval=21470 elapsed=495.3s
ham-rs perm_thr 23000/100000 best=0.566688s eval=21470 elapsed=500.5s
ham-rs perm_thr 23250/100000 best=0.566688s eval=21470 elapsed=505.7s
ham-rs perm_thr 23500/100000 best=0.566688s eval=21470 elapsed=511.0s
ham-rs perm_thr 23750/100000 best=0.566688s eval=21470 elapsed=516.8s
ham-rs perm_thr 24000/100000 best=0.566688s eval=21470 elapsed=522.1s
ham-rs perm_thr 24250/100000 best=0.566688s eval=21470 elapsed=527.9s
ham-rs perm_thr 24500/100000 best=0.566688s eval=21470 elapsed=533.1s
ham-rs perm_thr 24750/100000 best=0.566688s eval=21470 elapsed=538.4s
ham-rs perm_thr 25000/100000 best=0.566688s eval=21470 elapsed=543.8s
ham-rs perm_thr 25250/100000 best=0.566688s eval=21470 elapsed=549.2s
ham-rs perm_thr 25500/100000 best=0.566688s eval=21470 elapsed=554.6s
ham-rs perm_thr 25750/100000 best=0.566688s eval=21470 elapsed=560.1s
ham-rs perm_thr 26000/100000 best=0.566688s eval=21470 elapsed=565.4s
ham-rs perm_thr 26250/100000 best=0.566688s eval=21470 elapsed=570.9s
ham-rs perm_thr 26500/100000 best=0.566688s eval=21470 elapsed=576.3s
ham-rs perm_thr 26750/100000 best=0.566688s eval=21470 elapsed=581.9s
ham-rs perm_thr 27000/100000 best=0.566688s eval=21470 elapsed=587.5s
ham-rs perm_thr 27250/100000 best=0.566688s eval=21470 elapsed=592.9s
ham-rs perm_thr 27500/100000 best=0.566688s eval=21470 elapsed=598.3s
ham-rs perm_thr 27750/100000 best=0.566688s eval=21470 elapsed=603.9s
ham-rs perm_thr 28000/100000 best=0.566688s eval=21470 elapsed=609.4s
ham-rs perm_thr 28250/100000 best=0.566688s eval=21470 elapsed=614.6s
ham-rs perm_thr 28500/100000 best=0.566688s eval=21470 elapsed=620.2s
ham-rs perm_thr 28750/100000 best=0.566688s eval=21470 elapsed=625.8s
ham-rs perm_thr 29000/100000 best=0.566688s eval=21470 elapsed=631.0s
ham-rs perm_thr 29250/100000 best=0.566688s eval=21470 elapsed=636.2s
ham-rs perm_thr 29500/100000 best=0.566688s eval=21470 elapsed=641.8s
ham-rs perm_thr 29750/100000 best=0.566688s eval=21470 elapsed=647.2s
ham-rs perm_thr 30000/100000 best=0.566688s eval=21470 elapsed=652.7s
ham-rs perm_thr 30250/100000 best=0.566688s eval=21470 elapsed=658.2s
ham-rs perm_thr 30500/100000 best=0.566688s eval=21470 elapsed=663.7s
ham-rs perm_thr 30750/100000 best=0.566688s eval=21470 elapsed=669.0s
ham-rs perm_thr 31000/100000 best=0.566688s eval=21470 elapsed=674.6s
ham-rs perm_thr 31250/100000 best=0.566688s eval=21470 elapsed=679.7s
ham-rs perm_thr 31500/100000 best=0.566688s eval=21470 elapsed=685.3s
ham-rs perm_thr 31750/100000 best=0.566688s eval=21470 elapsed=690.8s
ham-rs perm_thr 32000/100000 best=0.566688s eval=21470 elapsed=696.0s
ham-rs perm_thr 32250/100000 best=0.566688s eval=21470 elapsed=701.7s
ham-rs perm_thr 32500/100000 best=0.566688s eval=21470 elapsed=707.1s
ham-rs perm_thr 32750/100000 best=0.566688s eval=21470 elapsed=712.5s
ham-rs perm_thr 33000/100000 best=0.566688s eval=21470 elapsed=717.7s
ham-rs perm_thr 33250/100000 best=0.566688s eval=21470 elapsed=723.1s
ham-rs perm_thr 33500/100000 best=0.566688s eval=21470 elapsed=728.6s
ham-rs perm_thr 33750/100000 best=0.566688s eval=21470 elapsed=733.9s
ham-rs perm_thr 34000/100000 best=0.566688s eval=21470 elapsed=739.3s
ham-rs perm_thr 34250/100000 best=0.566688s eval=21470 elapsed=745.0s
ham-rs perm_thr 34500/100000 best=0.566688s eval=21470 elapsed=750.6s
ham-rs perm_thr 34750/100000 best=0.566688s eval=21470 elapsed=756.0s
ham-rs perm_thr 35000/100000 best=0.566688s eval=21470 elapsed=761.3s
ham-rs perm_thr 35250/100000 best=0.566688s eval=21470 elapsed=766.9s
ham-rs perm_thr 35500/100000 best=0.566688s eval=21470 elapsed=772.3s
ham-rs perm_thr 35750/100000 best=0.566688s eval=21470 elapsed=777.8s
ham-rs perm_thr 36000/100000 best=0.566688s eval=21470 elapsed=783.7s
ham-rs perm_thr 36250/100000 best=0.566688s eval=21470 elapsed=789.2s
ham-rs perm_thr 36500/100000 best=0.566688s eval=21470 elapsed=794.6s
ham-rs perm_thr 36750/100000 best=0.566688s eval=21470 elapsed=800.2s
ham-rs perm_thr 37000/100000 best=0.566688s eval=21470 elapsed=805.6s
ham-rs perm_thr 37250/100000 best=0.566688s eval=21470 elapsed=810.9s
ham-rs perm_thr 37500/100000 best=0.566688s eval=21470 elapsed=816.5s
ham-rs perm_thr 37750/100000 best=0.566688s eval=21470 elapsed=822.2s
ham-rs perm_thr 38000/100000 best=0.566688s eval=21470 elapsed=827.7s
ham-rs perm_thr 38250/100000 best=0.566688s eval=21470 elapsed=832.9s
ham-rs perm_thr 38500/100000 best=0.566688s eval=21470 elapsed=838.2s
ham-rs perm_thr 38750/100000 best=0.566688s eval=21470 elapsed=843.8s
ham-rs perm_thr 39000/100000 best=0.566688s eval=21470 elapsed=849.2s
ham-rs perm_thr 39250/100000 best=0.566688s eval=21470 elapsed=854.9s
ham-rs perm_thr 39500/100000 best=0.566688s eval=21470 elapsed=860.5s
ham-rs perm_thr 39750/100000 best=0.566688s eval=21470 elapsed=865.9s
ham-rs perm_thr 40000/100000 best=0.566688s eval=21470 elapsed=871.1s
ham-rs perm_thr 40250/100000 best=0.566688s eval=21470 elapsed=876.6s
ham-rs perm_thr 40500/100000 best=0.566688s eval=21470 elapsed=881.8s
ham-rs perm_thr 40750/100000 best=0.566688s eval=21470 elapsed=887.3s
ham-rs perm_thr 41000/100000 best=0.566688s eval=21470 elapsed=892.6s
ham-rs perm_thr 41250/100000 best=0.566688s eval=21470 elapsed=898.1s
ham-rs perm_thr 41500/100000 best=0.566688s eval=21470 elapsed=903.6s
ham-rs perm_thr 41750/100000 best=0.566688s eval=21470 elapsed=909.2s
ham-rs perm_thr 42000/100000 best=0.566688s eval=21470 elapsed=914.7s
ham-rs perm_thr 42250/100000 best=0.566688s eval=21470 elapsed=920.1s
ham-rs perm_thr 42500/100000 best=0.566688s eval=21470 elapsed=925.5s
ham-rs perm_thr 42750/100000 best=0.566688s eval=21470 elapsed=931.0s
ham-rs perm_thr 43000/100000 best=0.566688s eval=21470 elapsed=936.2s
ham-rs perm_thr 43250/100000 best=0.566688s eval=21470 elapsed=941.8s
ham-rs perm_thr 43500/100000 best=0.566688s eval=21470 elapsed=947.5s
ham-rs perm_thr 43750/100000 best=0.566688s eval=21470 elapsed=952.8s
ham-rs perm_thr 44000/100000 best=0.566688s eval=21470 elapsed=958.4s
ham-rs perm_thr 44250/100000 best=0.566688s eval=21470 elapsed=963.9s
ham-rs perm_thr 44500/100000 best=0.566688s eval=21470 elapsed=969.4s
ham-rs perm_thr 44750/100000 best=0.566688s eval=21470 elapsed=974.9s
ham-rs perm_thr 45000/100000 best=0.566688s eval=21470 elapsed=980.7s
ham-rs perm_thr 45250/100000 best=0.566688s eval=21470 elapsed=986.3s
ham-rs perm_thr 45500/100000 best=0.566688s eval=21470 elapsed=992.0s
ham-rs perm_thr 45750/100000 best=0.566688s eval=21470 elapsed=997.4s
ham-rs perm_thr 46000/100000 best=0.566688s eval=21470 elapsed=1002.8s
ham-rs perm_thr 46250/100000 best=0.566688s eval=21470 elapsed=1008.6s
ham-rs perm_thr 46500/100000 best=0.566688s eval=21470 elapsed=1014.2s
ham-rs perm_thr 46750/100000 best=0.566688s eval=21470 elapsed=1019.6s
ham-rs perm_thr 47000/100000 best=0.566688s eval=21470 elapsed=1025.1s
ham-rs perm_thr 47250/100000 best=0.566688s eval=21470 elapsed=1030.4s
ham-rs perm_thr 47500/100000 best=0.566688s eval=21470 elapsed=1035.8s
ham-rs perm_thr 47750/100000 best=0.566688s eval=21470 elapsed=1041.3s
ham-rs perm_thr 48000/100000 best=0.566688s eval=21470 elapsed=1046.4s
ham-rs perm_thr 48250/100000 best=0.566688s eval=21470 elapsed=1052.0s
ham-rs perm_thr 48500/100000 best=0.566688s eval=21470 elapsed=1057.4s
ham-rs perm_thr 48750/100000 best=0.566688s eval=21470 elapsed=1063.2s
ham-rs perm_thr 49000/100000 best=0.566688s eval=21470 elapsed=1068.9s
ham-rs perm_thr 49250/100000 best=0.566688s eval=21470 elapsed=1074.1s
ham-rs perm_thr 49500/100000 best=0.566688s eval=21470 elapsed=1079.8s
ham-rs perm_thr 49750/100000 best=0.566688s eval=21470 elapsed=1085.3s
ham-rs perm_thr 50000/100000 best=0.566688s eval=21470 elapsed=1090.7s
ham-rs perm_thr 50250/100000 best=0.566688s eval=21470 elapsed=1096.2s
ham-rs perm_thr 50500/100000 best=0.566688s eval=21470 elapsed=1101.9s
ham-rs perm_thr 50750/100000 best=0.566688s eval=21470 elapsed=1107.4s
ham-rs perm_thr 51000/100000 best=0.566688s eval=21470 elapsed=1112.8s
ham-rs perm_thr 51250/100000 best=0.566688s eval=21470 elapsed=1118.1s
ham-rs perm_thr 51500/100000 best=0.566688s eval=21470 elapsed=1123.8s
ham-rs perm_thr 51750/100000 best=0.566688s eval=21470 elapsed=1129.2s
ham-rs perm_thr 52000/100000 best=0.566688s eval=21470 elapsed=1134.6s
ham-rs perm_thr 52250/100000 best=0.672386s eval=52211 elapsed=1140.9s
ham-rs perm_thr 52500/100000 best=0.672386s eval=52211 elapsed=1146.2s
ham-rs perm_thr 52750/100000 best=0.672386s eval=52211 elapsed=1151.7s
ham-rs perm_thr 53000/100000 best=0.672386s eval=52211 elapsed=1157.1s
ham-rs perm_thr 53250/100000 best=0.672386s eval=52211 elapsed=1162.8s
ham-rs perm_thr 53500/100000 best=0.672386s eval=52211 elapsed=1168.1s
ham-rs perm_thr 53750/100000 best=0.672386s eval=52211 elapsed=1173.4s
ham-rs perm_thr 54000/100000 best=0.672386s eval=52211 elapsed=1178.8s
ham-rs perm_thr 54250/100000 best=0.672386s eval=52211 elapsed=1184.4s
ham-rs perm_thr 54500/100000 best=0.672386s eval=52211 elapsed=1189.8s
ham-rs perm_thr 54750/100000 best=0.672386s eval=52211 elapsed=1195.3s
ham-rs perm_thr 55000/100000 best=0.672386s eval=52211 elapsed=1201.0s
ham-rs perm_thr 55250/100000 best=0.672386s eval=52211 elapsed=1208.9s
ham-rs perm_thr 55500/100000 best=0.672386s eval=52211 elapsed=1216.4s
ham-rs perm_thr 55750/100000 best=0.672386s eval=52211 elapsed=1224.3s
ham-rs perm_thr 56000/100000 best=0.672386s eval=52211 elapsed=1231.8s
ham-rs perm_thr 56250/100000 best=0.672386s eval=52211 elapsed=1239.3s
ham-rs perm_thr 56500/100000 best=0.672386s eval=52211 elapsed=1247.1s
ham-rs perm_thr 56750/100000 best=0.672386s eval=52211 elapsed=1255.1s
ham-rs perm_thr 57000/100000 best=0.672386s eval=52211 elapsed=1262.4s
ham-rs perm_thr 57250/100000 best=0.672386s eval=52211 elapsed=1269.9s
ham-rs perm_thr 57500/100000 best=0.672386s eval=52211 elapsed=1276.7s
ham-rs perm_thr 57750/100000 best=0.672386s eval=52211 elapsed=1282.8s
ham-rs perm_thr 58000/100000 best=0.672386s eval=52211 elapsed=1288.5s
ham-rs perm_thr 58250/100000 best=0.672386s eval=52211 elapsed=1293.9s
ham-rs perm_thr 58500/100000 best=0.672386s eval=52211 elapsed=1299.5s
ham-rs perm_thr 58750/100000 best=0.672386s eval=52211 elapsed=1305.1s
ham-rs perm_thr 59000/100000 best=0.672386s eval=52211 elapsed=1310.6s
ham-rs perm_thr 59250/100000 best=0.672386s eval=52211 elapsed=1316.3s
ham-rs perm_thr 59500/100000 best=0.672386s eval=52211 elapsed=1322.0s
ham-rs perm_thr 59750/100000 best=0.672386s eval=52211 elapsed=1327.7s
ham-rs perm_thr 60000/100000 best=0.672386s eval=52211 elapsed=1333.2s
ham-rs perm_thr 60250/100000 best=0.672386s eval=52211 elapsed=1338.6s
ham-rs perm_thr 60500/100000 best=0.672386s eval=52211 elapsed=1344.3s
ham-rs perm_thr 60750/100000 best=0.672386s eval=52211 elapsed=1350.2s
ham-rs perm_thr 61000/100000 best=0.672386s eval=52211 elapsed=1355.8s
ham-rs perm_thr 61250/100000 best=0.672386s eval=52211 elapsed=1361.1s
ham-rs perm_thr 61500/100000 best=0.672386s eval=52211 elapsed=1366.6s
ham-rs perm_thr 61750/100000 best=0.672386s eval=52211 elapsed=1372.1s
ham-rs perm_thr 62000/100000 best=0.672386s eval=52211 elapsed=1377.5s
ham-rs perm_thr 62250/100000 best=0.672386s eval=52211 elapsed=1382.9s
ham-rs perm_thr 62500/100000 best=0.672386s eval=52211 elapsed=1388.3s
ham-rs perm_thr 62750/100000 best=0.672386s eval=52211 elapsed=1393.5s
ham-rs perm_thr 63000/100000 best=0.672386s eval=52211 elapsed=1398.9s
ham-rs perm_thr 63250/100000 best=0.672386s eval=52211 elapsed=1404.3s
ham-rs perm_thr 63500/100000 best=0.672386s eval=52211 elapsed=1409.8s
ham-rs perm_thr 63750/100000 best=0.672386s eval=52211 elapsed=1415.2s
ham-rs perm_thr 64000/100000 best=0.672386s eval=52211 elapsed=1420.7s
ham-rs perm_thr 64250/100000 best=0.672386s eval=52211 elapsed=1426.1s
ham-rs perm_thr 64500/100000 best=0.672386s eval=52211 elapsed=1431.6s
ham-rs perm_thr 64750/100000 best=0.672386s eval=52211 elapsed=1437.0s
ham-rs perm_thr 65000/100000 best=0.672386s eval=52211 elapsed=1442.7s
ham-rs perm_thr 65250/100000 best=0.672386s eval=52211 elapsed=1448.1s
ham-rs perm_thr 65500/100000 best=0.672386s eval=52211 elapsed=1453.5s
ham-rs perm_thr 65750/100000 best=0.672386s eval=52211 elapsed=1459.3s
ham-rs perm_thr 66000/100000 best=0.672386s eval=52211 elapsed=1464.9s
ham-rs perm_thr 66250/100000 best=0.672386s eval=52211 elapsed=1470.3s
ham-rs perm_thr 66500/100000 best=0.672386s eval=52211 elapsed=1476.4s
ham-rs perm_thr 66750/100000 best=0.672386s eval=52211 elapsed=1481.8s
ham-rs perm_thr 67000/100000 best=0.672386s eval=52211 elapsed=1487.1s
ham-rs perm_thr 67250/100000 best=0.672386s eval=52211 elapsed=1492.7s
ham-rs perm_thr 67500/100000 best=0.672386s eval=52211 elapsed=1498.3s
ham-rs perm_thr 67750/100000 best=0.672386s eval=52211 elapsed=1503.7s
ham-rs perm_thr 68000/100000 best=0.672386s eval=52211 elapsed=1509.5s
ham-rs perm_thr 68250/100000 best=0.672386s eval=52211 elapsed=1514.9s
ham-rs perm_thr 68500/100000 best=0.672386s eval=52211 elapsed=1520.2s
ham-rs perm_thr 68750/100000 best=0.672386s eval=52211 elapsed=1525.8s
ham-rs perm_thr 69000/100000 best=0.672386s eval=52211 elapsed=1531.3s
ham-rs perm_thr 69250/100000 best=0.672386s eval=52211 elapsed=1537.0s
ham-rs perm_thr 69500/100000 best=0.672386s eval=52211 elapsed=1542.5s
ham-rs perm_thr 69750/100000 best=0.672386s eval=52211 elapsed=1548.0s
ham-rs perm_thr 70000/100000 best=0.672386s eval=52211 elapsed=1553.7s
ham-rs perm_thr 70250/100000 best=0.672386s eval=52211 elapsed=1559.2s
ham-rs perm_thr 70500/100000 best=0.672386s eval=52211 elapsed=1564.5s
ham-rs perm_thr 70750/100000 best=0.672386s eval=52211 elapsed=1569.8s
ham-rs perm_thr 71000/100000 best=0.672386s eval=52211 elapsed=1575.3s
ham-rs perm_thr 71250/100000 best=0.672386s eval=52211 elapsed=1580.7s
ham-rs perm_thr 71500/100000 best=0.672386s eval=52211 elapsed=1586.3s
ham-rs perm_thr 71750/100000 best=0.672386s eval=52211 elapsed=1591.7s
ham-rs perm_thr 72000/100000 best=0.672386s eval=52211 elapsed=1597.5s
ham-rs perm_thr 72250/100000 best=0.672386s eval=52211 elapsed=1603.0s
ham-rs perm_thr 72500/100000 best=0.672386s eval=52211 elapsed=1608.6s
ham-rs perm_thr 72750/100000 best=0.672386s eval=52211 elapsed=1614.1s
ham-rs perm_thr 73000/100000 best=0.672386s eval=52211 elapsed=1619.6s
ham-rs perm_thr 73250/100000 best=0.672386s eval=52211 elapsed=1625.3s
ham-rs perm_thr 73500/100000 best=0.672386s eval=52211 elapsed=1630.8s
ham-rs perm_thr 73750/100000 best=0.672386s eval=52211 elapsed=1636.3s
ham-rs perm_thr 74000/100000 best=0.672386s eval=52211 elapsed=1641.9s
ham-rs perm_thr 74250/100000 best=0.672386s eval=52211 elapsed=1647.4s
ham-rs perm_thr 74500/100000 best=0.672386s eval=52211 elapsed=1652.9s
ham-rs perm_thr 74750/100000 best=0.672386s eval=52211 elapsed=1658.2s
ham-rs perm_thr 75000/100000 best=0.672386s eval=52211 elapsed=1663.8s
ham-rs perm_thr 75250/100000 best=0.672386s eval=52211 elapsed=1669.3s
ham-rs perm_thr 75500/100000 best=0.672386s eval=52211 elapsed=1674.9s
ham-rs perm_thr 75750/100000 best=0.672386s eval=52211 elapsed=1680.3s
ham-rs perm_thr 76000/100000 best=0.672386s eval=52211 elapsed=1686.0s
ham-rs perm_thr 76250/100000 best=0.672386s eval=52211 elapsed=1691.3s
ham-rs perm_thr 76500/100000 best=0.672386s eval=52211 elapsed=1696.8s
ham-rs perm_thr 76750/100000 best=0.672386s eval=52211 elapsed=1702.3s
ham-rs perm_thr 77000/100000 best=0.672386s eval=52211 elapsed=1708.0s
ham-rs perm_thr 77250/100000 best=0.672386s eval=52211 elapsed=1713.4s
ham-rs perm_thr 77500/100000 best=0.672386s eval=52211 elapsed=1719.0s
ham-rs perm_thr 77750/100000 best=0.672386s eval=52211 elapsed=1724.4s
ham-rs perm_thr 78000/100000 best=0.672386s eval=52211 elapsed=1729.9s
ham-rs perm_thr 78250/100000 best=0.672386s eval=52211 elapsed=1735.7s
ham-rs perm_thr 78500/100000 best=0.672386s eval=52211 elapsed=1741.2s
ham-rs perm_thr 78750/100000 best=0.672386s eval=52211 elapsed=1746.9s
ham-rs perm_thr 79000/100000 best=0.672386s eval=52211 elapsed=1752.1s
ham-rs perm_thr 79250/100000 best=0.672386s eval=52211 elapsed=1757.5s
ham-rs perm_thr 79500/100000 best=0.672386s eval=52211 elapsed=1763.2s
ham-rs perm_thr 79750/100000 best=0.672386s eval=52211 elapsed=1768.7s
ham-rs perm_thr 80000/100000 best=0.672386s eval=52211 elapsed=1774.1s
ham-rs perm_thr 80250/100000 best=0.672386s eval=52211 elapsed=1779.7s
ham-rs perm_thr 80500/100000 best=0.672386s eval=52211 elapsed=1784.9s
ham-rs perm_thr 80750/100000 best=0.672386s eval=52211 elapsed=1790.7s
ham-rs perm_thr 81000/100000 best=0.672386s eval=52211 elapsed=1796.3s
ham-rs perm_thr 81250/100000 best=0.672386s eval=52211 elapsed=1801.7s
ham-rs perm_thr 81500/100000 best=0.672386s eval=52211 elapsed=1807.3s
ham-rs perm_thr 81750/100000 best=0.672386s eval=52211 elapsed=1812.9s
ham-rs perm_thr 82000/100000 best=0.672386s eval=52211 elapsed=1818.4s
ham-rs perm_thr 82250/100000 best=0.672386s eval=52211 elapsed=1823.9s
ham-rs perm_thr 82500/100000 best=0.672386s eval=52211 elapsed=1829.7s
ham-rs perm_thr 82750/100000 best=0.672386s eval=52211 elapsed=1835.3s
ham-rs perm_thr 83000/100000 best=0.672386s eval=52211 elapsed=1840.5s
ham-rs perm_thr 83250/100000 best=0.672386s eval=52211 elapsed=1846.1s
ham-rs perm_thr 83500/100000 best=0.672386s eval=52211 elapsed=1852.0s
ham-rs perm_thr 83750/100000 best=0.672386s eval=52211 elapsed=1857.6s
ham-rs perm_thr 84000/100000 best=0.672386s eval=52211 elapsed=1863.0s
ham-rs perm_thr 84250/100000 best=0.672386s eval=52211 elapsed=1868.4s
ham-rs perm_thr 84500/100000 best=0.672386s eval=52211 elapsed=1873.9s
ham-rs perm_thr 84750/100000 best=0.672386s eval=52211 elapsed=1879.5s
ham-rs perm_thr 85000/100000 best=0.672386s eval=52211 elapsed=1884.8s
ham-rs perm_thr 85250/100000 best=0.672386s eval=52211 elapsed=1890.5s
ham-rs perm_thr 85500/100000 best=0.672386s eval=52211 elapsed=1896.1s
ham-rs perm_thr 85750/100000 best=0.672386s eval=52211 elapsed=1901.6s
ham-rs perm_thr 86000/100000 best=0.672386s eval=52211 elapsed=1907.1s
ham-rs perm_thr 86250/100000 best=0.672386s eval=52211 elapsed=1912.8s
ham-rs perm_thr 86500/100000 best=0.672386s eval=52211 elapsed=1918.0s
ham-rs perm_thr 86750/100000 best=0.672386s eval=52211 elapsed=1923.5s
ham-rs perm_thr 87000/100000 best=0.672386s eval=52211 elapsed=1928.9s
ham-rs perm_thr 87250/100000 best=0.672386s eval=52211 elapsed=1934.5s
ham-rs perm_thr 87500/100000 best=0.672386s eval=52211 elapsed=1940.0s
ham-rs perm_thr 87750/100000 best=0.672386s eval=52211 elapsed=1945.6s
ham-rs perm_thr 88000/100000 best=0.672386s eval=52211 elapsed=1951.3s
ham-rs perm_thr 88250/100000 best=0.672386s eval=52211 elapsed=1956.5s
ham-rs perm_thr 88500/100000 best=0.672386s eval=52211 elapsed=1961.9s
ham-rs perm_thr 88750/100000 best=0.672386s eval=52211 elapsed=1967.3s
ham-rs perm_thr 89000/100000 best=0.672386s eval=52211 elapsed=1972.8s
ham-rs perm_thr 89250/100000 best=0.672386s eval=52211 elapsed=1978.2s
ham-rs perm_thr 89500/100000 best=0.672386s eval=52211 elapsed=1983.9s
ham-rs perm_thr 89750/100000 best=0.672386s eval=52211 elapsed=1989.4s
ham-rs perm_thr 90000/100000 best=0.672386s eval=52211 elapsed=1994.7s
ham-rs perm_thr 90250/100000 best=0.672386s eval=52211 elapsed=2000.1s
ham-rs perm_thr 90500/100000 best=0.672386s eval=52211 elapsed=2005.5s
ham-rs perm_thr 90750/100000 best=0.672386s eval=52211 elapsed=2011.0s
ham-rs perm_thr 91000/100000 best=0.672386s eval=52211 elapsed=2016.5s
ham-rs perm_thr 91250/100000 best=0.672386s eval=52211 elapsed=2022.1s
ham-rs perm_thr 91500/100000 best=0.672386s eval=52211 elapsed=2027.6s
ham-rs perm_thr 91750/100000 best=0.672386s eval=52211 elapsed=2033.1s
ham-rs perm_thr 92000/100000 best=0.672386s eval=52211 elapsed=2038.5s
ham-rs perm_thr 92250/100000 best=0.672386s eval=52211 elapsed=2044.1s
ham-rs perm_thr 92500/100000 best=0.672386s eval=52211 elapsed=2049.9s
ham-rs perm_thr 92750/100000 best=0.672386s eval=52211 elapsed=2055.6s
ham-rs perm_thr 93000/100000 best=0.672386s eval=52211 elapsed=2060.9s
ham-rs perm_thr 93250/100000 best=0.672386s eval=52211 elapsed=2066.4s
ham-rs perm_thr 93500/100000 best=0.672386s eval=52211 elapsed=2071.8s
ham-rs perm_thr 93750/100000 best=0.672386s eval=52211 elapsed=2077.2s
ham-rs perm_thr 94000/100000 best=0.672386s eval=52211 elapsed=2082.8s
ham-rs perm_thr 94250/100000 best=0.672386s eval=52211 elapsed=2088.2s
ham-rs perm_thr 94500/100000 best=0.672386s eval=52211 elapsed=2093.8s
ham-rs perm_thr 94750/100000 best=0.672386s eval=52211 elapsed=2098.8s
ham-rs perm_thr 95000/100000 best=0.672386s eval=52211 elapsed=2104.4s
ham-rs perm_thr 95250/100000 best=0.672386s eval=52211 elapsed=2109.8s
ham-rs perm_thr 95500/100000 best=0.672386s eval=52211 elapsed=2115.4s
ham-rs perm_thr 95750/100000 best=0.672386s eval=52211 elapsed=2120.9s
ham-rs perm_thr 96000/100000 best=0.672386s eval=52211 elapsed=2126.2s
ham-rs perm_thr 96250/100000 best=0.672386s eval=52211 elapsed=2132.1s
ham-rs perm_thr 96500/100000 best=0.672386s eval=52211 elapsed=2137.4s
ham-rs perm_thr 96750/100000 best=0.672386s eval=52211 elapsed=2143.1s
ham-rs perm_thr 97000/100000 best=0.672386s eval=52211 elapsed=2148.9s
ham-rs perm_thr 97250/100000 best=0.672386s eval=52211 elapsed=2154.3s
ham-rs perm_thr 97500/100000 best=0.672386s eval=52211 elapsed=2159.8s
ham-rs perm_thr 97750/100000 best=0.672386s eval=52211 elapsed=2165.4s
ham-rs perm_thr 98000/100000 best=0.672386s eval=52211 elapsed=2170.9s
ham-rs perm_thr 98250/100000 best=0.672386s eval=52211 elapsed=2176.4s
ham-rs perm_thr 98500/100000 best=0.672386s eval=52211 elapsed=2181.8s
ham-rs perm_thr 98750/100000 best=0.672386s eval=52211 elapsed=2187.2s
ham-rs perm_thr 99000/100000 best=0.672386s eval=52211 elapsed=2192.5s
ham-rs perm_thr 99250/100000 best=0.672386s eval=52211 elapsed=2198.5s
ham-rs perm_thr 99500/100000 best=0.672386s eval=52211 elapsed=2203.9s
ham-rs perm_thr 99750/100000 best=0.672386s eval=52211 elapsed=2209.8s
ham-rs perm_thr 100000/100000 best=0.672386s eval=52211 elapsed=2215.4s
ham-rs perm_thr clean rank=1 eval=52211: 0.027625s / 0.027742s
ham-rs perm_thr clean rank=2 eval=21470: 0.101393s / 0.126589s
ham-rs perm_thr clean rank=3 eval=11740: 0.032149s / 0.048518s
ham-rs perm_thr clean rank=4 eval=19552: 0.029990s / 0.030173s
ham-rs perm_thr clean rank=5 eval=80219: 0.016352s / 0.023086s
ham-rs perm_thr clean rank=6 eval=78010: 0.057936s / 0.066379s
ham-rs perm_thr clean rank=7 eval=24055: 0.027007s / 0.010634s
ham-rs perm_thr clean rank=8 eval=15586: 0.030579s / 0.030369s
ham-rs perm_thr clean rank=9 eval=66441: 0.092619s / 0.137067s
ham-rs perm_thr clean rank=10 eval=67918: 0.009669s / 0.009030s
ham-rs perm_thr clean rank=11 eval=16789: 0.026720s / 0.027302s
ham-rs perm_thr clean rank=12 eval=93924: 0.029011s / 0.028898s
ham-rs perm_thr clean rank=13 eval=18678: 0.030677s / 0.099668s
ham-rs perm_thr clean rank=14 eval=45590: 0.029178s / 0.029622s
ham-rs perm_thr clean rank=15 eval=23512: 0.010459s / 0.010465s
ham-rs perm_thr clean rank=16 eval=83405: 0.211539s / 0.136008s
ham-rs perm_thr clean rank=17 eval=82376: 0.018501s / 0.018383s
ham-rs perm_thr clean rank=18 eval=96179: 0.122110s / 0.058151s
ham-rs perm_thr clean rank=19 eval=32564: 0.005351s / 0.004794s
ham-rs perm_thr clean rank=20 eval=51452: 0.121653s / 0.106434s
wrote current_machine_rebench/results/ham-random-four-core/ham-random-perm_thr.json
2026-07-19T14:19:13+00:00 DONE ham-random-perm_thr cpu=3
