2026-07-19T13:39:48+00:00 START ham-random-trivial cpu=1 attempt=1
ham-rs trivial 250/100000 best=0.033503s eval=15 elapsed=6.1s
ham-rs trivial 500/100000 best=0.033539s eval=286 elapsed=12.3s
ham-rs trivial 750/100000 best=0.033539s eval=286 elapsed=18.3s
ham-rs trivial 1000/100000 best=0.033951s eval=822 elapsed=24.5s
ham-rs trivial 1250/100000 best=0.039507s eval=1037 elapsed=30.6s
ham-rs trivial 1500/100000 best=0.063015s eval=1499 elapsed=36.8s
ham-rs trivial 1750/100000 best=0.063015s eval=1499 elapsed=43.1s
ham-rs trivial 2000/100000 best=0.097538s eval=1904 elapsed=49.4s
ham-rs trivial 2250/100000 best=0.097538s eval=1904 elapsed=55.6s
ham-rs trivial 2500/100000 best=0.097538s eval=1904 elapsed=61.8s
ham-rs trivial 2750/100000 best=0.097538s eval=1904 elapsed=68.1s
ham-rs trivial 3000/100000 best=0.097538s eval=1904 elapsed=74.4s
ham-rs trivial 3250/100000 best=0.097538s eval=1904 elapsed=80.6s
ham-rs trivial 3500/100000 best=0.097538s eval=1904 elapsed=86.8s
ham-rs trivial 3750/100000 best=0.097538s eval=1904 elapsed=92.9s
ham-rs trivial 4000/100000 best=0.097538s eval=1904 elapsed=99.1s
ham-rs trivial 4250/100000 best=0.334842s eval=4111 elapsed=105.6s
ham-rs trivial 4500/100000 best=0.334842s eval=4111 elapsed=111.9s
ham-rs trivial 4750/100000 best=0.334842s eval=4111 elapsed=118.0s
ham-rs trivial 5000/100000 best=0.334842s eval=4111 elapsed=124.1s
ham-rs trivial 5250/100000 best=0.334842s eval=4111 elapsed=130.3s
ham-rs trivial 5500/100000 best=0.334842s eval=4111 elapsed=136.6s
ham-rs trivial 5750/100000 best=0.334842s eval=4111 elapsed=142.8s
ham-rs trivial 6000/100000 best=0.334842s eval=4111 elapsed=149.0s
ham-rs trivial 6250/100000 best=0.334842s eval=4111 elapsed=155.2s
ham-rs trivial 6500/100000 best=0.334842s eval=4111 elapsed=161.4s
ham-rs trivial 6750/100000 best=0.334842s eval=4111 elapsed=167.6s
ham-rs trivial 7000/100000 best=0.334842s eval=4111 elapsed=173.9s
ham-rs trivial 7250/100000 best=0.334842s eval=4111 elapsed=180.0s
ham-rs trivial 7500/100000 best=0.334842s eval=4111 elapsed=186.4s
ham-rs trivial 7750/100000 best=0.334842s eval=4111 elapsed=192.6s
ham-rs trivial 8000/100000 best=0.334842s eval=4111 elapsed=198.8s
ham-rs trivial 8250/100000 best=0.334842s eval=4111 elapsed=205.1s
ham-rs trivial 8500/100000 best=0.334842s eval=4111 elapsed=211.2s
ham-rs trivial 8750/100000 best=0.334842s eval=4111 elapsed=217.5s
ham-rs trivial 9000/100000 best=0.334842s eval=4111 elapsed=223.7s
ham-rs trivial 9250/100000 best=0.334842s eval=4111 elapsed=229.9s
ham-rs trivial 9500/100000 best=0.334842s eval=4111 elapsed=236.1s
ham-rs trivial 9750/100000 best=0.334842s eval=4111 elapsed=242.3s
ham-rs trivial 10000/100000 best=0.334842s eval=4111 elapsed=248.5s
ham-rs trivial 10250/100000 best=0.334842s eval=4111 elapsed=254.7s
ham-rs trivial 10500/100000 best=0.334842s eval=4111 elapsed=260.9s
ham-rs trivial 10750/100000 best=0.334842s eval=4111 elapsed=267.2s
ham-rs trivial 11000/100000 best=0.334842s eval=4111 elapsed=273.3s
ham-rs trivial 11250/100000 best=0.334842s eval=4111 elapsed=279.5s
ham-rs trivial 11500/100000 best=0.334842s eval=4111 elapsed=285.7s
ham-rs trivial 11750/100000 best=0.334842s eval=4111 elapsed=291.9s
ham-rs trivial 12000/100000 best=0.334842s eval=4111 elapsed=298.1s
ham-rs trivial 12250/100000 best=0.334842s eval=4111 elapsed=304.4s
ham-rs trivial 12500/100000 best=0.380163s eval=12315 elapsed=310.9s
ham-rs trivial 12750/100000 best=0.380163s eval=12315 elapsed=317.1s
ham-rs trivial 13000/100000 best=0.380163s eval=12315 elapsed=323.4s
ham-rs trivial 13250/100000 best=0.380163s eval=12315 elapsed=329.8s
ham-rs trivial 13500/100000 best=0.380163s eval=12315 elapsed=336.0s
ham-rs trivial 13750/100000 best=0.380163s eval=12315 elapsed=342.1s
ham-rs trivial 14000/100000 best=0.380163s eval=12315 elapsed=348.2s
ham-rs trivial 14250/100000 best=0.380163s eval=12315 elapsed=354.5s
ham-rs trivial 14500/100000 best=0.380163s eval=12315 elapsed=360.7s
ham-rs trivial 14750/100000 best=0.380163s eval=12315 elapsed=366.9s
ham-rs trivial 15000/100000 best=0.380163s eval=12315 elapsed=373.1s
ham-rs trivial 15250/100000 best=0.380163s eval=12315 elapsed=379.3s
ham-rs trivial 15500/100000 best=0.380163s eval=12315 elapsed=385.5s
ham-rs trivial 15750/100000 best=0.380163s eval=12315 elapsed=391.7s
ham-rs trivial 16000/100000 best=0.380163s eval=12315 elapsed=397.9s
ham-rs trivial 16250/100000 best=0.380163s eval=12315 elapsed=404.1s
ham-rs trivial 16500/100000 best=0.380163s eval=12315 elapsed=410.3s
ham-rs trivial 16750/100000 best=0.380163s eval=12315 elapsed=416.5s
ham-rs trivial 17000/100000 best=0.380163s eval=12315 elapsed=422.8s
ham-rs trivial 17250/100000 best=0.380163s eval=12315 elapsed=428.9s
ham-rs trivial 17500/100000 best=0.380163s eval=12315 elapsed=435.1s
ham-rs trivial 17750/100000 best=0.380163s eval=12315 elapsed=441.3s
ham-rs trivial 18000/100000 best=0.380163s eval=12315 elapsed=447.5s
ham-rs trivial 18250/100000 best=0.380163s eval=12315 elapsed=453.7s
ham-rs trivial 18500/100000 best=0.380163s eval=12315 elapsed=459.9s
ham-rs trivial 18750/100000 best=0.380163s eval=12315 elapsed=466.1s
ham-rs trivial 19000/100000 best=0.380163s eval=12315 elapsed=472.4s
ham-rs trivial 19250/100000 best=0.380163s eval=12315 elapsed=478.7s
ham-rs trivial 19500/100000 best=0.380163s eval=12315 elapsed=484.9s
ham-rs trivial 19750/100000 best=0.380163s eval=12315 elapsed=491.1s
ham-rs trivial 20000/100000 best=0.380163s eval=12315 elapsed=497.4s
ham-rs trivial 20250/100000 best=0.380163s eval=12315 elapsed=503.7s
ham-rs trivial 20500/100000 best=0.380163s eval=12315 elapsed=510.0s
ham-rs trivial 20750/100000 best=0.380163s eval=12315 elapsed=516.1s
ham-rs trivial 21000/100000 best=0.380163s eval=12315 elapsed=522.4s
ham-rs trivial 21250/100000 best=0.380163s eval=12315 elapsed=528.5s
ham-rs trivial 21500/100000 best=0.380163s eval=12315 elapsed=534.7s
ham-rs trivial 21750/100000 best=0.380163s eval=12315 elapsed=540.9s
ham-rs trivial 22000/100000 best=0.380163s eval=12315 elapsed=547.1s
ham-rs trivial 22250/100000 best=0.380163s eval=12315 elapsed=553.3s
ham-rs trivial 22500/100000 best=0.380163s eval=12315 elapsed=559.5s
ham-rs trivial 22750/100000 best=0.380163s eval=12315 elapsed=566.0s
ham-rs trivial 23000/100000 best=0.380163s eval=12315 elapsed=572.2s
ham-rs trivial 23250/100000 best=0.380163s eval=12315 elapsed=578.4s
ham-rs trivial 23500/100000 best=0.380163s eval=12315 elapsed=584.7s
ham-rs trivial 23750/100000 best=0.380163s eval=12315 elapsed=590.8s
ham-rs trivial 24000/100000 best=0.380163s eval=12315 elapsed=597.1s
ham-rs trivial 24250/100000 best=0.380163s eval=12315 elapsed=603.2s
ham-rs trivial 24500/100000 best=0.380163s eval=12315 elapsed=609.4s
ham-rs trivial 24750/100000 best=0.380163s eval=12315 elapsed=615.7s
ham-rs trivial 25000/100000 best=0.380163s eval=12315 elapsed=622.0s
ham-rs trivial 25250/100000 best=0.380163s eval=12315 elapsed=628.4s
ham-rs trivial 25500/100000 best=0.380163s eval=12315 elapsed=634.6s
ham-rs trivial 25750/100000 best=0.380163s eval=12315 elapsed=640.9s
ham-rs trivial 26000/100000 best=0.380163s eval=12315 elapsed=647.1s
ham-rs trivial 26250/100000 best=0.380163s eval=12315 elapsed=653.3s
ham-rs trivial 26500/100000 best=0.380163s eval=12315 elapsed=659.5s
ham-rs trivial 26750/100000 best=0.380163s eval=12315 elapsed=665.7s
ham-rs trivial 27000/100000 best=0.380163s eval=12315 elapsed=671.9s
ham-rs trivial 27250/100000 best=0.380163s eval=12315 elapsed=678.2s
ham-rs trivial 27500/100000 best=0.380163s eval=12315 elapsed=684.4s
ham-rs trivial 27750/100000 best=0.380163s eval=12315 elapsed=690.6s
ham-rs trivial 28000/100000 best=0.380163s eval=12315 elapsed=696.8s
ham-rs trivial 28250/100000 best=0.380163s eval=12315 elapsed=703.0s
ham-rs trivial 28500/100000 best=0.380163s eval=12315 elapsed=709.2s
ham-rs trivial 28750/100000 best=0.380163s eval=12315 elapsed=715.4s
ham-rs trivial 29000/100000 best=0.380163s eval=12315 elapsed=721.5s
ham-rs trivial 29250/100000 best=0.380163s eval=12315 elapsed=727.6s
ham-rs trivial 29500/100000 best=0.380163s eval=12315 elapsed=733.8s
ham-rs trivial 29750/100000 best=0.380163s eval=12315 elapsed=740.1s
ham-rs trivial 30000/100000 best=0.380163s eval=12315 elapsed=746.3s
ham-rs trivial 30250/100000 best=0.380163s eval=12315 elapsed=752.6s
ham-rs trivial 30500/100000 best=0.380163s eval=12315 elapsed=759.0s
ham-rs trivial 30750/100000 best=0.380163s eval=12315 elapsed=765.4s
ham-rs trivial 31000/100000 best=0.380163s eval=12315 elapsed=771.7s
ham-rs trivial 31250/100000 best=0.380163s eval=12315 elapsed=778.0s
ham-rs trivial 31500/100000 best=0.380163s eval=12315 elapsed=784.4s
ham-rs trivial 31750/100000 best=0.380163s eval=12315 elapsed=790.8s
ham-rs trivial 32000/100000 best=0.380163s eval=12315 elapsed=797.0s
ham-rs trivial 32250/100000 best=0.380163s eval=12315 elapsed=803.3s
ham-rs trivial 32500/100000 best=0.380163s eval=12315 elapsed=809.6s
ham-rs trivial 32750/100000 best=0.380163s eval=12315 elapsed=816.0s
ham-rs trivial 33000/100000 best=0.380163s eval=12315 elapsed=822.3s
ham-rs trivial 33250/100000 best=0.380163s eval=12315 elapsed=828.6s
ham-rs trivial 33500/100000 best=0.380163s eval=12315 elapsed=834.9s
ham-rs trivial 33750/100000 best=0.380163s eval=12315 elapsed=841.2s
ham-rs trivial 34000/100000 best=0.380163s eval=12315 elapsed=847.5s
ham-rs trivial 34250/100000 best=0.380163s eval=12315 elapsed=853.8s
ham-rs trivial 34500/100000 best=0.380163s eval=12315 elapsed=860.1s
ham-rs trivial 34750/100000 best=0.380163s eval=12315 elapsed=866.4s
ham-rs trivial 35000/100000 best=0.380163s eval=12315 elapsed=872.6s
ham-rs trivial 35250/100000 best=0.380163s eval=12315 elapsed=878.9s
ham-rs trivial 35500/100000 best=0.380163s eval=12315 elapsed=885.1s
ham-rs trivial 35750/100000 best=0.380163s eval=12315 elapsed=891.5s
ham-rs trivial 36000/100000 best=0.380163s eval=12315 elapsed=897.7s
ham-rs trivial 36250/100000 best=0.380163s eval=12315 elapsed=904.0s
ham-rs trivial 36500/100000 best=0.380163s eval=12315 elapsed=910.2s
ham-rs trivial 36750/100000 best=0.380163s eval=12315 elapsed=916.6s
ham-rs trivial 37000/100000 best=0.380163s eval=12315 elapsed=922.9s
ham-rs trivial 37250/100000 best=0.380163s eval=12315 elapsed=929.3s
ham-rs trivial 37500/100000 best=0.380163s eval=12315 elapsed=935.6s
ham-rs trivial 37750/100000 best=0.380163s eval=12315 elapsed=941.8s
ham-rs trivial 38000/100000 best=0.380163s eval=12315 elapsed=948.1s
ham-rs trivial 38250/100000 best=0.380163s eval=12315 elapsed=954.6s
ham-rs trivial 38500/100000 best=0.380163s eval=12315 elapsed=960.9s
ham-rs trivial 38750/100000 best=0.380163s eval=12315 elapsed=967.3s
ham-rs trivial 39000/100000 best=0.380163s eval=12315 elapsed=973.7s
ham-rs trivial 39250/100000 best=0.380163s eval=12315 elapsed=980.0s
ham-rs trivial 39500/100000 best=0.380163s eval=12315 elapsed=986.3s
ham-rs trivial 39750/100000 best=0.380163s eval=12315 elapsed=992.6s
ham-rs trivial 40000/100000 best=0.380163s eval=12315 elapsed=999.0s
ham-rs trivial 40250/100000 best=0.380163s eval=12315 elapsed=1005.3s
ham-rs trivial 40500/100000 best=0.380163s eval=12315 elapsed=1011.6s
ham-rs trivial 40750/100000 best=0.380163s eval=12315 elapsed=1017.8s
ham-rs trivial 41000/100000 best=0.380163s eval=12315 elapsed=1024.0s
ham-rs trivial 41250/100000 best=0.380163s eval=12315 elapsed=1030.4s
ham-rs trivial 41500/100000 best=0.380163s eval=12315 elapsed=1037.0s
ham-rs trivial 41750/100000 best=0.380163s eval=12315 elapsed=1043.2s
ham-rs trivial 42000/100000 best=0.380163s eval=12315 elapsed=1049.5s
ham-rs trivial 42250/100000 best=0.380163s eval=12315 elapsed=1055.7s
ham-rs trivial 42500/100000 best=0.380163s eval=12315 elapsed=1061.9s
ham-rs trivial 42750/100000 best=0.380163s eval=12315 elapsed=1068.4s
ham-rs trivial 43000/100000 best=0.380163s eval=12315 elapsed=1074.6s
ham-rs trivial 43250/100000 best=0.380163s eval=12315 elapsed=1081.0s
ham-rs trivial 43500/100000 best=0.380163s eval=12315 elapsed=1087.3s
ham-rs trivial 43750/100000 best=0.380163s eval=12315 elapsed=1093.6s
ham-rs trivial 44000/100000 best=0.380163s eval=12315 elapsed=1099.8s
ham-rs trivial 44250/100000 best=0.380163s eval=12315 elapsed=1106.3s
ham-rs trivial 44500/100000 best=0.380163s eval=12315 elapsed=1112.6s
ham-rs trivial 44750/100000 best=0.380163s eval=12315 elapsed=1119.0s
ham-rs trivial 45000/100000 best=0.380163s eval=12315 elapsed=1125.2s
ham-rs trivial 45250/100000 best=0.380163s eval=12315 elapsed=1131.4s
ham-rs trivial 45500/100000 best=0.380163s eval=12315 elapsed=1137.7s
ham-rs trivial 45750/100000 best=0.380163s eval=12315 elapsed=1143.9s
ham-rs trivial 46000/100000 best=0.380163s eval=12315 elapsed=1150.3s
ham-rs trivial 46250/100000 best=0.380163s eval=12315 elapsed=1156.6s
ham-rs trivial 46500/100000 best=0.380163s eval=12315 elapsed=1163.0s
ham-rs trivial 46750/100000 best=0.380163s eval=12315 elapsed=1169.2s
ham-rs trivial 47000/100000 best=0.380163s eval=12315 elapsed=1175.4s
ham-rs trivial 47250/100000 best=0.380163s eval=12315 elapsed=1181.7s
ham-rs trivial 47500/100000 best=0.380163s eval=12315 elapsed=1188.0s
ham-rs trivial 47750/100000 best=0.380163s eval=12315 elapsed=1194.3s
ham-rs trivial 48000/100000 best=0.380163s eval=12315 elapsed=1201.5s
ham-rs trivial 48250/100000 best=0.380163s eval=12315 elapsed=1210.2s
ham-rs trivial 48500/100000 best=0.380163s eval=12315 elapsed=1218.8s
ham-rs trivial 48750/100000 best=0.380163s eval=12315 elapsed=1227.9s
ham-rs trivial 49000/100000 best=0.380163s eval=12315 elapsed=1236.8s
ham-rs trivial 49250/100000 best=0.380163s eval=12315 elapsed=1245.4s
ham-rs trivial 49500/100000 best=0.380163s eval=12315 elapsed=1254.3s
ham-rs trivial 49750/100000 best=0.380163s eval=12315 elapsed=1262.9s
ham-rs trivial 50000/100000 best=0.380163s eval=12315 elapsed=1271.2s
ham-rs trivial 50250/100000 best=0.380163s eval=12315 elapsed=1278.1s
ham-rs trivial 50500/100000 best=0.380163s eval=12315 elapsed=1284.6s
ham-rs trivial 50750/100000 best=0.380163s eval=12315 elapsed=1291.0s
ham-rs trivial 51000/100000 best=0.380163s eval=12315 elapsed=1298.0s
ham-rs trivial 51250/100000 best=0.380163s eval=12315 elapsed=1304.5s
ham-rs trivial 51500/100000 best=0.380163s eval=12315 elapsed=1311.3s
ham-rs trivial 51750/100000 best=0.380163s eval=12315 elapsed=1317.7s
ham-rs trivial 52000/100000 best=0.380163s eval=12315 elapsed=1324.1s
ham-rs trivial 52250/100000 best=0.380163s eval=12315 elapsed=1330.7s
ham-rs trivial 52500/100000 best=0.380163s eval=12315 elapsed=1337.0s
ham-rs trivial 52750/100000 best=0.380163s eval=12315 elapsed=1343.6s
ham-rs trivial 53000/100000 best=0.380163s eval=12315 elapsed=1350.0s
ham-rs trivial 53250/100000 best=0.380163s eval=12315 elapsed=1356.3s
ham-rs trivial 53500/100000 best=0.380163s eval=12315 elapsed=1362.7s
ham-rs trivial 53750/100000 best=0.380163s eval=12315 elapsed=1369.0s
ham-rs trivial 54000/100000 best=0.380163s eval=12315 elapsed=1375.3s
ham-rs trivial 54250/100000 best=0.380163s eval=12315 elapsed=1381.6s
ham-rs trivial 54500/100000 best=0.380163s eval=12315 elapsed=1387.9s
ham-rs trivial 54750/100000 best=0.380163s eval=12315 elapsed=1394.4s
ham-rs trivial 55000/100000 best=0.380163s eval=12315 elapsed=1400.8s
ham-rs trivial 55250/100000 best=0.380163s eval=12315 elapsed=1407.1s
ham-rs trivial 55500/100000 best=0.380163s eval=12315 elapsed=1413.3s
ham-rs trivial 55750/100000 best=0.380163s eval=12315 elapsed=1419.5s
ham-rs trivial 56000/100000 best=0.380163s eval=12315 elapsed=1425.7s
ham-rs trivial 56250/100000 best=0.380163s eval=12315 elapsed=1432.0s
ham-rs trivial 56500/100000 best=0.380163s eval=12315 elapsed=1438.2s
ham-rs trivial 56750/100000 best=0.380163s eval=12315 elapsed=1444.5s
ham-rs trivial 57000/100000 best=0.380163s eval=12315 elapsed=1450.8s
ham-rs trivial 57250/100000 best=0.380163s eval=12315 elapsed=1457.1s
ham-rs trivial 57500/100000 best=0.380163s eval=12315 elapsed=1463.3s
ham-rs trivial 57750/100000 best=0.380163s eval=12315 elapsed=1469.8s
ham-rs trivial 58000/100000 best=0.380163s eval=12315 elapsed=1476.1s
ham-rs trivial 58250/100000 best=0.380163s eval=12315 elapsed=1482.4s
ham-rs trivial 58500/100000 best=0.380163s eval=12315 elapsed=1488.7s
ham-rs trivial 58750/100000 best=0.380163s eval=12315 elapsed=1495.1s
ham-rs trivial 59000/100000 best=0.380163s eval=12315 elapsed=1501.4s
ham-rs trivial 59250/100000 best=0.380163s eval=12315 elapsed=1507.7s
ham-rs trivial 59500/100000 best=0.380163s eval=12315 elapsed=1514.1s
ham-rs trivial 59750/100000 best=0.380163s eval=12315 elapsed=1520.4s
ham-rs trivial 60000/100000 best=0.380163s eval=12315 elapsed=1526.9s
ham-rs trivial 60250/100000 best=0.380163s eval=12315 elapsed=1533.2s
ham-rs trivial 60500/100000 best=0.380163s eval=12315 elapsed=1539.5s
ham-rs trivial 60750/100000 best=0.380163s eval=12315 elapsed=1545.9s
ham-rs trivial 61000/100000 best=0.380163s eval=12315 elapsed=1552.2s
ham-rs trivial 61250/100000 best=0.380163s eval=12315 elapsed=1558.5s
ham-rs trivial 61500/100000 best=0.380163s eval=12315 elapsed=1564.8s
ham-rs trivial 61750/100000 best=0.380163s eval=12315 elapsed=1571.1s
ham-rs trivial 62000/100000 best=0.380163s eval=12315 elapsed=1577.4s
ham-rs trivial 62250/100000 best=0.380163s eval=12315 elapsed=1583.8s
ham-rs trivial 62500/100000 best=0.380163s eval=12315 elapsed=1590.2s
ham-rs trivial 62750/100000 best=0.380163s eval=12315 elapsed=1596.5s
ham-rs trivial 63000/100000 best=0.380163s eval=12315 elapsed=1602.8s
ham-rs trivial 63250/100000 best=0.380163s eval=12315 elapsed=1609.1s
ham-rs trivial 63500/100000 best=0.380163s eval=12315 elapsed=1615.4s
ham-rs trivial 63750/100000 best=0.380163s eval=12315 elapsed=1621.7s
ham-rs trivial 64000/100000 best=0.635478s eval=63866 elapsed=1628.6s
ham-rs trivial 64250/100000 best=0.635478s eval=63866 elapsed=1635.0s
ham-rs trivial 64500/100000 best=0.635478s eval=63866 elapsed=1641.4s
ham-rs trivial 64750/100000 best=0.635478s eval=63866 elapsed=1647.7s
ham-rs trivial 65000/100000 best=0.635478s eval=63866 elapsed=1654.0s
ham-rs trivial 65250/100000 best=0.635478s eval=63866 elapsed=1660.2s
ham-rs trivial 65500/100000 best=0.635478s eval=63866 elapsed=1666.6s
ham-rs trivial 65750/100000 best=0.635478s eval=63866 elapsed=1672.9s
ham-rs trivial 66000/100000 best=0.635478s eval=63866 elapsed=1679.1s
ham-rs trivial 66250/100000 best=0.635478s eval=63866 elapsed=1685.3s
ham-rs trivial 66500/100000 best=0.635478s eval=63866 elapsed=1691.7s
ham-rs trivial 66750/100000 best=0.635478s eval=63866 elapsed=1698.0s
ham-rs trivial 67000/100000 best=0.635478s eval=63866 elapsed=1704.3s
ham-rs trivial 67250/100000 best=0.635478s eval=63866 elapsed=1710.5s
ham-rs trivial 67500/100000 best=0.635478s eval=63866 elapsed=1716.7s
ham-rs trivial 67750/100000 best=0.635478s eval=63866 elapsed=1722.9s
ham-rs trivial 68000/100000 best=0.635478s eval=63866 elapsed=1729.2s
ham-rs trivial 68250/100000 best=0.635478s eval=63866 elapsed=1735.4s
ham-rs trivial 68500/100000 best=0.635478s eval=63866 elapsed=1741.6s
ham-rs trivial 68750/100000 best=0.635478s eval=63866 elapsed=1747.9s
ham-rs trivial 69000/100000 best=0.635478s eval=63866 elapsed=1754.1s
ham-rs trivial 69250/100000 best=0.635478s eval=63866 elapsed=1760.3s
ham-rs trivial 69500/100000 best=0.635478s eval=63866 elapsed=1766.4s
ham-rs trivial 69750/100000 best=0.635478s eval=63866 elapsed=1772.7s
ham-rs trivial 70000/100000 best=0.635478s eval=63866 elapsed=1779.0s
ham-rs trivial 70250/100000 best=0.635478s eval=63866 elapsed=1785.3s
ham-rs trivial 70500/100000 best=0.635478s eval=63866 elapsed=1791.7s
ham-rs trivial 70750/100000 best=0.635478s eval=63866 elapsed=1798.0s
ham-rs trivial 71000/100000 best=0.635478s eval=63866 elapsed=1804.3s
ham-rs trivial 71250/100000 best=0.635478s eval=63866 elapsed=1810.6s
ham-rs trivial 71500/100000 best=0.635478s eval=63866 elapsed=1816.8s
ham-rs trivial 71750/100000 best=0.635478s eval=63866 elapsed=1823.1s
ham-rs trivial 72000/100000 best=0.635478s eval=63866 elapsed=1829.5s
ham-rs trivial 72250/100000 best=0.635478s eval=63866 elapsed=1835.8s
ham-rs trivial 72500/100000 best=0.635478s eval=63866 elapsed=1842.1s
ham-rs trivial 72750/100000 best=0.635478s eval=63866 elapsed=1848.4s
ham-rs trivial 73000/100000 best=0.635478s eval=63866 elapsed=1854.7s
ham-rs trivial 73250/100000 best=0.635478s eval=63866 elapsed=1860.9s
ham-rs trivial 73500/100000 best=0.635478s eval=63866 elapsed=1867.1s
ham-rs trivial 73750/100000 best=0.635478s eval=63866 elapsed=1873.4s
ham-rs trivial 74000/100000 best=0.635478s eval=63866 elapsed=1879.6s
ham-rs trivial 74250/100000 best=0.635478s eval=63866 elapsed=1885.8s
ham-rs trivial 74500/100000 best=0.635478s eval=63866 elapsed=1892.1s
ham-rs trivial 74750/100000 best=0.635478s eval=63866 elapsed=1898.4s
ham-rs trivial 75000/100000 best=0.635478s eval=63866 elapsed=1904.7s
ham-rs trivial 75250/100000 best=0.635478s eval=63866 elapsed=1911.4s
ham-rs trivial 75500/100000 best=0.635478s eval=63866 elapsed=1917.7s
ham-rs trivial 75750/100000 best=0.635478s eval=63866 elapsed=1923.9s
ham-rs trivial 76000/100000 best=0.635478s eval=63866 elapsed=1930.2s
ham-rs trivial 76250/100000 best=0.635478s eval=63866 elapsed=1936.5s
ham-rs trivial 76500/100000 best=0.635478s eval=63866 elapsed=1942.7s
ham-rs trivial 76750/100000 best=0.635478s eval=63866 elapsed=1949.1s
ham-rs trivial 77000/100000 best=0.635478s eval=63866 elapsed=1955.4s
ham-rs trivial 77250/100000 best=0.635478s eval=63866 elapsed=1961.8s
ham-rs trivial 77500/100000 best=0.635478s eval=63866 elapsed=1968.2s
ham-rs trivial 77750/100000 best=0.635478s eval=63866 elapsed=1974.6s
ham-rs trivial 78000/100000 best=0.635478s eval=63866 elapsed=1980.9s
ham-rs trivial 78250/100000 best=0.635478s eval=63866 elapsed=1987.3s
ham-rs trivial 78500/100000 best=0.635478s eval=63866 elapsed=1993.5s
ham-rs trivial 78750/100000 best=0.635478s eval=63866 elapsed=1999.8s
ham-rs trivial 79000/100000 best=0.635478s eval=63866 elapsed=2006.2s
ham-rs trivial 79250/100000 best=0.635478s eval=63866 elapsed=2012.8s
ham-rs trivial 79500/100000 best=0.635478s eval=63866 elapsed=2019.2s
ham-rs trivial 79750/100000 best=0.635478s eval=63866 elapsed=2025.5s
ham-rs trivial 80000/100000 best=0.635478s eval=63866 elapsed=2032.0s
ham-rs trivial 80250/100000 best=0.635478s eval=63866 elapsed=2038.2s
ham-rs trivial 80500/100000 best=0.635478s eval=63866 elapsed=2044.6s
ham-rs trivial 80750/100000 best=0.635478s eval=63866 elapsed=2050.9s
ham-rs trivial 81000/100000 best=0.635478s eval=63866 elapsed=2057.3s
ham-rs trivial 81250/100000 best=0.635478s eval=63866 elapsed=2063.7s
ham-rs trivial 81500/100000 best=0.635478s eval=63866 elapsed=2070.0s
ham-rs trivial 81750/100000 best=0.635478s eval=63866 elapsed=2076.4s
ham-rs trivial 82000/100000 best=0.635478s eval=63866 elapsed=2082.8s
ham-rs trivial 82250/100000 best=0.635478s eval=63866 elapsed=2089.1s
ham-rs trivial 82500/100000 best=0.635478s eval=63866 elapsed=2095.6s
ham-rs trivial 82750/100000 best=0.635478s eval=63866 elapsed=2102.0s
ham-rs trivial 83000/100000 best=0.635478s eval=63866 elapsed=2108.4s
ham-rs trivial 83250/100000 best=0.635478s eval=63866 elapsed=2114.7s
ham-rs trivial 83500/100000 best=0.635478s eval=63866 elapsed=2121.0s
ham-rs trivial 83750/100000 best=0.635478s eval=63866 elapsed=2127.4s
ham-rs trivial 84000/100000 best=0.635478s eval=63866 elapsed=2134.2s
ham-rs trivial 84250/100000 best=0.635478s eval=63866 elapsed=2140.9s
ham-rs trivial 84500/100000 best=0.635478s eval=63866 elapsed=2147.4s
ham-rs trivial 84750/100000 best=0.635478s eval=63866 elapsed=2153.9s
ham-rs trivial 85000/100000 best=0.635478s eval=63866 elapsed=2160.2s
ham-rs trivial 85250/100000 best=0.635478s eval=63866 elapsed=2166.6s
ham-rs trivial 85500/100000 best=0.635478s eval=63866 elapsed=2172.8s
ham-rs trivial 85750/100000 best=0.635478s eval=63866 elapsed=2179.1s
ham-rs trivial 86000/100000 best=0.635478s eval=63866 elapsed=2185.4s
ham-rs trivial 86250/100000 best=0.635478s eval=63866 elapsed=2191.8s
ham-rs trivial 86500/100000 best=0.635478s eval=63866 elapsed=2198.5s
ham-rs trivial 86750/100000 best=0.635478s eval=63866 elapsed=2204.9s
ham-rs trivial 87000/100000 best=0.635478s eval=63866 elapsed=2212.1s
ham-rs trivial 87250/100000 best=0.635478s eval=63866 elapsed=2218.8s
ham-rs trivial 87500/100000 best=0.635478s eval=63866 elapsed=2225.3s
ham-rs trivial 87750/100000 best=0.635478s eval=63866 elapsed=2231.5s
ham-rs trivial 88000/100000 best=0.635478s eval=63866 elapsed=2238.1s
ham-rs trivial 88250/100000 best=0.635478s eval=63866 elapsed=2244.4s
ham-rs trivial 88500/100000 best=0.635478s eval=63866 elapsed=2250.7s
ham-rs trivial 88750/100000 best=0.635478s eval=63866 elapsed=2257.0s
ham-rs trivial 89000/100000 best=0.635478s eval=63866 elapsed=2263.3s
ham-rs trivial 89250/100000 best=0.635478s eval=63866 elapsed=2269.6s
ham-rs trivial 89500/100000 best=0.635478s eval=63866 elapsed=2276.0s
ham-rs trivial 89750/100000 best=0.635478s eval=63866 elapsed=2282.3s
ham-rs trivial 90000/100000 best=0.635478s eval=63866 elapsed=2288.6s
ham-rs trivial 90250/100000 best=0.635478s eval=63866 elapsed=2294.9s
ham-rs trivial 90500/100000 best=0.635478s eval=63866 elapsed=2301.2s
ham-rs trivial 90750/100000 best=0.635478s eval=63866 elapsed=2307.5s
ham-rs trivial 91000/100000 best=0.635478s eval=63866 elapsed=2314.5s
ham-rs trivial 91250/100000 best=0.635478s eval=63866 elapsed=2321.2s
ham-rs trivial 91500/100000 best=0.635478s eval=63866 elapsed=2327.6s
ham-rs trivial 91750/100000 best=0.635478s eval=63866 elapsed=2334.1s
ham-rs trivial 92000/100000 best=0.635478s eval=63866 elapsed=2340.5s
ham-rs trivial 92250/100000 best=0.635478s eval=63866 elapsed=2347.0s
ham-rs trivial 92500/100000 best=0.635478s eval=63866 elapsed=2353.5s
ham-rs trivial 92750/100000 best=0.635478s eval=63866 elapsed=2360.0s
ham-rs trivial 93000/100000 best=0.635478s eval=63866 elapsed=2366.5s
ham-rs trivial 93250/100000 best=0.635478s eval=63866 elapsed=2373.0s
ham-rs trivial 93500/100000 best=0.635478s eval=63866 elapsed=2379.4s
ham-rs trivial 93750/100000 best=0.635478s eval=63866 elapsed=2385.7s
ham-rs trivial 94000/100000 best=0.635478s eval=63866 elapsed=2392.0s
ham-rs trivial 94250/100000 best=0.635478s eval=63866 elapsed=2398.4s
ham-rs trivial 94500/100000 best=0.635478s eval=63866 elapsed=2404.8s
ham-rs trivial 94750/100000 best=0.635478s eval=63866 elapsed=2411.2s
ham-rs trivial 95000/100000 best=0.635478s eval=63866 elapsed=2417.5s
ham-rs trivial 95250/100000 best=0.635478s eval=63866 elapsed=2423.8s
ham-rs trivial 95500/100000 best=0.635478s eval=63866 elapsed=2430.2s
ham-rs trivial 95750/100000 best=0.635478s eval=63866 elapsed=2436.6s
ham-rs trivial 96000/100000 best=0.635478s eval=63866 elapsed=2443.0s
ham-rs trivial 96250/100000 best=0.635478s eval=63866 elapsed=2450.3s
ham-rs trivial 96500/100000 best=0.635478s eval=63866 elapsed=2457.1s
ham-rs trivial 96750/100000 best=0.635478s eval=63866 elapsed=2463.6s
ham-rs trivial 97000/100000 best=0.635478s eval=63866 elapsed=2470.3s
ham-rs trivial 97250/100000 best=0.635478s eval=63866 elapsed=2476.8s
ham-rs trivial 97500/100000 best=0.635478s eval=63866 elapsed=2485.0s
ham-rs trivial 97750/100000 best=0.635478s eval=63866 elapsed=2492.0s
ham-rs trivial 98000/100000 best=0.635478s eval=63866 elapsed=2498.4s
ham-rs trivial 98250/100000 best=0.635478s eval=63866 elapsed=2505.0s
ham-rs trivial 98500/100000 best=0.635478s eval=63866 elapsed=2511.4s
ham-rs trivial 98750/100000 best=0.635478s eval=63866 elapsed=2517.9s
ham-rs trivial 99000/100000 best=0.635478s eval=63866 elapsed=2524.4s
ham-rs trivial 99250/100000 best=0.635478s eval=63866 elapsed=2530.9s
ham-rs trivial 99500/100000 best=0.635478s eval=63866 elapsed=2537.7s
ham-rs trivial 99750/100000 best=0.635478s eval=63866 elapsed=2544.2s
ham-rs trivial 100000/100000 best=0.635478s eval=63866 elapsed=2550.7s
ham-rs trivial clean rank=1 eval=63866: 0.023889s / 0.024948s
ham-rs trivial clean rank=2 eval=99396: 0.025364s / 0.024785s
ham-rs trivial clean rank=3 eval=12315: 0.026524s / 0.026190s
ham-rs trivial clean rank=4 eval=4111: 0.021966s / 0.023541s
ham-rs trivial clean rank=5 eval=75034: 0.024564s / 0.024274s
ham-rs trivial clean rank=6 eval=41283: 0.025396s / 0.023718s
ham-rs trivial clean rank=7 eval=38088: 0.022828s / 0.023209s
ham-rs trivial clean rank=8 eval=38725: 0.024683s / 0.024377s
ham-rs trivial clean rank=9 eval=30458: 0.026074s / 0.026101s
ham-rs trivial clean rank=10 eval=22618: 0.024550s / 0.023921s
ham-rs trivial clean rank=11 eval=20810: 0.027147s / 0.026903s
ham-rs trivial clean rank=12 eval=54606: 0.024887s / 0.024601s
ham-rs trivial clean rank=13 eval=93086: 0.021543s / 0.020847s
ham-rs trivial clean rank=14 eval=5683: 0.026565s / 0.025107s
ham-rs trivial clean rank=15 eval=96142: 0.027887s / 0.024855s
ham-rs trivial clean rank=16 eval=38751: 0.024108s / 0.024857s
ham-rs trivial clean rank=17 eval=33992: 0.018651s / 0.017858s
ham-rs trivial clean rank=18 eval=96766: 0.023496s / 0.022158s
ham-rs trivial clean rank=19 eval=31024: 0.024998s / 0.024547s
ham-rs trivial clean rank=20 eval=58641: 0.024906s / 0.025369s
wrote current_machine_rebench/results/ham-random-four-core/ham-random-trivial.json
2026-07-19T14:23:22+00:00 DONE ham-random-trivial cpu=1
